02-01 16:13:46.444 29310 20529 I MiResource: invalid cookie from nativeGetResourceValue, cookie = -1, origValue = TypedValue{t=0x3/d=0x3d89 "Downloaded apps" a=17 r=0x7f152f3c}, value =TypedValue{t=0x3/d=0x3d89 "Downloaded apps" a=17 r=0x7f152f3c}
02-01 16:13:46.444 29310 20529 I MiResource: got NFE for resource ID #0x0(0) , isResourceCached = true
02-01 16:13:46.444 29310 20529 E ndroid.settings: Invalid resource ID 0x00000000.
02-01 16:13:46.444 20319 20319 D nativeloader: Configuring clns-10 for other apk /data/app/~~5FkyuMKbd5wrRttHSBGsMA==/com.myshop.cafe-9PS9PQ9tNUgzmgLNYzJzKg==/base.apk. target_sdk_version=34, uses_libraries=, library_path=/data/app/~~5FkyuMKbd5wrRttHSBGsMA==/com.myshop.cafe-9PS9PQ9tNUgzmgLNYzJzKg==/lib/arm64, permitted_path=/data:/mnt/expand:/data/user/0/com.myshop.cafe
02-01 16:13:46.444 29310 20529 I ndroid.settings: MiResources: find entry failed for resource 00000000
02-01 16:13:46.444 29310 20529 I asset   : MiResources: Not found for resource 00000000
02-01 16:13:46.444 29310 20529 I MiResource: invalid cookie from nativeGetResourceValue, cookie = -1, origValue = TypedValue{t=0x3/d=0x3d89 "Downloaded apps" a=17 r=0x7f152f3c}, value =TypedValue{t=0x3/d=0x3d89 "Downloaded apps" a=17 r=0x7f152f3c}
02-01 16:13:46.444 29310 20529 I MiResource: got NFE for resource ID #0x0(0) , isResourceCached = true
02-01 16:13:46.445 29310 20529 E ndroid.settings: Invalid resource ID 0x00000000.
02-01 16:13:46.445 29310 20529 I ndroid.settings: MiResources: find entry failed for resource 00000000
02-01 16:13:46.445 29310 20529 I asset   : MiResources: Not found for resource 00000000
02-01 16:13:46.445 29310 20529 I MiResource: invalid cookie from nativeGetResourceValue, cookie = -1, origValue = TypedValue{t=0x3/d=0x3d89 "Downloaded apps" a=17 r=0x7f152f3c}, value =TypedValue{t=0x3/d=0x3d89 "Downloaded apps" a=17 r=0x7f152f3c}
02-01 16:13:46.445 29310 20529 I MiResource: got NFE for resource ID #0x0(0) , isResourceCached = true
02-01 16:13:46.445 29310 20529 E ndroid.settings: Invalid resource ID 0x00000000.
02-01 16:13:46.445 29310 20529 I ndroid.settings: MiResources: find entry failed for resource 00000000
02-01 16:13:46.445 29310 20529 I asset   : MiResources: Not found for resource 00000000
02-01 16:13:46.446 29310 20529 I MiResource: invalid cookie from nativeGetResourceValue, cookie = -1, origValue = TypedValue{t=0x3/d=0x3d89 "Downloaded apps" a=17 r=0x7f152f3c}, value =TypedValue{t=0x3/d=0x3d89 "Downloaded apps" a=17 r=0x7f152f3c}
02-01 16:13:46.446 29310 20529 I MiResource: got NFE for resource ID #0x0(0) , isResourceCached = true
02-01 16:13:46.446 29310 20529 E ndroid.settings: Invalid resource ID 0x00000000.
02-01 16:13:46.446 29310 20529 I ndroid.settings: MiResources: find entry failed for resource 00000000
02-01 16:13:46.446 29310 20529 I asset   : MiResources: Not found for resource 00000000
02-01 16:13:46.446 29310 20529 I MiResource: invalid cookie from nativeGetResourceValue, cookie = -1, origValue = TypedValue{t=0x3/d=0x3d89 "Downloaded apps" a=17 r=0x7f152f3c}, value =TypedValue{t=0x3/d=0x3d89 "Downloaded apps" a=17 r=0x7f152f3c}
02-01 16:13:46.446 29310 20529 I MiResource: got NFE for resource ID #0x0(0) , isResourceCached = true
02-01 16:13:46.447 20319 20319 I com.myshop.cafe: AssetManager2(0xb4000071df851d38) locale list changing from [] to [en-US]
02-01 16:13:46.447 29310 20529 E ndroid.settings: Invalid resource ID 0x00000000.
02-01 16:13:46.447 29310 20529 I ndroid.settings: MiResources: find entry failed for resource 00000000
02-01 16:13:46.447 29310 20529 I asset   : MiResources: Not found for resource 00000000
02-01 16:13:46.447 29310 20529 I MiResource: invalid cookie from nativeGetResourceValue, cookie = -1, origValue = TypedValue{t=0x3/d=0x3d89 "Downloaded apps" a=17 r=0x7f152f3c}, value =TypedValue{t=0x3/d=0x3d89 "Downloaded apps" a=17 r=0x7f152f3c}
02-01 16:13:46.447 29310 20529 I MiResource: got NFE for resource ID #0x0(0) , isResourceCached = true
02-01 16:13:46.447 29310 20529 E ndroid.settings: Invalid resource ID 0x00000000.
02-01 16:13:46.447 29310 20529 I ndroid.settings: MiResources: find entry failed for resource 00000000
02-01 16:13:46.447 29310 20529 I asset   : MiResources: Not found for resource 00000000
02-01 16:13:46.447 29310 20529 I MiResource: invalid cookie from nativeGetResourceValue, cookie = -1, origValue = TypedValue{t=0x3/d=0x3d89 "Downloaded apps" a=17 r=0x7f152f3c}, value =TypedValue{t=0x3/d=0x3d89 "Downloaded apps" a=17 r=0x7f152f3c}
02-01 16:13:46.447 29310 20529 I MiResource: got NFE for resource ID #0x0(0) , isResourceCached = true
02-01 16:13:46.448 29310 20529 E ndroid.settings: Invalid resource ID 0x00000000.
02-01 16:13:46.448 29310 20529 I ndroid.settings: MiResources: find entry failed for resource 00000000
02-01 16:13:46.448 29310 20529 I asset   : MiResources: Not found for resource 00000000
02-01 16:13:46.448 29310 20529 I MiResource: invalid cookie from nativeGetResourceValue, cookie = -1, origValue = TypedValue{t=0x3/d=0x3d89 "Downloaded apps" a=17 r=0x7f152f3c}, value =TypedValue{t=0x3/d=0x3d89 "Downloaded apps" a=17 r=0x7f152f3c}
02-01 16:13:46.448 29310 20529 I MiResource: got NFE for resource ID #0x0(0) , isResourceCached = true
02-01 16:13:46.448 29310 20529 E ndroid.settings: Invalid resource ID 0x00000000.
02-01 16:13:46.448 29310 20529 I ndroid.settings: MiResources: find entry failed for resource 00000000
02-01 16:13:46.448 29310 20529 I asset   : MiResources: Not found for resource 00000000
02-01 16:13:46.448 20319 20319 D MiuiMonitorThread: Shared singleton Thread for stability monitor start
02-01 16:13:46.448 29310 20529 I MiResource: invalid cookie from nativeGetResourceValue, cookie = -1, origValue = TypedValue{t=0x3/d=0x3d89 "Downloaded apps" a=17 r=0x7f152f3c}, value =TypedValue{t=0x3/d=0x3d89 "Downloaded apps" a=17 r=0x7f152f3c}
02-01 16:13:46.448 29310 20529 I MiResource: got NFE for resource ID #0x0(0) , isResourceCached = true
02-01 16:13:46.449 29310 20529 E ndroid.settings: Invalid resource ID 0x00000000.
02-01 16:13:46.449 29310 20529 I ndroid.settings: MiResources: find entry failed for resource 00000000
02-01 16:13:46.449 29310 20529 I asset   : MiResources: Not found for resource 00000000
02-01 16:13:46.449 29310 20529 I MiResource: invalid cookie from nativeGetResourceValue, cookie = -1, origValue = TypedValue{t=0x3/d=0x3d89 "Downloaded apps" a=17 r=0x7f152f3c}, value =TypedValue{t=0x3/d=0x3d89 "Downloaded apps" a=17 r=0x7f152f3c}
02-01 16:13:46.449 29310 20529 I MiResource: got NFE for resource ID #0x0(0) , isResourceCached = true
02-01 16:13:46.449 29310 20529 E ndroid.settings: Invalid resource ID 0x00000000.
02-01 16:13:46.449 29310 20529 I ndroid.settings: MiResources: find entry failed for resource 00000000
02-01 16:13:46.449 29310 20529 I asset   : MiResources: Not found for resource 00000000
02-01 16:13:46.449 29310 20529 I MiResource: invalid cookie from nativeGetResourceValue, cookie = -1, origValue = TypedValue{t=0x3/d=0x3d89 "Downloaded apps" a=17 r=0x7f152f3c}, value =TypedValue{t=0x3/d=0x3d89 "Downloaded apps" a=17 r=0x7f152f3c}
02-01 16:13:46.449 29310 20529 I MiResource: got NFE for resource ID #0x0(0) , isResourceCached = true
02-01 16:13:46.450 29310 20529 E ndroid.settings: Invalid resource ID 0x00000000.
02-01 16:13:46.450 29310 20529 I ndroid.settings: MiResources: find entry failed for resource 00000000
02-01 16:13:46.450 29310 20529 I asset   : MiResources: Not found for resource 00000000
02-01 16:13:46.450 29310 20529 I MiResource: invalid cookie from nativeGetResourceValue, cookie = -1, origValue = TypedValue{t=0x3/d=0x3d89 "Downloaded apps" a=17 r=0x7f152f3c}, value =TypedValue{t=0x3/d=0x3d89 "Downloaded apps" a=17 r=0x7f152f3c}
02-01 16:13:46.450 29310 20529 I MiResource: got NFE for resource ID #0x0(0) , isResourceCached = true
02-01 16:13:46.450 29310 20529 E ndroid.settings: Invalid resource ID 0x00000000.
02-01 16:13:46.450 29310 20529 I ndroid.settings: MiResources: find entry failed for resource 00000000
02-01 16:13:46.450 29310 20529 I asset   : MiResources: Not found for resource 00000000
02-01 16:13:46.450 29310 20529 I MiResource: invalid cookie from nativeGetResourceValue, cookie = -1, origValue = TypedValue{t=0x3/d=0x3d89 "Downloaded apps" a=17 r=0x7f152f3c}, value =TypedValue{t=0x3/d=0x3d89 "Downloaded apps" a=17 r=0x7f152f3c}
02-01 16:13:46.450 29310 20529 I MiResource: got NFE for resource ID #0x0(0) , isResourceCached = true
02-01 16:13:46.450 20319 20319 I Perf    : Connecting to perf service.
02-01 16:13:46.450 29310 20529 E ndroid.settings: Invalid resource ID 0x00000000.
02-01 16:13:46.450 29310 20529 I ndroid.settings: MiResources: find entry failed for resource 00000000
02-01 16:13:46.450 29310 20529 I asset   : MiResources: Not found for resource 00000000
02-01 16:13:46.450 29310 20529 I MiResource: invalid cookie from nativeGetResourceValue, cookie = -1, origValue = TypedValue{t=0x3/d=0x3d89 "Downloaded apps" a=17 r=0x7f152f3c}, value =TypedValue{t=0x3/d=0x3d89 "Downloaded apps" a=17 r=0x7f152f3c}
02-01 16:13:46.450 29310 20529 I MiResource: got NFE for resource ID #0x0(0) , isResourceCached = true
02-01 16:13:46.451 29310 20529 E ndroid.settings: Invalid resource ID 0x00000000.
02-01 16:13:46.451 29310 20529 I ndroid.settings: MiResources: find entry failed for resource 00000000
02-01 16:13:46.451 29310 20529 I asset   : MiResources: Not found for resource 00000000
02-01 16:13:46.451 29310 20529 I MiResource: invalid cookie from nativeGetResourceValue, cookie = -1, origValue = TypedValue{t=0x3/d=0x3d89 "Downloaded apps" a=17 r=0x7f152f3c}, value =TypedValue{t=0x3/d=0x3d89 "Downloaded apps" a=17 r=0x7f152f3c}
02-01 16:13:46.451 29310 20529 I MiResource: got NFE for resource ID #0x0(0) , isResourceCached = true
02-01 16:13:46.451  3229  4409 E HyperSentinel: ->pid:20319,processName:"com.myshop.cafe",Rss Memory Size Change 164396kb -> 219980kb
02-01 16:13:46.452 20319 20319 D HWUI    : [HWUI] Flag vulkan_enhance_pipeline_cache enabled
02-01 16:13:46.452 20319 20319 D HWUI    : [HWUI] EnhanceVkPipelineCache is enabled
02-01 16:13:46.452 20319 20319 D HWUI    : [HWUI] Flag ddre enabled
02-01 16:13:46.452 20319 25316 E ashmem  : Pinning is deprecated since Android Q. Please use trim or other methods.
02-01 16:13:46.452 20319 20319 V GraphicsEnvironment: Currently set values for:
02-01 16:13:46.452 20319 20319 V GraphicsEnvironment:   angle_gl_driver_selection_pkgs=[]
02-01 16:13:46.452 20319 20319 V GraphicsEnvironment:   angle_gl_driver_selection_values=[]
02-01 16:13:46.452 20319 20319 V GraphicsEnvironment: com.myshop.cafe is not listed in per-application setting
02-01 16:13:46.452 20319 20319 V GraphicsEnvironment: ANGLE allowlist from config: 
02-01 16:13:46.452 20319 20319 V GraphicsEnvironment: com.myshop.cafe is not listed in ANGLE allowlist or settings, returning default
02-01 16:13:46.452 20319 20319 V GraphicsEnvironment: Updatable production driver is not supported on the device.
02-01 16:13:46.454 20319 20319 I ActivityThread: TrafficStats init done
02-01 16:13:46.454 20319 20319 I ForceDarkHelperStubImpl: initialize for com.myshop.cafe , ForceDarkOrigin
02-01 16:13:46.454 29310 20529 I ndroid.settings: AssetManager2(0xb4000071df901ff8) locale list changing from [] to [en-US]
02-01 16:13:46.454 20319 20319 D nativeloader: Load libforcedarkimpl.so using system ns (caller=/system_ext/framework/miui-framework.jar): ok
02-01 16:13:46.455 20319 20319 D HWUI    : JNI_OnLoad success
02-01 16:13:46.455 20319 20319 I MiuiForceDarkConfig: setConfig density:3.250000, mainRule:0, secondaryRule:0, tertiaryRule:0
02-01 16:13:46.455  3229  5800 D MiuiForceVkService: shouldUseVk, pkg=com.myshop.cafe useVk 0
02-01 16:13:46.457   392 13175 D MiuiMultiWindowUtils: supportMultiWindow: isSupportDevice = -1
02-01 16:13:46.457   392 13175 I DockFeature: isSupportDock: isSupportFreeform=true	isPhone=true	isAboveMiui125=true	isSupportDock=true	isDevBuild=false
02-01 16:13:46.457   392 13175 D MiuiMultiWindowUtils: supportMultiWindow: isSupportDevice = -1
02-01 16:13:46.457 20319 20319 I ActivityThread: Miui Feature Init done
02-01 16:13:46.459 29310 20529 D MiuiMultiWindowUtils: supportMultiWindow: isSupportDevice = -1
02-01 16:13:46.459 29310 20529 D MiuiMultiWindowUtils: supportMultiWindow: isSupportDevice = -1
02-01 16:13:46.459 29310 20529 D MiuiMultiWindowUtils: supportMultiWindow: isSupportDevice = -1
02-01 16:13:46.459 29310 20529 D MiuiMultiWindowUtils: supportMultiWindow: isSupportDevice = -1
02-01 16:13:46.459 20319 20319 D ResMonitorStub: The current process type is: third_party_app, process name is: com.myshop.cafe
02-01 16:13:46.459 29310 20529 D SettingsFeatures: isFoldDevice: false
02-01 16:13:46.459 29310 20529 D SettingsFeatures: isFoldDevice: false
02-01 16:13:46.459 20319 20319 I MiuiAppAdaptationStubsControl: Feature Flag of ThirdAppOpt is turned off
02-01 16:13:46.460   392 13175 D MiuiMultiWindowUtils: supportMultiWindow: isSupportDevice = -1
02-01 16:13:46.460   392 13175 I DockFeature: isSupportDock: isSupportFreeform=true	isPhone=true	isAboveMiui125=true	isSupportDock=true	isDevBuild=false
02-01 16:13:46.460 29310 20529 D MiuiMultiWindowUtils: supportMultiWindow: isSupportDevice = -1
02-01 16:13:46.460 29310 20529 D MiuiMultiWindowUtils: supportMultiWindow: isSupportDevice = -1
02-01 16:13:46.463  2479  2503 E MiuiBooster: "Unkwnow sched policy:-1073741825!!!"
02-01 16:13:46.463  2479  2503 E MiuiBooster: "pri is changed by others!!!"
02-01 16:13:46.466 29310 20529 E ndroid.settings: Invalid resource ID 0x00000000.
02-01 16:13:46.466 29310 20529 I ndroid.settings: MiResources: find entry failed for resource 00000000
02-01 16:13:46.466 29310 20529 I asset   : MiResources: Not found for resource 00000000
02-01 16:13:46.466 29310 20529 I MiResource: invalid cookie from nativeGetResourceValue, cookie = -1, origValue = TypedValue{t=0x3/d=0x2948 "Google" a=17 r=0x7f150265}, value =TypedValue{t=0x3/d=0x2948 "Google" a=17 r=0x7f150265}
02-01 16:13:46.466 29310 20529 I MiResource: got NFE for resource ID #0x0(0) , isResourceCached = true
02-01 16:13:46.467 29310 20529 E ndroid.settings: Invalid resource ID 0x00000000.
02-01 16:13:46.467 29310 20529 I ndroid.settings: MiResources: find entry failed for resource 00000000
02-01 16:13:46.467 29310 20529 I asset   : MiResources: Not found for resource 00000000
02-01 16:13:46.467 29310 20529 I MiResource: invalid cookie from nativeGetResourceValue, cookie = -1, origValue = TypedValue{t=0x3/d=0x57c3 "Wallet" a=17 r=0x7f150a54}, value =TypedValue{t=0x3/d=0x57c3 "Wallet" a=17 r=0x7f150a54}
02-01 16:13:46.467 29310 20529 I MiResource: got NFE for resource ID #0x0(0) , isResourceCached = true
02-01 16:13:46.467 29310 20529 E ndroid.settings: Invalid resource ID 0x00000000.
02-01 16:13:46.467 29310 20529 I ndroid.settings: MiResources: find entry failed for resource 00000000
02-01 16:13:46.467 29310 20529 I asset   : MiResources: Not found for resource 00000000
02-01 16:13:46.467 29310 20529 I MiResource: invalid cookie from nativeGetResourceValue, cookie = -1, origValue = TypedValue{t=0x3/d=0x1e62 "Telegram" a=17 r=0x7f0f0264}, value =TypedValue{t=0x3/d=0x1e62 "Telegram" a=17 r=0x7f0f0264}
02-01 16:13:46.467 29310 20529 I MiResource: got NFE for resource ID #0x0(0) , isResourceCached = true
02-01 16:13:46.468 29310 20529 E ndroid.settings: Invalid resource ID 0x00000000.
02-01 16:13:46.468 29310 20529 I ndroid.settings: MiResources: find entry failed for resource 00000000
02-01 16:13:46.468 29310 20529 I asset   : MiResources: Not found for resource 00000000
02-01 16:13:46.468 29310 20529 I MiResource: invalid cookie from nativeGetResourceValue, cookie = -1, origValue = TypedValue{t=0x3/d=0x57c3 "Wallet" a=17 r=0x7f150a54}, value =TypedValue{t=0x3/d=0x57c3 "Wallet" a=17 r=0x7f150a54}
02-01 16:13:46.468 29310 20529 I MiResource: got NFE for resource ID #0x0(0) , isResourceCached = true
02-01 16:13:46.471 29310 20529 E ndroid.settings: Invalid resource ID 0x00000000.
02-01 16:13:46.471 29310 20529 I ndroid.settings: MiResources: find entry failed for resource 00000000
02-01 16:13:46.471 29310 20529 I asset   : MiResources: Not found for resource 00000000
02-01 16:13:46.471 29310 20529 I MiResource: invalid cookie from nativeGetResourceValue, cookie = -1, origValue = TypedValue{t=0x3/d=0x2948 "Google" a=17 r=0x7f150265}, value =TypedValue{t=0x3/d=0x2948 "Google" a=17 r=0x7f150265}
02-01 16:13:46.471 29310 20529 I MiResource: got NFE for resource ID #0x0(0) , isResourceCached = true
02-01 16:13:46.471 29310 20529 E ndroid.settings: Invalid resource ID 0x00000000.
02-01 16:13:46.471 29310 20529 I ndroid.settings: MiResources: find entry failed for resource 00000000
02-01 16:13:46.471 29310 20529 I asset   : MiResources: Not found for resource 00000000
02-01 16:13:46.471 29310 20529 I MiResource: invalid cookie from nativeGetResourceValue, cookie = -1, origValue = TypedValue{t=0x3/d=0x57c3 "Wallet" a=17 r=0x7f150a54}, value =TypedValue{t=0x3/d=0x57c3 "Wallet" a=17 r=0x7f150a54}
02-01 16:13:46.471 29310 20529 I MiResource: got NFE for resource ID #0x0(0) , isResourceCached = true
02-01 16:13:46.472  3229  4658 W MiuiBoosterUtils: enable_miuibooster_launch : false
02-01 16:13:46.472 29310 20529 E ndroid.settings: Invalid resource ID 0x00000000.
02-01 16:13:46.472  3229  4658 I SmartPower: com.android.settings/1000(29310): visible->invisible(174447ms) R(become invisible) adj=0.
02-01 16:13:46.472 29310 20529 I ndroid.settings: MiResources: find entry failed for resource 00000000
02-01 16:13:46.472 29310 20529 I asset   : MiResources: Not found for resource 00000000
02-01 16:13:46.472 29310 20529 I MiResource: invalid cookie from nativeGetResourceValue, cookie = -1, origValue = TypedValue{t=0x3/d=0x2948 "Google" a=17 r=0x7f150265}, value =TypedValue{t=0x3/d=0x2948 "Google" a=17 r=0x7f150265}
02-01 16:13:46.472 29310 20529 I MiResource: got NFE for resource ID #0x0(0) , isResourceCached = true
02-01 16:13:46.472  3229  4658 I WindowManager: Allow fixed rotation for not collecting:ActivityRecord{59773706 u0 com.myshop.cafe/.MainActivity t1328}
02-01 16:13:46.472  3229  4658 I WindowManager: Allow fixed rotation for not collecting:ActivityRecord{59773706 u0 com.myshop.cafe/.MainActivity t1328}
02-01 16:13:46.472  3229  4658 D BarFollowAnimation: onTaskInfoChanedForCaptionBar Task{5bbe998 #1328 type=standard A=10458:com.myshop.cafe} shouldbeVisible:true isVisible:true windowMode:1 mCaptionAssociatedTask:null mIsTouchedInCaption:false
02-01 16:13:46.473 29310 20529 E ndroid.settings: Invalid resource ID 0x00000000.
02-01 16:13:46.473 29310 20529 I ndroid.settings: MiResources: find entry failed for resource 00000000
02-01 16:13:46.473 29310 20529 I asset   : MiResources: Not found for resource 00000000
02-01 16:13:46.473 29310 20529 I MiResource: invalid cookie from nativeGetResourceValue, cookie = -1, origValue = TypedValue{t=0x3/d=0x1e62 "Telegram" a=17 r=0x7f0f0264}, value =TypedValue{t=0x3/d=0x1e62 "Telegram" a=17 r=0x7f0f0264}
02-01 16:13:46.473 29310 20529 I MiResource: got NFE for resource ID #0x0(0) , isResourceCached = true
02-01 16:13:46.473  3229  4658 I ATMSImpl: cacheTasksForDefaultDisplay size=6 topId=1328
02-01 16:13:46.473  3229  4658 D BarFollowAnimation: onTaskInfoChanedForCaptionBar Task{e2d8077 #1322 type=standard A=1000:com.android.settings.root} shouldbeVisible:false isVisible:false windowMode:1 mCaptionAssociatedTask:null mIsTouchedInCaption:false
02-01 16:13:46.473  3229  4658 D BarFollowAnimation: onTaskInfoChanedForCaptionBar Task{5bbe998 #1328 type=standard A=10458:com.myshop.cafe} shouldbeVisible:true isVisible:true windowMode:1 mCaptionAssociatedTask:null mIsTouchedInCaption:false
02-01 16:13:46.473 29310 20529 E ndroid.settings: Invalid resource ID 0x00000000.
02-01 16:13:46.473 29310 20529 I ndroid.settings: MiResources: find entry failed for resource 00000000
02-01 16:13:46.473 29310 20529 I asset   : MiResources: Not found for resource 00000000
02-01 16:13:46.473 29310 20529 I MiResource: invalid cookie from nativeGetResourceValue, cookie = -1, origValue = TypedValue{t=0x3/d=0x48a7 "Other" a=17 r=0x7f150205}, value =TypedValue{t=0x3/d=0x48a7 "Other" a=17 r=0x7f150205}
02-01 16:13:46.473 29310 20529 I MiResource: got NFE for resource ID #0x0(0) , isResourceCached = true
02-01 16:13:46.474  5169  5443 I MultiTaskingTaskInfo: MultiTaskingBaseTaskInfo::update::mTaskBounds = Rect(0, 0 - 1280, 2772), mTaskId = 1328
02-01 16:13:46.474 29310 20529 E ndroid.settings: Invalid resource ID 0x00000000.
02-01 16:13:46.474 29310 20529 I ndroid.settings: MiResources: find entry failed for resource 00000000
02-01 16:13:46.474 29310 20529 I asset   : MiResources: Not found for resource 00000000
02-01 16:13:46.474 29310 20529 I MiResource: invalid cookie from nativeGetResourceValue, cookie = -1, origValue = TypedValue{t=0x3/d=0x1e62 "Telegram" a=17 r=0x7f0f0264}, value =TypedValue{t=0x3/d=0x1e62 "Telegram" a=17 r=0x7f0f0264}
02-01 16:13:46.474 29310 20529 I MiResource: got NFE for resource ID #0x0(0) , isResourceCached = true
02-01 16:13:46.474  5169  5443 D MultiTaskingAnimTarget: setAnimParam bounds: Rect(0, 0 - 1280, 2772) scaleX: 1.0 scaleY: 1.0
02-01 16:13:46.474  5169  5443 D MultiTaskingAnimTarget: java.lang.Throwable
02-01 16:13:46.474  5169  5443 D MultiTaskingAnimTarget: 	at com.android.wm.shell.multitasking.common.animation.MultiTaskingAnimTarget.setAnimParam(go/retraceme a76872c0cca63111507a066b717e45e36bf3721782c020a9ee74ad218a8186ed:35)
02-01 16:13:46.474  5169  5443 D MultiTaskingAnimTarget: 	at com.android.wm.shell.multitasking.common.animation.MultiTaskingFolmeControl.updateBaseAnimParam(go/retraceme a76872c0cca63111507a066b717e45e36bf3721782c020a9ee74ad218a8186ed:15)
02-01 16:13:46.474  5169  5443 D MultiTaskingAnimTarget: 	at com.android.wm.shell.multitasking.common.taskmanager.MultiTaskingTaskInfo.update(go/retraceme a76872c0cca63111507a066b717e45e36bf3721782c020a9ee74ad218a8186ed:23)
02-01 16:13:46.474  5169  5443 D MultiTaskingAnimTarget: 	at com.android.wm.shell.multitasking.common.taskmanager.MultiTaskingTaskRepository.onTaskInfoChanged(go/retraceme a76872c0cca63111507a066b717e45e36bf3721782c020a9ee74ad218a8186ed:133)
02-01 16:13:46.474  5169  5443 D MultiTaskingAnimTarget: 	at com.android.wm.shell.multitasking.common.taskmanager.MultiTaskingTaskListener.onTaskInfoChanged(go/retraceme a76872c0cca63111507a066b717e45e36bf3721782c020a9ee74ad218a8186ed:3)
02-01 16:13:46.474  5169  5443 D MultiTaskingAnimTarget: 	at com.android.wm.shell.ShellTaskOrganizer.onTaskInfoChanged(go/retraceme a76872c0cca63111507a066b717e45e36bf3721782c020a9ee74ad218a8186ed:136)
02-01 16:13:46.474  5169  5443 D MultiTaskingAnimTarget: 	at android.window.TaskOrganizer$1.lambda$onTaskInfoChanged$6(TaskOrganizer.java:300)
02-01 16:13:46.474  5169  5443 D MultiTaskingAnimTarget: 	at android.window.TaskOrganizer$1.$r8$lambda$ymyF3xZeY830CRyp4eBo81WJpe0(Unknown Source:0)
02-01 16:13:46.474  5169  5443 D MultiTaskingAnimTarget: 	at android.window.TaskOrganizer$1$$ExternalSyntheticLambda6.run(D8$$SyntheticClass:0)
02-01 16:13:46.474  5169  5443 D MultiTaskingAnimTarget: 	at android.os.Handler.handleCallback(Handler.java:995)
02-01 16:13:46.474  5169  5443 D MultiTaskingAnimTarget: 	at android.os.Handler.dispatchMessage(Handler.java:103)
02-01 16:13:46.474  5169  5443 D MultiTaskingAnimTarget: 	at android.os.Looper.loopOnce(Looper.java:265)
02-01 16:13:46.474  5169  5443 D MultiTaskingAnimTarget: 	at android.os.Looper.loop(Looper.java:358)
02-01 16:13:46.474  5169  5443 D MultiTaskingAnimTarget: 	at android.os.HandlerThread.run(HandlerThread.java:85)
02-01 16:13:46.474  5169  5443 D MultiTaskingFolmeControl: updateBaseAnimParam taskId = 1328 taskBounds : Rect(0, 0 - 1280, 2772)
02-01 16:13:46.474  5169  5443 I MultiTaskingTaskRepository: onTaskInfoChanged::taskId = 1328, windowingMode = 1, mMultiWindowTaskIdsInZOrder = [5, 4], mFullscreenTaskIdsInZOrder = [1328, 1322, 1274, 1306, 1296], mFreeformTaskIdsInZOrder = [], mTasks: 1328, 1322, 1306, 1296, 1274, 882, 8, 7, 6, 5, 4, 3, 
02-01 16:13:46.474  5169  5443 D MiuiDecorationController: relayout:: taskId=1328 mRunningTaskInfo.mStatusBarParent=Surface(name=StatusBar Container of Task = 1328#248944)/@0x4ac34be taskInfo.mStatusBarParent=Surface(name=StatusBar Container of Task = 1328#248944)/@0xddd1b83
02-01 16:13:46.474  5169  5443 D MiuiDecorationController: relayout:: taskId=1328 mRunningTaskInfo.mNavBarParent=Surface(name=NavigationBar Container of Task = 1328#248943)/@0xe58891f taskInfo.mNavBarParent=Surface(name=NavigationBar Container of Task = 1328#248943)/@0xfd8d100
02-01 16:13:46.474  5169  5443 D MiuiDecorationController: relayout::taskId=1328, visible=true, bounds=Rect(0, 0 - 1280, 2772), focused=false, oldImmersive=false, newImmersive=false, windowMode=1, activityType=1, displayId=0, baseActivity=ComponentInfo{com.myshop.cafe/com.myshop.cafe.MainActivity}, topActivity=ComponentInfo{com.myshop.cafe/com.myshop.cafe.MainActivity}, callers=com.android.wm.shell.multitasking.miuimultiwinswitch.miuiwindowdecor.decoration.MiuiDecorationController.relayout:4 com.android.wm.shell.multitasking.miuimultiwinswitch.miuiwindowdecor.MulWinSwitchDecorViewModel.onTaskInfoChanged:18 com.android.wm.shell.multitasking.common.taskmanager.MultiTaskingTaskListener.onTaskInfoChanged:47 com.android.wm.shell.ShellTaskOrganizer.onTaskInfoChanged:136 android.window.TaskOrganizer$1.lambda$onTaskInfoChanged$6:300 
02-01 16:13:46.475 20319 20319 I ActivityThread: currentPkg not in xmlPackages
02-01 16:13:46.475  5169  5443 D MiuiDecorationDot: needTopCaption: isFullscreen = true isPadDevice = false isFoldInnerScreen = false canShowCaptionWhenCasting = false
02-01 16:13:46.476  5169  5443 D MiuiDecorationDot: releaseViews_TopCaption: taskId=1328
02-01 16:13:46.476  5169  5443 D MiuiDecorationDot: releaseViews_TopCaption: taskId=1328
02-01 16:13:46.476  5169  5443 D MiuiDecorationBottom: updateRootView_BottomCaption: taskId = 1328 needBottomCaption = true bottomCaptionView = java.lang.Object@439dd70
02-01 16:13:46.476  5169  5443 D MiuiDecorationBottom: updateViews_BottomCaption: taskId=1328 scale=1.0 outResult = RelayoutResult{mRoot=java.lang.Object@439dd70, mCaptionX=416, mCaptionY=2739, mCaptionWidth=448.0, mCaptionHeight=52.0}
02-01 16:13:46.476 20319 20319 W libc    : Access denied finding property "vendor.boostfwk.frameprefetcher"
02-01 16:13:46.476  5169  5443 D MiuiDecorationBase: updateSampling_BottomCaption: taskId = 1328 scale = 1.0 mTaskBounds = Rect(0, 0 - 1280, 2772) mCaptionVisibility = true isRunningAnim = false isDraggingRecent = false isFreeformElude = false isDecorationShowing = true shouldEnableSampling = true
02-01 16:13:46.476  5169  5443 D MiuiDecorationBase: updateSampling_BottomCaption: samplingRect = Rect(416, 2739 - 864, 2752)
02-01 16:13:46.476  5169  5443 D MiuiDecorationBase: updateVisibility_BottomCaption: taskId=1328, isRotationAnimationRunning=false, mCaptionVisible=true, isCaptionVisible=true
02-01 16:13:46.476  5169  5443 D MiuiDecorationMoveHelper: periodicallyMoveUpFirst mTaskId=1328, windowingMode=1, caller=relayout
02-01 16:13:46.476 20319 20319 D FramePredict: FramePredict init: true
02-01 16:13:46.476  3229  3922 E TransitionChain: Can't collect into a chain with no transition
02-01 16:13:46.477  3229  3922 D ActivityTaskManager:  setSkipCaptureLayers tr: Task{5bbe998 #1328 type=standard A=10458:com.myshop.cafe}
02-01 16:13:46.478 20319 20319 D HWUI    : [HWUI] Flag vulkan_enhance_pipeline_cache enabled
02-01 16:13:46.478 20319 20319 D HWUI    : [HWUI] EnhanceVkPipelineCache is enabled
02-01 16:13:46.478 20319 20319 D HWUI    : [HWUI] Flag ddre enabled
02-01 16:13:46.478 20319 20319 D com.myshop.cafe: blurUtils, initBackgroundBlurMinInterval processName(com.myshop.cafe), inWhiteLists(0)
02-01 16:13:46.478 20319 20319 I ActivityThread: HardwareRenderer preload  done
02-01 16:13:46.478  5169  5566 D VRI[Miui Bottom Caption of Task=1328]: getMiuiFreeformStackInfo mTmpFrames.miuiFreeFormStackInfo: null
02-01 16:13:46.478  3229  4481 D BackgroundInstallControlService: Package event received: 0
02-01 16:13:46.478  4987  5042 D HyperComm_AppMonitor: onForegroundInfoChanged: foregroundInfo = ForegroundInfo{mForegroundPackageName='com.myshop.cafe', mForegroundUid=10458, mForegroundPid=20319, mForegroundDisplayId=0, mLastForegroundPackageName='com.android.settings', mLastForegroundUid=1000, mLastForegroundPid=29310, mLastForegroundDisplayId=0, mMultiWindowForegroundPackageName='com.myshop.cafe', mMultiWindowForegroundUid=10458, mFlags=1}
02-01 16:13:46.479  4987  5042 I SceneObserver: notify event: EVENT_FOREGROUND_APP_CHANGED
02-01 16:13:46.479  1696  4325 D AudioFlingerImpl: setGameParameters keyvalue: bluetoothlowlatencystatus=false;foregroundUid=10458
02-01 16:13:46.479  1696  4325 D DeviceHalAidl: [default] setParameters: parameters: "bluetoothlowlatencystatus=false;foregroundUid=10458"
02-01 16:13:46.479   392 13172 D L0      : myUserId = 0	currentUserId0
02-01 16:13:46.479  1756  1798 I AHAL_ModulePrimary_MI: setVendorParameters: parameter count 2, async: 0
02-01 16:13:46.479  1756  1798 D AHAL_ModulePrimary_MI: setVendorParameters parameters id = bluetoothlowlatencystatus val false
02-01 16:13:46.479  1756  1798 D AHAL_ModulePrimary_MI: setVendorParameters parameters id = foregroundUid val 10458
02-01 16:13:46.479  1756  1798 D AHAL_ModulePrimary_QTI: setVendorParameters: parameter count 2, async: 0
02-01 16:13:46.479  1756  1798 D AHAL_HFP_QTI: hfp_set_parameters enter
02-01 16:13:46.479  1756  1798 D AHAL_HFP_QTI: hfp_set_parameters Exit
02-01 16:13:46.479 20319 20319 I com.myshop.cafe: AssetManager2(0xb4000071df8593f8) locale list changing from [] to [en-US]
02-01 16:13:46.479  1756  1798 D AHAL_HFP_QTI: hfp_set_parameters enter
02-01 16:13:46.479  1756  1798 D AHAL_HFP_QTI: hfp_set_parameters Exit
02-01 16:13:46.479  1696  4325 D DeviceHalAidl: [usb] setParameters: parameters: "bluetoothlowlatencystatus=false;foregroundUid=10458"
02-01 16:13:46.479  3229  4481 D BackgroundInstallControlService: Package event received: 0
02-01 16:13:46.480  1696  4325 E ConversionHelperAidl: Function: parseAndSetVendorParameters Line: 94 Failed 
02-01 16:13:46.480  1696  4325 D DeviceHalAidl: [r_submix] setParameters: parameters: "bluetoothlowlatencystatus=false;foregroundUid=10458"
02-01 16:13:46.480  1756 25486 D AHAL_ModuleRemoteSubmix: setVendorParameters: parameter count 2, async: 0
02-01 16:13:46.480  1756 25486 D AHAL_ModuleRemoteSubmix: setVendorParameters parameters id = bluetoothlowlatencystatus val false
02-01 16:13:46.480  1756 25486 D AHAL_ModuleRemoteSubmix: setVendorParameters parameters id = foregroundUid val 10458
02-01 16:13:46.479 26782 26840 D RecentsImpl: onForegroundChanged, foregroundPackageName=com.myshop.cafe
02-01 16:13:46.480  1696  4325 E ConversionHelperAidl: Function: parseAndSetVendorParameters Line: 94 Failed 
02-01 16:13:46.480  1696  4325 D DeviceHalAidl: [bluetooth] setParameters: parameters: "bluetoothlowlatencystatus=false;foregroundUid=10458"
02-01 16:13:46.480  1696  4325 E ConversionHelperAidl: Function: parseAndSetVendorParameters Line: 94 Failed 
02-01 16:13:46.481  3229  4292 I AudioGameEffect: foreground change to com.myshop.cafe, last foreground is com.android.settings
02-01 16:13:46.481  3229  4292 D EventReceiver: foregroundChange uid  uid=10458 pkg=com.myshop.cafe
02-01 16:13:46.481  3229  4292 I NetworkBoostStatusManager: onForegroundInfoChanged uid:10458, onLastForegroundInfoChanged uid:1000, isColdStart:true, mIgnoreUid:-1
02-01 16:13:46.481  3229  4292 I SLM-SRV-SLAToast: foreground uid:10458, isColdStart:true, isLinkTurboEnable:false
02-01 16:13:46.481  3229  4292 D NetworkSDKService: handleMultiAppsDualWifi isSet = false isEverOpened = false
02-01 16:13:46.482 29310 20529 D SettingsFeatures: isFoldDevice: false
02-01 16:13:46.482 13646 13692 I AICall_MemoryTrim: binder:13646_2 onAppBackground()
02-01 16:13:46.483  4718 13394 D PerfEngineController: ForegroundInfo{mForegroundPackageName='com.myshop.cafe', mForegroundUid=10458, mForegroundPid=20319, mForegroundDisplayId=0, mLastForegroundPackageName='com.android.settings', mLastForegroundUid=1000, mLastForegroundPid=29310, mLastForegroundDisplayId=0, mMultiWindowForegroundPackageName='com.myshop.cafe', mMultiWindowForegroundUid=10458, mFlags=1}
02-01 16:13:46.483  8471 16216 I GST     : forePkg: com.myshop.cafe, preForePkg: com.android.settings
02-01 16:13:46.483   392 13172 I ProcessMonitor: onForegroundInfoChanged: ForegroundInfo{mForegroundPackageName='com.myshop.cafe', mForegroundUid=10458, mForegroundPid=20319, mForegroundDisplayId=0, mLastForegroundPackageName='com.android.settings', mLastForegroundUid=1000, mLastForegroundPid=29310, mLastForegroundDisplayId=0, mMultiWindowForegroundPackageName='com.myshop.cafe', mMultiWindowForegroundUid=10458, mFlags=1}
02-01 16:13:46.483  8471 16216 D VENUS_GAMEAI_START_GameAiStartManager: venusGameAiSupportApps is not monitor packageName=com.myshop.cafe
02-01 16:13:46.483   392 13172 I GameBoosterService: onForegroundInfoChanged: Cur=com.myshop.cafe	 last=com.android.settings
02-01 16:13:46.484   392 13172 D GameBoosterService: onGameStatusChange foreground:ForegroundInfo{mForegroundPackageName='com.myshop.cafe', mForegroundUid=10458, mForegroundPid=20319, mForegroundDisplayId=0, mLastForegroundPackageName='com.android.settings', mLastForegroundUid=1000, mLastForegroundPid=29310, mLastForegroundDisplayId=0, mMultiWindowForegroundPackageName='com.myshop.cafe', mMultiWindowForegroundUid=10458, mFlags=1}
02-01 16:13:46.484   392 13172 I VideoBoxUtils: isSupportVideoBox: true
02-01 16:13:46.484   392 13172 I VideoToolBoxService: vtb is closed!!!
02-01 16:13:46.484   392 13172 I AppPredictPrivacyLaunchManager: getLauncherHomeAppList size: 142
02-01 16:13:46.485   392 13172 I AppPredictService: difTIme = 1490
02-01 16:13:46.485 29310 20529 D SettingsFeatures: isFoldDevice: false
02-01 16:13:46.485 20319 25329 I DisplayManager: Choreographer implicitly registered for the refresh rate.
02-01 16:13:46.485 29310 20529 D SettingsFeatures: isFoldDevice: false
02-01 16:13:46.486  5091  6051 D NetworkMetricsController: processUidChangeEvent :activity is:ComponentInfo{com.myshop.cafe/com.myshop.cafe.MainActivity}
02-01 16:13:46.486  5091  6051 D NetworkMetricsController: processUidChangeEvent :mCurApptype is NONE tempAppType is NONE
02-01 16:13:46.486   392  7516 E SuggestManager: openApp name = com.myshop.cafe
02-01 16:13:46.482  3229  4292 I GameAudioEnhancer: foreground change to com.myshop.cafe, last foreground is com.android.settings
02-01 16:13:46.487   392  7516 I NewAutoTaskManager: app use - delay = 9223372036854775807, doRemove = false, doPost = false
02-01 16:13:46.487 29310 20529 I DevelopmentSettingsEnabler: isDevelopmentSettingsEnabled:true
02-01 16:13:46.488 29310 20529 I DevelopmentSettingsEnabler: isDevelopmentSettingsEnabled:true
02-01 16:13:46.488  3229  4284 D ActionExecute: delayFreeze true reason= tobg uid=1000
02-01 16:13:46.488  3229  1333 D BarFollowAnimation: onTaskInfoChanedForCaptionBar Task{5bbe998 #1328 type=standard A=10458:com.myshop.cafe} shouldbeVisible:true isVisible:true windowMode:1 mCaptionAssociatedTask:null mIsTouchedInCaption:false
02-01 16:13:46.489   392  7684 E b       : insert result = 36529
02-01 16:13:46.489 29310 20529 W libc    : Access denied finding property "ro.vendor.persist.hardware.perfflinger.support_diy_freq"
02-01 16:13:46.489 29310 20529 D Chip_   : get system key : ro.vendor.persist.hardware.perfflinger.support_diy_freq : 0
02-01 16:13:46.489   392 13172 W ContextImpl: Calling a method in the system process without a qualified user: android.app.ContextImpl.startService:2013 android.content.ContextWrapper.startService:871 C1.b.f:40 C1.b$c.onForegroundInfoChanged:22 com.miui.gamebooster.mutiwindow.b$a.onForegroundInfoChanged:174 
02-01 16:13:46.491  3229  4734 D ActivityManager: Logging startService for com.miui.securitycenter, stopped=false, firstLaunch=false, intent=Intent { act=action_anti_fraud_auto_scan_single_app xflg=0x4 cmp=com.miui.securitycenter/com.miui.antivirus.service.GuardService (has extras) }, r.app=ProcessRecord{58bc509 392:com.miui.securitycenter.remote/1000}
02-01 16:13:46.491 26782 26782 D RecentsModel: onTaskDescriptionChanged =  taskId = 1328
02-01 16:13:46.491 29310 20530 W System.err: org.json.JSONException: No value for BasicInfoToggle
02-01 16:13:46.491   392 13172 I BeautyService: onForegroundInfoChanged: Cur=com.myshop.cafe	 last=com.android.settings
02-01 16:13:46.492 29310 20530 W System.err: 	at org.json.JSONObject.get(JSONObject.java:398)
02-01 16:13:46.492 29310 20530 W System.err: 	at org.json.JSONObject.getInt(JSONObject.java:487)
02-01 16:13:46.492 29310 20530 W System.err: 	at com.android.settings.device.JSONUtils.getInt(SourceFile:93)
02-01 16:13:46.492 29310 20530 W System.err: 	at com.android.settings.device.ParseMiShopDataUtils.showBasicItems(SourceFile:38)
02-01 16:13:46.492 29310 20530 W System.err: 	at com.android.settings.device.DeviceParamsManager$UpdateInfoCallback.onRequestComplete(SourceFile:118)
02-01 16:13:46.492 29310 20530 W System.err: 	at com.android.settings.aidl.IRequestCallback$Stub.onTransact(SourceFile:90)
02-01 16:13:46.492 29310 20530 W System.err: 	at android.os.Binder.execTransactInternal(Binder.java:1428)
02-01 16:13:46.492 29310 20530 W System.err: 	at android.os.Binder.execTransact(Binder.java:1372)
02-01 16:13:46.492 29310 20530 W DeviceParamsManager: Failed to get basic device info 
02-01 16:13:46.492 20319 25329 W libc    : Access denied finding property "vendor.mivk.log.debug"
02-01 16:13:46.493 20319 25329 D libMiVK : MiVkSettings::InitDataInfo()
02-01 16:13:46.496 20319 25335 I com.myshop.cafe: AssetManager2(0xb4000071df85d8b8) locale list changing from [] to [en-US]
02-01 16:13:46.500 20319 20319 D DesktopModeFlags: Toggle override initialized to: OVERRIDE_UNSET
02-01 16:13:46.499 29310 20529 I EnableSensorsHalLogPreferenceController: model is not support this func
02-01 16:13:46.500  1865  1865 I qspmHal : enter getGpuProf at: 410700548
02-01 16:13:46.500  1865  1865 I qspmHal : Coudn't match the GFX PID 20319 to AT PID 25280. Checking in local cache.
02-01 16:13:46.500  1865  1865 I qspmHal : Found the GFX PID in cache
02-01 16:13:46.500  1865  1865 I qspmHal : PID 20319 from GFX matched.
02-01 16:13:46.500  1865  1865 I qspmHal : gpuProfName:com.myshop.cafe-gpu - gpu prof_info.path:/data/vendor/gaming/com.myshop.cafe-gpu
02-01 16:13:46.501 20319 25335 D nativeloader: Configuring clns-11 for other apk /system_ext/app/miuisystem/miuisystem.apk. target_sdk_version=35, uses_libraries=ALL, library_path=/product/app/ContentCatcherOS3/lib/arm64:/product/app/ContentCatcherOS3/ContentCatcherOS3.apk!/lib/arm64-v8a:/system_ext/priv-app/RtMiCloudSDK/RtMiCloudSDK.apk!/lib/arm64-v8a:/system_ext/app/miuisystem/miuisystem.apk!/lib/arm64-v8a, permitted_path=/data:/mnt/expand
02-01 16:13:46.501 20319 25335 D nativeloader: Extending system_exposed_libraries: libbinauralrenderer_wrapper.qti.so:libhoaeffects.qti.so:libmisys_jni.xiaomi.so:libpag.hyperos.so:libffavc.hyperos.so:libxiaomi_modemdumpsdx55_jni.modem.so:libxiaomi_modemdump_jni.modem.so:libmodemsmartengine_jni.modem.so:libupdateprof.qti.so:libthermalclient.qti.so:libdiag_system.qti.so:libqape.qti.so:libqesdk_ndk_platform.qti.so:liblistenjni.qti.so:libautoui_image.xiaomi.so
02-01 16:13:46.501  1865  1865 E qspmHal : GPU profile file NOT found !!
02-01 16:13:46.502 20319 20319 D DecorView: updateFreeformOutlineFromActivity, inFreeform=false,inFreeformWindowMode=false
02-01 16:13:46.502 20319 25329 I AdrenoVK-0: ===== BEGIN DUMP OF OVERRIDDEN SETTINGS =====
02-01 16:13:46.502 20319 25329 I AdrenoVK-0: ===== END DUMP OF OVERRIDDEN SETTINGS =====
02-01 16:13:46.503 29310 20529 W Settings: Setting airplane_mode_on has moved from android.provider.Settings.System to android.provider.Settings.Global, returning read-only value.
02-01 16:13:46.503 20319 25335 D nativeloader: Configuring clns-12 for other apk /system_ext/priv-app/RtMiCloudSDK/RtMiCloudSDK.apk. target_sdk_version=35, uses_libraries=ALL, library_path=/product/app/ContentCatcherOS3/lib/arm64:/product/app/ContentCatcherOS3/ContentCatcherOS3.apk!/lib/arm64-v8a:/system_ext/priv-app/RtMiCloudSDK/RtMiCloudSDK.apk!/lib/arm64-v8a:/system_ext/app/miuisystem/miuisystem.apk!/lib/arm64-v8a, permitted_path=/data:/mnt/expand
02-01 16:13:46.503 20319 25335 D nativeloader: Extending system_exposed_libraries: libbinauralrenderer_wrapper.qti.so:libhoaeffects.qti.so:libmisys_jni.xiaomi.so:libpag.hyperos.so:libffavc.hyperos.so:libxiaomi_modemdumpsdx55_jni.modem.so:libxiaomi_modemdump_jni.modem.so:libmodemsmartengine_jni.modem.so:libupdateprof.qti.so:libthermalclient.qti.so:libdiag_system.qti.so:libqape.qti.so:libqesdk_ndk_platform.qti.so:liblistenjni.qti.so:libautoui_image.xiaomi.so
02-01 16:13:46.504 29310 20529 W Settings: Setting airplane_mode_on has moved from android.provider.Settings.System to android.provider.Settings.Global, returning read-only value.
02-01 16:13:46.505 20319 25329 D qdgralloc: Fetching IMapper5 from QtiMapper5
02-01 16:13:46.505 20319 25335 D ApplicationLoaders: Returning zygote-cached class loader: /system/framework/org.apache.http.legacy.jar
02-01 16:13:46.506 20319 25335 D ApplicationLoaders: Returning zygote-cached class loader: /system_ext/framework/androidx.window.extensions.jar
02-01 16:13:46.506 20319 25335 D ApplicationLoaders: Returning zygote-cached class loader: /system_ext/framework/androidx.window.sidecar.jar
02-01 16:13:46.507  3229  5419 D SlaveWifiService: supportDualWifi: false
02-01 16:13:46.507  3229  4734 D SlaveWifiService: supportDualWifi: false
02-01 16:13:46.509 20319 25335 D nativeloader: InitLlndkLibrariesProduct: libEGL.so:libGLESv1_CM.so:libGLESv2.so:libGLESv3.so:libRS.so:libandroid_net.so:libapexsupport.so:libavf.so:libbinder_ndk.so:libc.so:libcgrouprc.so:libclang_rt.asan-aarch64-android.so:libclang_rt.asan-arm-android.so:libclang_rt.hwasan-aarch64-android.so:libcom.android.tethering.connectivity_native.so:libdl.so:libft2.so:liblog.so:libm.so:libmediandk.so:libnativewindow.so:libneuralnetworks.so:libselinux.so:libsync.so:libvendorsupport.so:libvndksupport.so:libvulkan.so
02-01 16:13:46.509 20319 25335 D nativeloader: Configuring product-clns-13 for unbundled product apk /product/app/ContentCatcherOS3/ContentCatcherOS3.apk. target_sdk_version=35, uses_libraries=, library_path=/product/app/ContentCatcherOS3/lib/arm64:/product/app/ContentCatcherOS3/ContentCatcherOS3.apk!/lib/arm64-v8a:/system_ext/priv-app/RtMiCloudSDK/RtMiCloudSDK.apk!/lib/arm64-v8a:/system_ext/app/miuisystem/miuisystem.apk!/lib/arm64-v8a:/product/lib64:/system/product/lib64, permitted_path=/data:/mnt/expand:/product/lib64:/system/product/lib64
02-01 16:13:46.509 29310 20529 E SettingsTree: hide because exception occurs when query: Restore WLAN functionality
02-01 16:13:46.509 29310 20529 E SettingsTree: java.lang.RuntimeException: Can't create handler inside thread Thread[binder:29310_9,5,main] that has not called Looper.prepare()
02-01 16:13:46.509 29310 20529 E SettingsTree: 	at android.os.Handler.<init>(Handler.java:231)
02-01 16:13:46.509 29310 20529 E SettingsTree: 	at android.os.Handler.<init>(Handler.java:133)
02-01 16:13:46.509 29310 20529 E SettingsTree: 	at com.android.settings.development.MiuiWifiFastRepairController$1.<init>(SourceFile:59)
02-01 16:13:46.509 29310 20529 E SettingsTree: 	at com.android.settings.development.MiuiWifiFastRepairController.<init>(SourceFile:59)
02-01 16:13:46.509 29310 20529 E SettingsTree: 	at com.android.settings.search.tree.DevelopmentSettingsTree.getStatus(SourceFile:510)
02-01 16:13:46.509 29310 20529 E SettingsTree: 	at com.android.settingslib.search.SettingsTree.getStatusIgnoreException(SettingsTree.java:575)
02-01 16:13:46.509 29310 20529 E SettingsTree: 	at com.android.settingslib.search.SettingsTree.query(SettingsTree.java:560)
02-01 16:13:46.509 29310 20529 E SettingsTree: 	at com.android.settingslib.search.IndexTree.dispatchQuery(IndexTree.java:198)
02-01 16:13:46.509 29310 20529 E SettingsTree: 	at com.android.settingslib.search.IndexTree.dispatchQuery(IndexTree.java:207)
02-01 16:13:46.509 29310 20529 E SettingsTree: 	at com.android.settingslib.search.IndexTree.dispatchQuery(IndexTree.java:207)
02-01 16:13:46.509 29310 20529 E SettingsTree: 	at com.android.settingslib.search.IndexTree.dispatchQuery(IndexTree.java:207)
02-01 16:13:46.509 29310 20529 E SettingsTree: 	at com.android.settings.search.provider.SettingsTreeHelper.query(SourceFile:121)
02-01 16:13:46.509 29310 20529 E SettingsTree: 	at com.android.settings.search.provider.SettingsProvider.query(SourceFile:72)
02-01 16:13:46.509 29310 20529 E SettingsTree: 	at android.content.ContentProvider.query(ContentProvider.java:1632)
02-01 16:13:46.509 29310 20529 E SettingsTree: 	at android.content.ContentProvider.query(ContentProvider.java:1728)
02-01 16:13:46.509 29310 20529 E SettingsTree: 	at android.content.ContentProvider$Transport.query(ContentProvider.java:296)
02-01 16:13:46.509 29310 20529 E SettingsTree: 	at android.content.ContentProviderNative.onTransact(ContentProviderNative.java:110)
02-01 16:13:46.509 29310 20529 E SettingsTree: 	at android.os.Binder.execTransactInternal(Binder.java:1433)
02-01 16:13:46.509 29310 20529 E SettingsTree: 	at android.os.Binder.execTransact(Binder.java:1372)
02-01 16:13:46.509 20319 25335 D nativeloader: InitVndkspLibrariesProduct: VNDK is deprecated with product
02-01 16:13:46.509 29310 20529 I BluetoothAbsoluteVolumePreferenceController: persist.vendor.bt.a2dp.absvolfeature is true
02-01 16:13:46.509 29310 20529 D BluetoothAbsoluteVolumePreferenceController: absvolfeature is true
02-01 16:13:46.511 20319 20319 D Activity: Activity = ActivityInfo{892073a com.myshop.cafe.MainActivity}, Resume onConfigurationChanged = {0.9 456mcc1mnc [en_US] ldltr sw394dp w394dp h790dp 520dpi nrml long hdr widecg port uimode=12 night finger -keyb/v/h -nav/h winConfig={ mBounds=Rect(0, 0 - 1280, 2772) mAppBounds=Rect(0, 152 - 1280, 2720) mMaxBounds=Rect(0, 0 - 1280, 2772) mDisplayRotation=ROTATION_0 mWindowingMode=fullscreen mActivityType=standard mAlwaysOnTop=undefined mRotation=ROTATION_0 mInSplitScreen=false letterBoxed=false foScaled=false isSpecificEmbedded=false} as.18 s.2 fontWeightAdjustment=0/d/0 themeChanged=6 themeChangedFlags=268466313 display=0 extraData = Bundle[{key_var_font_scale=50}] screenType=0/0}
02-01 16:13:46.512 20319 25335 D ViewContentFactory: initViewContentFetcherClass
02-01 16:13:46.512 20319 25329 I SnapAlloc: Graphics lib is available
02-01 16:13:46.512 20319 25335 D ViewContentFactory: getInterceptorPackageInfo
02-01 16:13:46.512 20319 25335 D ViewContentFactory: getInitialApplication took 0ms
02-01 16:13:46.512 20319 25335 D ViewContentFactory: packageInfo.packageName: com.miui.contentcatcher
02-01 16:13:46.513 20319 25335 D ViewContentFactory: initViewContentFetcherClass took 1ms
02-01 16:13:46.513 20319 25335 I ContentCatcher: ViewContentFetcher : ViewContentFetcher
02-01 16:13:46.513 20319 25335 D ViewContentFactory: createInterceptor took 1ms
02-01 16:13:46.514 20319 25335 E ContentCatcherManager: failed to get ContentCatcherService.
02-01 16:13:46.514  3229  4217 D PKMSImpl: preCheckUidPermission: permission　denied, perm=android.permission.WRITE_SECURE_SETTINGS
02-01 16:13:46.514  3229  4217 D PKMSImpl: preCheckUidPermission: permission　denied, perm=android.permission.WRITE_SECURE_SETTINGS
02-01 16:13:46.515 20319 25335 E ContentCatcherManager: failed to get ContentCatcherService.
02-01 16:13:46.516 20319 20319 D SecurityManager: checkAccessControl flag0
02-01 16:13:46.517 20319 25335 I ContentCatcher: SettingTrigger : register screen QA status observer com.myshop.cafe.MainActivity
02-01 16:13:46.517 20319 25329 I Adreno-UNKNOWN: Using previously loaded IMapper library.
02-01 16:13:46.518 20319 25335 I ContentCatcher: SettingTrigger : register global collect status observer com.myshop.cafe.MainActivity
02-01 16:13:46.518 20319 25335 I ContentCatcher: SettingTrigger : registerUIAgentListener com.myshop.cafe.MainActivity, uid:10458
02-01 16:13:46.519  3229  7922 I DataHub : registerUIAgentListener packageName: com.myshop.cafe~10458, client:miui.security.IUIAgentInteractionClient$Stub$Proxy@2769825
02-01 16:13:46.519  3229  7922 I RemoteCallbackList: register success, put callback for com.myshop.cafe~10458
02-01 16:13:46.520 20319 25329 I AdrenoVK-0: QUALCOMM build          : 2fbb164246, I3836eb2923
02-01 16:13:46.520 20319 25329 I AdrenoVK-0: Build Date              : 07/01/25
02-01 16:13:46.520 20319 25329 I AdrenoVK-0: Shader Compiler Version : E031.47.18.36
02-01 16:13:46.520 20319 25329 I AdrenoVK-0: Local Branch            : 
02-01 16:13:46.520 20319 25329 I AdrenoVK-0: Remote Branch           : refs/tags/AU_LINUX_ANDROID_LA.VENDOR.15.4.0.11.00.00.1088.677
02-01 16:13:46.520 20319 25329 I AdrenoVK-0: Remote Branch           : NONE
02-01 16:13:46.520 20319 25329 I AdrenoVK-0: Reconstruct Branch      : NOTHING
02-01 16:13:46.520 20319 25329 I AdrenoVK-0: Build Config            : S P 18.0.0 AArch64
02-01 16:13:46.520 20319 25329 I AdrenoVK-0: Driver Path             : /vendor/lib64/hw/vulkan.adreno.so
02-01 16:13:46.520 20319 25329 I AdrenoVK-0: Driver Version          : 0800.48
02-01 16:13:46.520 20319 25329 I AdrenoVK-0: PFP                     : 0x01500077
02-01 16:13:46.520 20319 25329 I AdrenoVK-0: ME                      : 0x01500014
02-01 16:13:46.520 20319 25329 I AdrenoVK-0: Application Name    : android framework
02-01 16:13:46.520 20319 25329 I AdrenoVK-0: Application Version : 0x00000000
02-01 16:13:46.520 20319 25329 I AdrenoVK-0: Engine Name         : android framework
02-01 16:13:46.520 20319 25329 I AdrenoVK-0: Engine Version      : 0x00000000
02-01 16:13:46.520 20319 25329 I AdrenoVK-0: Api Version         : 0x00401000
02-01 16:13:46.521 20319 20319 D RenderLite: trim renderNode enable: false
