02-01 16:16:35.625 26782 27007 D RecentsTaskLoader: reloadTasksData [TaskKey{id=1274, stackId=0, baseIntent=Intent { act=android.intent.action.MAIN cat=[android.intent.category.LAUNCHER] flg=0x10200000 cmp=org.telegram.messenger/.DefaultIcon }, userId=0, lastActiveTime=1436844941, windowingMode=1, isThumbnailBlur=false, isAccessLocked=false, isScreening=false, topActivity=ComponentInfo{org.telegram.messenger/org.telegram.ui.LaunchActivity}, mHashCode=38877286}, title=Telegram, titleDescription=Telegram, bounds=null, isLaunchTarget=false, isStackTask=true, isSystemApp=false, isDockable=true, baseActivity=ComponentInfo{org.telegram.messenger/org.telegram.ui.LaunchActivity}, isLocked=false, mNeedHide=false, hasMultipleTasks=false, cti1Key=, cti2Key=] 
02-01 16:16:35.625 26782 27007 D RecentsTaskLoader: reloadTasksData [TaskKey{id=1322, stackId=0, baseIntent=Intent { act=android.intent.action.MAIN cat=[android.intent.category.LAUNCHER] flg=0x10200000 cmp=com.android.settings/.MainSettings }, userId=0, lastActiveTime=1436828593, windowingMode=1, isThumbnailBlur=false, isAccessLocked=false, isScreening=false, topActivity=ComponentInfo{com.android.settings/com.android.settings.MiuiSettings}, mHashCode=40307254}, title=Settings, titleDescription=Settings, bounds=null, isLaunchTarget=false, isStackTask=true, isSystemApp=true, isDockable=true, baseActivity=ComponentInfo{com.android.settings/com.android.settings.MiuiSettings}, isLocked=false, mNeedHide=false, hasMultipleTasks=false, cti1Key=, cti2Key=] 
02-01 16:16:35.625 26782 27007 D RecentsTaskLoader: reloadTasksData [TaskKey{id=1306, stackId=0, baseIntent=Intent { act=android.intent.action.MAIN cat=[android.intent.category.LAUNCHER] flg=0x10200000 cmp=com.android.vending/.AssetBrowserActivity }, userId=0, lastActiveTime=1435844236, windowingMode=1, isThumbnailBlur=false, isAccessLocked=false, isScreening=false, topActivity=ComponentInfo{com.android.vending/com.google.android.finsky.activities.MainActivity}, mHashCode=39830598}, title=Play Store, titleDescription=Google Play Store Play Store, bounds=null, isLaunchTarget=false, isStackTask=true, isSystemApp=true, isDockable=true, baseActivity=ComponentInfo{com.android.vending/com.google.android.finsky.activities.MainActivity}, isLocked=false, mNeedHide=false, hasMultipleTasks=false, cti1Key=, cti2Key=] 
02-01 16:16:35.625 26782 27007 D RecentsTaskLoader: reloadTasksData [TaskKey{id=1296, stackId=0, baseIntent=Intent { act=android.intent.action.VIEW_DOWNLOADS flg=0x10088000 cmp=com.google.android.documentsui/com.android.documentsui.ViewDownloadsActivity }, userId=0, lastActiveTime=1435725474, windowingMode=1, isThumbnailBlur=false, isAccessLocked=false, isScreening=false, topActivity=ComponentInfo{com.google.android.documentsui/com.android.documentsui.files.FilesActivity}, mHashCode=39532688}, title=Files, titleDescription=Files, bounds=null, isLaunchTarget=false, isStackTask=true, isSystemApp=true, isDockable=true, baseActivity=ComponentInfo{com.google.android.documentsui/com.android.documentsui.files.FilesActivity}, isLocked=false, mNeedHide=false, hasMultipleTasks=false, cti1Key=, cti2Key=] 
02-01 16:16:35.627 26451 26466 I SettingsFeatures: isSupportSettingsHaptic: true
02-01 16:16:35.628 26451 26466 I SettingsFeatures: isSupportSettingsHaptic: true
02-01 16:16:35.628  2045  2045 D MI-SF   : isSupportLowBrightnessFpsSwitch current_setting_fps: 120
02-01 16:16:35.628  2045  2045 D MI-SF   : isTpIdleScene ,mAverageFrameRate is 0, 0 
02-01 16:16:35.628  2045  2045 D MI-SF   : modeGroup0 mIsSupportAutomodeForMaxFpsSetting is 0(0), getCurrentBrightness() = 1619(1080), mIsKeepAutoMode 0 isAutoModeAllowed() 1
02-01 16:16:35.628  2045  2045 D RefreshRateSelector: fixedMode_group: 0, isFindModeGroup 0
02-01 16:16:35.628  2045  2045 D RefreshRateSelector: find max refresh rate:120, mode Group:0
02-01 16:16:35.629  1817  4574 I SDM     : NotifyCWBStatus: Notify the client about buffer (0x690bcb0) status 0 for display-0.
02-01 16:16:35.629  1817  4574 I SDM     : SDMConcurrentWriteBack::ProcessCWBStatus: CWB queue is empty. Display: 0
02-01 16:16:35.630  1817  2158 I SDM     : QServiceBackend::notifyCallback: calling qservice command 5
02-01 16:16:35.630  1817  2158 I SDM     : SDMServices::notifyCallback: sdmclient qservice command 5
02-01 16:16:35.631 26451 26466 I SettingsFeatures: isSupportSettingsHaptic: true
02-01 16:16:35.632 26451 29611 I ndroid.settings: AssetManager2(0xb4000071df890218) locale list changing from [] to [en-US]
02-01 16:16:35.633 26451 29611 D TileFetcher: key : ai_real_time_subtitles
02-01 16:16:35.633 26451 29608 D TileFetcher: key : ai_real_time_subtitles
02-01 16:16:35.633 26451 29613 D TileFetcher: key : ai_real_time_subtitles
02-01 16:16:35.633 26451 29609 D TileFetcher: key : ai_real_time_subtitles
02-01 16:16:35.634 26451 29613 D SettingsFeatures: isFoldDevice: false
02-01 16:16:35.635 26451 29613 D SettingsFeatures: isFlipDevice: false
02-01 16:16:35.635 26451 29613 D TileFetcher: getSummaryKey: com.android.settings.ai.enhanced.summary
02-01 16:16:35.635 26451 29613 D TileFetcher: metaData contain key: true
02-01 16:16:35.635 26451 26466 I SettingsFeatures: isSupportSettingsHaptic: true
02-01 16:16:35.635 26451 29614 D TileFetcher: key : ai_real_time_subtitles
02-01 16:16:35.636  2045  2045 D MI-SF   : isSupportLowBrightnessFpsSwitch current_setting_fps: 120
02-01 16:16:35.636  2045  2045 D MI-SF   : isTpIdleScene ,mAverageFrameRate is 0, 0 
02-01 16:16:35.636  2045  2045 D MI-SF   : modeGroup0 mIsSupportAutomodeForMaxFpsSetting is 0(0), getCurrentBrightness() = 1619(1080), mIsKeepAutoMode 0 isAutoModeAllowed() 1
02-01 16:16:35.636  2045  2045 D RefreshRateSelector: fixedMode_group: 0, isFindModeGroup 0
02-01 16:16:35.636  2045  2045 D RefreshRateSelector: find max refresh rate:120, mode Group:0
02-01 16:16:35.636 26451 29614 D SettingsFeatures: isFoldDevice: false
02-01 16:16:35.636 26451 29614 D SettingsFeatures: isFlipDevice: false
02-01 16:16:35.636 26451 29614 D TileFetcher: getSummaryKey: com.android.settings.ai.enhanced.summary
02-01 16:16:35.636 26451 29614 D TileFetcher: metaData contain key: true
02-01 16:16:35.636 26451 29614 D TileFetcher: Authority is missing or empty.
02-01 16:16:35.636 26451 29614 D TileFetcher: key : ai_voice_char_translation
02-01 16:16:35.636 26451 29614 D SettingsFeatures: isFoldDevice: false
02-01 16:16:35.636 26451 29614 D SettingsFeatures: isFlipDevice: false
02-01 16:16:35.636 26451 29614 D TileFetcher: getSummaryKey: com.android.settings.ai.enhanced.summary
02-01 16:16:35.636 26451 29614 D TileFetcher: metaData contain key: true
02-01 16:16:35.636 26451 29608 D SettingsFeatures: isFoldDevice: false
02-01 16:16:35.636 26451 29608 D SettingsFeatures: isFlipDevice: false
02-01 16:16:35.636 26451 29608 D TileFetcher: getSummaryKey: com.android.settings.ai.enhanced.summary
02-01 16:16:35.636 26451 29608 D TileFetcher: metaData contain key: true
02-01 16:16:35.637 26451 29608 D TileFetcher: Tile already exists: ai_real_time_subtitles
02-01 16:16:35.637 26451 29608 D TileFetcher: Authority is missing or empty.
02-01 16:16:35.637 26451 29608 D TileFetcher: key : ai_voice_char_translation
02-01 16:16:35.637 26451 29608 D SettingsFeatures: isFoldDevice: false
02-01 16:16:35.637 26451 29608 D SettingsFeatures: isFlipDevice: false
02-01 16:16:35.637 26451 29608 D TileFetcher: getSummaryKey: com.android.settings.ai.enhanced.summary
02-01 16:16:35.637 26451 29608 D TileFetcher: metaData contain key: true
02-01 16:16:35.637 26451 29609 D SettingsFeatures: isFoldDevice: false
02-01 16:16:35.637 26451 29609 D SettingsFeatures: isFlipDevice: false
02-01 16:16:35.637 26451 29609 D TileFetcher: getSummaryKey: com.android.settings.ai.enhanced.summary
02-01 16:16:35.637 26451 29609 D TileFetcher: metaData contain key: true
02-01 16:16:35.637  1817  2158 I SDM     : QServiceBackend::notifyCallback: calling qservice command 5
02-01 16:16:35.637  1817  2158 I SDM     : SDMServices::notifyCallback: sdmclient qservice command 5
02-01 16:16:35.637 26451 29609 D TileFetcher: Tile already exists: ai_real_time_subtitles
02-01 16:16:35.637 26451 29609 D TileFetcher: Authority is missing or empty.
02-01 16:16:35.637 26451 29609 D TileFetcher: key : ai_voice_char_translation
02-01 16:16:35.637 26451 29609 D SettingsFeatures: isFoldDevice: false
02-01 16:16:35.638 26451 29609 D SettingsFeatures: isFlipDevice: false
02-01 16:16:35.638 26451 29609 D TileFetcher: getSummaryKey: com.android.settings.ai.enhanced.summary
02-01 16:16:35.638 26451 29609 D TileFetcher: metaData contain key: true
02-01 16:16:35.638 26451 29609 D TileFetcher: Tile already exists: ai_voice_char_translation
02-01 16:16:35.638 26451 29615 D TileFetcher: key : ai_real_time_subtitles
02-01 16:16:35.638 26451 29615 D SettingsFeatures: isFoldDevice: false
02-01 16:16:35.638 26451 29615 D SettingsFeatures: isFlipDevice: false
02-01 16:16:35.638 26451 29615 D TileFetcher: getSummaryKey: com.android.settings.ai.enhanced.summary
02-01 16:16:35.638 26451 29615 D TileFetcher: metaData contain key: true
02-01 16:16:35.638 26451 29615 D TileFetcher: Tile already exists: ai_real_time_subtitles
02-01 16:16:35.638 26451 29615 D TileFetcher: Authority is missing or empty.
02-01 16:16:35.638 26451 29611 D SettingsFeatures: isFoldDevice: false
02-01 16:16:35.638 26451 29611 D SettingsFeatures: isFlipDevice: false
02-01 16:16:35.638 26451 29611 D TileFetcher: getSummaryKey: com.android.settings.ai.enhanced.summary
02-01 16:16:35.638 26451 29611 D TileFetcher: metaData contain key: true
02-01 16:16:35.638 26451 29613 D TileFetcher: Tile already exists: ai_real_time_subtitles
02-01 16:16:35.638 26451 29613 D TileFetcher: Authority is missing or empty.
02-01 16:16:35.638 26451 29613 D TileFetcher: key : ai_voice_char_translation
02-01 16:16:35.638 26451 29611 D TileFetcher: Tile already exists: ai_real_time_subtitles
02-01 16:16:35.638 26451 29611 D TileFetcher: Authority is missing or empty.
02-01 16:16:35.638 26451 29613 D SettingsFeatures: isFoldDevice: false
02-01 16:16:35.638 26451 29613 D SettingsFeatures: isFlipDevice: false
02-01 16:16:35.638 26451 29613 D TileFetcher: getSummaryKey: com.android.settings.ai.enhanced.summary
02-01 16:16:35.638 26451 29613 D TileFetcher: metaData contain key: true
02-01 16:16:35.639 26451 29615 D TileFetcher: key : ai_voice_char_translation
02-01 16:16:35.639 26451 29615 D SettingsFeatures: isFoldDevice: false
02-01 16:16:35.639 26451 29615 D SettingsFeatures: isFlipDevice: false
02-01 16:16:35.639 26451 29615 D TileFetcher: getSummaryKey: com.android.settings.ai.enhanced.summary
02-01 16:16:35.639 26451 29615 D TileFetcher: metaData contain key: true
02-01 16:16:35.639 26451 29615 D TileFetcher: Tile already exists: ai_voice_char_translation
02-01 16:16:35.639 26451 29614 D TileFetcher: Tile already exists: ai_voice_char_translation
02-01 16:16:35.639 26451 29611 D TileFetcher: key : ai_voice_char_translation
02-01 16:16:35.639 26451 29611 D SettingsFeatures: isFoldDevice: false
02-01 16:16:35.639 26451 29611 D SettingsFeatures: isFlipDevice: false
02-01 16:16:35.639 26451 29611 D TileFetcher: getSummaryKey: com.android.settings.ai.enhanced.summary
02-01 16:16:35.639 26451 29611 D TileFetcher: metaData contain key: true
02-01 16:16:35.640 26451 29611 D TileFetcher: Tile already exists: ai_voice_char_translation
02-01 16:16:35.640  1046 11603 I AiCrEngine_OpenCapabilityProvider: call capCode=5001, isSupportCapability=true, method=method_ai_search_support, arg=com.miui.notification
02-01 16:16:35.640  1046 32204 I AiCrEngine_OpenCapabilityProvider: call capCode=5001, isSupportCapability=true, method=method_ai_search_support, arg=com.miui.notification
02-01 16:16:35.640  1046  1366 I AiCrEngine_OpenCapabilityProvider: call capCode=5001, isSupportCapability=true, method=method_ai_search_support, arg=com.miui.notification
02-01 16:16:35.640  3229  5798 D FileUtils: Rounded bytes from 11779403776 to 16000000000
02-01 16:16:35.640  1046   787 I AiCrEngine_OpenCapabilityProvider: call capCode=5001, isSupportCapability=true, method=method_ai_search_support, arg=com.miui.notification
02-01 16:16:35.640 26451 29613 D TileFetcher: Tile already exists: ai_voice_char_translation
02-01 16:16:35.641  1046 32204 I AiCrEngine_I_.StatusUtils.isRAMSupport: ram = 11GB
02-01 16:16:35.641  1046 11603 I AiCrEngine_I_.StatusUtils.isRAMSupport: ram = 11GB
02-01 16:16:35.641 26451 29614 D TileFetcher: Authority is missing or empty.
02-01 16:16:35.641  1046  1366 I AiCrEngine_I_.StatusUtils.isRAMSupport: ram = 11GB
02-01 16:16:35.641  1046   789 I AiCrEngine_OpenCapabilityProvider: call capCode=5001, isSupportCapability=true, method=method_ai_search_support, arg=com.miui.notification
02-01 16:16:35.642  1046  4753 I AiCrEngine_OpenCapabilityProvider: call capCode=5001, isSupportCapability=true, method=method_ai_search_support, arg=com.miui.notification
02-01 16:16:35.642  1046   789 I AiCrEngine_I_.StatusUtils.isRAMSupport: ram = 11GB
02-01 16:16:35.642  1046  4753 I AiCrEngine_I_.StatusUtils.isRAMSupport: ram = 11GB
02-01 16:16:35.642 26451 29611 D TileFetcher: Authority is missing or empty.
02-01 16:16:35.642  1046   787 I AiCrEngine_I_.StatusUtils.isRAMSupport: ram = 11GB
02-01 16:16:35.643 26451 29611 I ndroid.settings: AssetManager2(0xb4000071df88aa98) locale list changing from [] to [en-US]
02-01 16:16:35.643 26451 29613 D TileFetcher: Authority is missing or empty.
02-01 16:16:35.643 26451 29608 D TileFetcher: Authority is missing or empty.
02-01 16:16:35.643 26451 29613 D TileFetcher: key : ai_search
02-01 16:16:35.643 26451 29608 D TileFetcher: key : ai_search
02-01 16:16:35.644  2045  2045 D MI-SF   : isSupportLowBrightnessFpsSwitch current_setting_fps: 120
02-01 16:16:35.644  2045  2045 D MI-SF   : isTpIdleScene ,mAverageFrameRate is 0, 0 
02-01 16:16:35.644  2045  2045 D MI-SF   : modeGroup0 mIsSupportAutomodeForMaxFpsSetting is 0(0), getCurrentBrightness() = 1619(1080), mIsKeepAutoMode 0 isAutoModeAllowed() 1
02-01 16:16:35.644  2045  2045 D RefreshRateSelector: fixedMode_group: 0, isFindModeGroup 0
02-01 16:16:35.644  2045  2045 D RefreshRateSelector: find max refresh rate:120, mode Group:0
02-01 16:16:35.645 26451 29609 D TileFetcher: Authority is missing or empty.
02-01 16:16:35.645  1817  2158 I SDM     : QServiceBackend::notifyCallback: calling qservice command 5
02-01 16:16:35.645  1817  2158 I SDM     : SDMServices::notifyCallback: sdmclient qservice command 5
02-01 16:16:35.646 26451 26466 I SettingsFeatures: isSupportSettingsHaptic: true
02-01 16:16:35.646 26451 26466 I SettingsFeatures: isSupportSettingsHaptic: true
02-01 16:16:35.648 26451 29615 D TileFetcher: Authority is missing or empty.
02-01 16:16:35.648 26451 29613 D SettingsFeatures: isFoldDevice: false
02-01 16:16:35.648 26451 29613 D SettingsFeatures: isFlipDevice: false
02-01 16:16:35.648 26451 29613 D TileFetcher: getSummaryKey: com.android.settings.ai.enhanced.summary
02-01 16:16:35.648 26451 29613 D TileFetcher: metaData contain key: true
02-01 16:16:35.648 26451 29608 D SettingsFeatures: isFoldDevice: false
02-01 16:16:35.649 26451 29608 D SettingsFeatures: isFlipDevice: false
02-01 16:16:35.649 26451 29608 D TileFetcher: getSummaryKey: com.android.settings.ai.enhanced.summary
02-01 16:16:35.649 26451 29608 D TileFetcher: metaData contain key: true
02-01 16:16:35.649 26451 29609 D TileFetcher: key : ai_search
02-01 16:16:35.649 26451 29615 D TileFetcher: key : ai_search
02-01 16:16:35.650 26451 29609 D SettingsFeatures: isFoldDevice: false
02-01 16:16:35.650 26451 29609 D SettingsFeatures: isFlipDevice: false
02-01 16:16:35.650 26451 29609 D TileFetcher: getSummaryKey: com.android.settings.ai.enhanced.summary
02-01 16:16:35.650 26451 29609 D TileFetcher: metaData contain key: true
02-01 16:16:35.650 26451 29615 D SettingsFeatures: isFoldDevice: false
02-01 16:16:35.650 26451 29615 D SettingsFeatures: isFlipDevice: false
02-01 16:16:35.650 26451 29615 D TileFetcher: getSummaryKey: com.android.settings.ai.enhanced.summary
02-01 16:16:35.650 26451 29615 D TileFetcher: metaData contain key: true
02-01 16:16:35.650 26451 29615 D TileFetcher: Tile already exists: ai_search
02-01 16:16:35.650 26451 29614 D TileFetcher: key : ai_search
02-01 16:16:35.650 26451 29608 D TileFetcher: Tile already exists: ai_search
02-01 16:16:35.650 26451 29614 D SettingsFeatures: isFoldDevice: false
02-01 16:16:35.650 26451 29614 D SettingsFeatures: isFlipDevice: false
02-01 16:16:35.650 26451 29614 D TileFetcher: getSummaryKey: com.android.settings.ai.enhanced.summary
02-01 16:16:35.650 26451 29614 D TileFetcher: metaData contain key: true
02-01 16:16:35.650 26451 29614 D TileFetcher: Tile already exists: ai_search
02-01 16:16:35.651 26451 29613 D TileFetcher: Tile already exists: ai_search
02-01 16:16:35.652  2045  2045 D MI-SF   : isSupportLowBrightnessFpsSwitch current_setting_fps: 120
02-01 16:16:35.652  2045  2045 D MI-SF   : isTpIdleScene ,mAverageFrameRate is 0, 0 
02-01 16:16:35.652  2045  2045 D MI-SF   : modeGroup0 mIsSupportAutomodeForMaxFpsSetting is 0(0), getCurrentBrightness() = 1619(1080), mIsKeepAutoMode 0 isAutoModeAllowed() 1
02-01 16:16:35.652  2045  2045 D RefreshRateSelector: fixedMode_group: 0, isFindModeGroup 0
02-01 16:16:35.652  2045  2045 D RefreshRateSelector: find max refresh rate:120, mode Group:0
02-01 16:16:35.653 26451 29615 I ndroid.settings: AssetManager2(0xb4000071df857af8) locale list changing from [] to [en-US]
02-01 16:16:35.654 26451 29611 D TileFetcher: key : ai_search
02-01 16:16:35.654 26451 29611 D SettingsFeatures: isFoldDevice: false
02-01 16:16:35.654 26451 29611 D SettingsFeatures: isFlipDevice: false
02-01 16:16:35.654 26451 29611 D TileFetcher: getSummaryKey: com.android.settings.ai.enhanced.summary
02-01 16:16:35.654 26451 29611 D TileFetcher: metaData contain key: true
02-01 16:16:35.654 26451 29611 D TileFetcher: Tile already exists: ai_search
02-01 16:16:35.654  1817  2158 I SDM     : QServiceBackend::notifyCallback: calling qservice command 5
02-01 16:16:35.654  1817  2158 I SDM     : SDMServices::notifyCallback: sdmclient qservice command 5
02-01 16:16:35.656 26451 26466 I SettingsFeatures: isSupportSettingsHaptic: true
02-01 16:16:35.656 25971 25971 I com.myshop.cafe: Using CollectorTypeCC GC.
02-01 16:16:35.657  3229  4734 I SmartPower: com.android.soundrecorder/10279(22254): idle->background(165451ms) R(content provider start ContentProviderRecord{44fe495 u0 com.android.soundrecorder/.AiSettingsSupportProvider}) adj=701.
02-01 16:16:35.657 26451 26466 I SettingsFeatures: isSupportSettingsHaptic: true
02-01 16:16:35.659  3229  4157 I MiuiNetworkPolicy: updateUidState uid = 10279, uidState = 8
02-01 16:16:35.660 16587 16602 I adbd    : jdwp connection from 25971
02-01 16:16:35.661  2045  2045 D MI-SF   : isSupportLowBrightnessFpsSwitch current_setting_fps: 120
02-01 16:16:35.661  2045  2045 D MI-SF   : isTpIdleScene ,mAverageFrameRate is 0, 0 
02-01 16:16:35.661  2045  2045 D MI-SF   : modeGroup0 mIsSupportAutomodeForMaxFpsSetting is 0(0), getCurrentBrightness() = 1619(1080), mIsKeepAutoMode 0 isAutoModeAllowed() 1
02-01 16:16:35.661  2045  2045 D RefreshRateSelector: fixedMode_group: 0, isFindModeGroup 0
02-01 16:16:35.661  2045  2045 D RefreshRateSelector: find max refresh rate:120, mode Group:0
02-01 16:16:35.662  1817  2158 I SDM     : QServiceBackend::notifyCallback: calling qservice command 5
02-01 16:16:35.662  1817  2158 I SDM     : SDMServices::notifyCallback: sdmclient qservice command 5
02-01 16:16:35.662 22254 22318 D AiSettingsSupportProvider: call method is allowAiEnhancedDisplay
02-01 16:16:35.663 22254 22318 I AiSettingsSupportProvider: device is onyx, allowAiEnhancedDisplay call method result is true
02-01 16:16:35.664 22254 22332 D AiSettingsSupportProvider: call method is allowAiEnhancedDisplay
02-01 16:16:35.664 25971 25971 D nativeloader: Load libframework-connectivity-tiramisu-jni.so using APEX ns com_android_tethering for caller /apex/com.android.tethering/javalib/framework-connectivity-t.jar: ok
02-01 16:16:35.665 22254 22317 D AiSettingsSupportProvider: call method is allowAiEnhancedDisplay
02-01 16:16:35.667 22254 29628 D AiSettingsSupportProvider: call method is allowAiEnhancedDisplay
02-01 16:16:35.668 22254 29630 D AiSettingsSupportProvider: call method is allowAiEnhancedDisplay
02-01 16:16:35.668  7202 28955 D VA_speech_recognize_DynamicContext: AppDetailV1.available_apps App: 142 apps
02-01 16:16:35.669  2045  2045 D MI-SF   : isSupportLowBrightnessFpsSwitch current_setting_fps: 120
02-01 16:16:35.669  2045  2045 D MI-SF   : isTpIdleScene ,mAverageFrameRate is 0, 0 
02-01 16:16:35.669  2045  2045 D MI-SF   : modeGroup0 mIsSupportAutomodeForMaxFpsSetting is 0(0), getCurrentBrightness() = 1619(1080), mIsKeepAutoMode 0 isAutoModeAllowed() 1
02-01 16:16:35.669  2045  2045 D RefreshRateSelector: fixedMode_group: 0, isFindModeGroup 0
02-01 16:16:35.669  2045  2045 D RefreshRateSelector: find max refresh rate:120, mode Group:0
02-01 16:16:35.669  7202 28558 D VA_speech_recognize_DynamicContext: AppDetailV1.available_apps App: 142 apps
02-01 16:16:35.670  7202 28955 I VA_AppChangeTracker: [] getDeltaApps: 1 items
02-01 16:16:35.670  1817  2158 I SDM     : QServiceBackend::notifyCallback: calling qservice command 5
02-01 16:16:35.670  1817  2158 I SDM     : SDMServices::notifyCallback: sdmclient qservice command 5
02-01 16:16:35.670  7202 28955 I VA_speech_recognize_DynamicContext: [] AppDetailV1.delta_apps 1 App
02-01 16:16:35.671 22254 29632 D AiSettingsSupportProvider: call method is allowAiEnhancedDisplay
02-01 16:16:35.671  7202 28955 I VA_speech_recognize_DynamicContext: [-][0] =, =myShop Coffee, =com.myshop.cafe, =Optional[1.0.0], =1
02-01 16:16:35.671  7202 28558 I VA_AppChangeTracker: [] getDeltaApps: 1 items
02-01 16:16:35.671  7202 28955 D VA_speech_recognize_DynamicContext: [] AppChangeTracker
02-01 16:16:35.671  3229  4734 I Perf[AppStartScene]: onSceneChangeNotify:Bundle[{applicationThread=android.os.BinderProxy@de7e9aa, hostingRecordName={com.myshop.cafe/com.myshop.cafe.MainActivity}, hostingRecordType=next-top-activity, pid=25971, uid=10458, type=0, state=3, processName=com.myshop.cafe, packageName=com.myshop.cafe, applicationThreadExt=android.os.BinderProxy@86c799b}]
02-01 16:16:35.671  3229  4734 V ActivityManager: New death recipient com.android.server.am.ActivityManagerService$AppDeathRecipient@c1f3138 for thread android.os.BinderProxy@de7e9aa
02-01 16:16:35.672  7202 28955 D VA_PrivacyInfoProvider: isPrivacySwitchOpen name:key_personalize status:false
02-01 16:16:35.672  7202 28955 I VA_speech_recognize_DynamicContext: foreground_android_window null
02-01 16:16:35.673  7202 28955 I VA_ContextObserver: uploadChangedContext:[{"header":{"name":"ExternalState","namespace":"UIController"},"payload":{"current_activity":"com.miui.permcenter.install.AdbInstallActivity","current_exist_image":false,"current_interface":"com.miui.permcenter.install.AdbInstallActivity","multi_window_mode":false}}, {"header":{"name":"AppDetailV1","namespace":"Application"},"payload":{"available_apps":[{"app_name":"ACLEDA","is_background":false,"pkg_name":"com.domain.acledabankqr","version_code":450442,"version_name":"7.47"},{"app_name":"YouTube","is_background":false,"pkg_name":"com.google.android.youtube","version_code":1561052626,"version_name":"21.04.222"},{"app_name":"Falou","is_background":false,"pkg_name":"com.moymer.falou","version_code":486,"version_name":"0.0.90"},{"app_name":"ReVanced Manager Plus","is_background":false,"pkg_name":"com.revanced.net.revancedmanager","version_code":113,"version_name":"3.0.16"},{"app_name":"Google","is_background":true,"pkg_name":"com.google.android.googlequicksearchbox","version_code":301684842,"version_name":"17.3.60.ve.arm64"},{"app_name":"AliExpress","is_background":true,"pkg_name":"com.alibaba.aliexpresshd","version_code":80005770,"version_name":"8.152.4"},{"app_name":"Vainglory","is_background":false,"pkg_name":"com.superevilmegacorp.game","version_code":147219,"version_name":"4.13.4 (147219)"},{"app_name":"Telegram","is_background":true,"pkg_name":"org.telegram.messenger","version_code":63852,"version_name":"12.3.1"},{"app_name":"Docs","is_background":false,"pkg_name":"com.google.android.apps.docs.editors.docs","version_code":220670477,"version_name":"1.26.035.00.90"},{"app_name":"Shazam","is_background":true,"pkg_name":"com.shazam.android","version_code":1602600,"version_name":"16.26.0-260122"},{"app_name":"PeatsAudio","is_background":false,"pkg_name":"com.xingkeqi.peats","version_code":8487218,"version_name":"1.9.31"},{"app_name":"Nicegram","is_background":false,"pkg_name":"app.nicegram","version_code":1979,"version_name":"1.50.0"},{"app_name":"Themes store","is_background":false,"pkg_name":"com.miui.themestore","version_code":23,"version_name":"23.0"},{"app_name":"YouTube Music","is_background":false,"pkg_name":"anddea.youtube.music","version_code":83054240,"version_name":"8.30.54"},{"app_name":"YouTube ReVanced","is_background":false,"pkg_name":"app.revanced.android.youtube","version_code":1553866176,"version_name":"20.14.43"},{"app_name":"FSMVID","is_background":false,"pkg_name":"org.chromium.webapk.a9ea329cff241e10a_v2","version_code":1,"version_name":"1"},{"app_name":"Gallery","is_background":true,"pkg_name":"com.miui.gallery","version_code":4030063,"version_name":"4.3.0.63"},{"app_name":"Khmer Lunar Calendar","is_background":false,"pkg_name":"com.rotha.calendar2015","version_code":424,"version_name":"5.9.2"},{"app_name":"Python","is_background":false,"pkg_name":"python.programming.coding.python3.development","version_code":174,"version_name":"4.2.74"},{"app_name":"Unify AUB","is_background":false,"pkg_name":"kh.edu.aub.unify","version_code":2,"version_name":"1.0.0"},{"app_name":"ZTOCambodia","is_background":false,"pkg_name":"com.zto.intl.cambodia","version_code":80,"version_name":"1.28.0"},{"app_name":"Authenticator","is_background":false,"pkg_name":"com.google.android.apps.authenticator2","version_code":7001050,"version_name":"7.0"},{"app_name":"Messages","is_background":false,"pkg_name":"com.google.android.apps.messaging","version_code":276717063,"version_name":"messages.android_20250422_03_RC01.phone_dynamic"},{"app_name":"QR & Barcode Scanner","is_background":false,"pkg_name":"com.gamma.scan","version_code":219,"version_name":"2.2.119"},{"app_name":"Discord","is_background":false,"pkg_name":"com.discord","version_code":313009,"version_name":"313.9 - Stable"},{"app_name":"ChatGPT","is_background":true,"pkg_name":"com.openai.chatgpt","version_code":2602017,"version_name":"1.2026.020"},{"app_name":"Duolingo","is_background":false,"pkg_name":"com.duolingo","version_code":2075,"version_name":"6.25.4"},{"app_name":"Browser","is_background":true
02-01 16:16:35.673  7202 28955 I VA_MiSpeechSDK:MiAiEngine: updateChangeContext: mFirstEventId is empty, do nothing
02-01 16:16:35.673  7202 28558 I VA_speech_recognize_DynamicContext: [] AppDetailV1.delta_apps 1 App
02-01 16:16:35.673  7202 28558 I VA_speech_recognize_DynamicContext: [-][0] =, =myShop Coffee, =com.myshop.cafe, =Optional[1.0.0], =1
02-01 16:16:35.673  7202 28558 D VA_speech_recognize_DynamicContext: [] AppChangeTracker
02-01 16:16:35.674  7202 28558 D VA_PrivacyInfoProvider: isPrivacySwitchOpen name:key_personalize status:false
02-01 16:16:35.674  7202 28558 I VA_speech_recognize_DynamicContext: foreground_android_window null
02-01 16:16:35.675  7202 28558 I VA_ContextObserver: uploadChangedContext:[{"header":{"name":"ExternalState","namespace":"UIController"},"payload":{"current_activity":"com.miui.home.launcher.Launcher","current_exist_image":false,"current_interface":"com.miui.home.launcher.Launcher","multi_window_mode":false}}, {"header":{"name":"AppDetailV1","namespace":"Application"},"payload":{"available_apps":[{"app_name":"ACLEDA","is_background":false,"pkg_name":"com.domain.acledabankqr","version_code":450442,"version_name":"7.47"},{"app_name":"YouTube","is_background":false,"pkg_name":"com.google.android.youtube","version_code":1561052626,"version_name":"21.04.222"},{"app_name":"Falou","is_background":false,"pkg_name":"com.moymer.falou","version_code":486,"version_name":"0.0.90"},{"app_name":"ReVanced Manager Plus","is_background":false,"pkg_name":"com.revanced.net.revancedmanager","version_code":113,"version_name":"3.0.16"},{"app_name":"Google","is_background":true,"pkg_name":"com.google.android.googlequicksearchbox","version_code":301684842,"version_name":"17.3.60.ve.arm64"},{"app_name":"AliExpress","is_background":true,"pkg_name":"com.alibaba.aliexpresshd","version_code":80005770,"version_name":"8.152.4"},{"app_name":"Vainglory","is_background":false,"pkg_name":"com.superevilmegacorp.game","version_code":147219,"version_name":"4.13.4 (147219)"},{"app_name":"Telegram","is_background":true,"pkg_name":"org.telegram.messenger","version_code":63852,"version_name":"12.3.1"},{"app_name":"Docs","is_background":false,"pkg_name":"com.google.android.apps.docs.editors.docs","version_code":220670477,"version_name":"1.26.035.00.90"},{"app_name":"Shazam","is_background":true,"pkg_name":"com.shazam.android","version_code":1602600,"version_name":"16.26.0-260122"},{"app_name":"PeatsAudio","is_background":false,"pkg_name":"com.xingkeqi.peats","version_code":8487218,"version_name":"1.9.31"},{"app_name":"Nicegram","is_background":false,"pkg_name":"app.nicegram","version_code":1979,"version_name":"1.50.0"},{"app_name":"Themes store","is_background":false,"pkg_name":"com.miui.themestore","version_code":23,"version_name":"23.0"},{"app_name":"YouTube Music","is_background":false,"pkg_name":"anddea.youtube.music","version_code":83054240,"version_name":"8.30.54"},{"app_name":"YouTube ReVanced","is_background":false,"pkg_name":"app.revanced.android.youtube","version_code":1553866176,"version_name":"20.14.43"},{"app_name":"FSMVID","is_background":false,"pkg_name":"org.chromium.webapk.a9ea329cff241e10a_v2","version_code":1,"version_name":"1"},{"app_name":"Gallery","is_background":true,"pkg_name":"com.miui.gallery","version_code":4030063,"version_name":"4.3.0.63"},{"app_name":"Khmer Lunar Calendar","is_background":false,"pkg_name":"com.rotha.calendar2015","version_code":424,"version_name":"5.9.2"},{"app_name":"Python","is_background":false,"pkg_name":"python.programming.coding.python3.development","version_code":174,"version_name":"4.2.74"},{"app_name":"Unify AUB","is_background":false,"pkg_name":"kh.edu.aub.unify","version_code":2,"version_name":"1.0.0"},{"app_name":"ZTOCambodia","is_background":false,"pkg_name":"com.zto.intl.cambodia","version_code":80,"version_name":"1.28.0"},{"app_name":"Authenticator","is_background":false,"pkg_name":"com.google.android.apps.authenticator2","version_code":7001050,"version_name":"7.0"},{"app_name":"Messages","is_background":false,"pkg_name":"com.google.android.apps.messaging","version_code":276717063,"version_name":"messages.android_20250422_03_RC01.phone_dynamic"},{"app_name":"QR & Barcode Scanner","is_background":false,"pkg_name":"com.gamma.scan","version_code":219,"version_name":"2.2.119"},{"app_name":"Discord","is_background":false,"pkg_name":"com.discord","version_code":313009,"version_name":"313.9 - Stable"},{"app_name":"ChatGPT","is_background":true,"pkg_name":"com.openai.chatgpt","version_code":2602017,"version_name":"1.2026.020"},{"app_name":"Duolingo","is_background":false,"pkg_name":"com.duolingo","version_code":2075,"version_name":"6.25.4"},{"app_name":"Browser","is_background":true,"pkg_name":"com.android.brows
02-01 16:16:35.675  3229  4734 D CompatibilityInfo: mCompatibilityFlags - 0
02-01 16:16:35.675  3229  4734 D CompatibilityInfo: applicationDensity - 520
02-01 16:16:35.675  3229  4734 D CompatibilityInfo: applicationScale - 1.0
02-01 16:16:35.675  7202 28558 I VA_MiSpeechSDK:MiAiEngine: updateChangeContext: mFirstEventId is empty, do nothing
02-01 16:16:35.676 22254 22332 I AiSettingsSupportProvider: device is onyx, allowAiEnhancedDisplay call method result is true
02-01 16:16:35.677 26451 29613 D TileFetcher: key : ai_sound_recognition
02-01 16:16:35.677 26451 29613 D SettingsFeatures: isFoldDevice: false
02-01 16:16:35.677 26451 29613 D SettingsFeatures: isFlipDevice: false
02-01 16:16:35.677 26451 29613 D TileFetcher: getSummaryKey: com.android.settings.ai.enhanced.summary
02-01 16:16:35.677 26451 29613 D TileFetcher: metaData contain key: true
02-01 16:16:35.677  2045  2045 D MI-SF   : isSupportLowBrightnessFpsSwitch current_setting_fps: 120
02-01 16:16:35.677  2045  2045 D MI-SF   : isTpIdleScene ,mAverageFrameRate is 0, 0 
02-01 16:16:35.677  2045  2045 D MI-SF   : modeGroup0 mIsSupportAutomodeForMaxFpsSetting is 0(0), getCurrentBrightness() = 1619(1080), mIsKeepAutoMode 0 isAutoModeAllowed() 1
02-01 16:16:35.677  2045  2045 D RefreshRateSelector: fixedMode_group: 0, isFindModeGroup 0
02-01 16:16:35.677  2045  2045 D RefreshRateSelector: find max refresh rate:120, mode Group:0
02-01 16:16:35.677 22254 29632 I AiSettingsSupportProvider: device is onyx, allowAiEnhancedDisplay call method result is true
02-01 16:16:35.678  3229  3381 D Aurogon :  uid = 10458 switch to FG
02-01 16:16:35.678 22254 29630 I AiSettingsSupportProvider: device is onyx, allowAiEnhancedDisplay call method result is true
02-01 16:16:35.679 22254 22317 I AiSettingsSupportProvider: device is onyx, allowAiEnhancedDisplay call method result is true
02-01 16:16:35.679 26451 29608 D TileFetcher: key : ai_sound_recognition
02-01 16:16:35.679 26451 29608 D SettingsFeatures: isFoldDevice: false
02-01 16:16:35.679 26451 29608 D SettingsFeatures: isFlipDevice: false
02-01 16:16:35.679  3229  3381 I Location.SSRU: foregroundActivities IS trueUID ID 10458, home is false
02-01 16:16:35.679 26451 29608 D TileFetcher: getSummaryKey: com.android.settings.ai.enhanced.summary
02-01 16:16:35.679 26451 29608 D TileFetcher: metaData contain key: true
02-01 16:16:35.679 26451 29608 D TileFetcher: Tile already exists: ai_sound_recognition
02-01 16:16:35.680  3229  4734 I ATMSImpl: cacheTasksForDefaultDisplay size=6 topId=1332
02-01 16:16:35.680 22254 29628 I AiSettingsSupportProvider: device is onyx, allowAiEnhancedDisplay call method result is true
02-01 16:16:35.681  3229  4481 D BackgroundInstallControlService: Package event received: 0
02-01 16:16:35.681 26451 29611 D TileFetcher: key : ai_sound_recognition
02-01 16:16:35.681 26451 29611 D SettingsFeatures: isFoldDevice: false
02-01 16:16:35.681 26451 29611 D SettingsFeatures: isFlipDevice: false
02-01 16:16:35.681 26451 29611 D TileFetcher: getSummaryKey: com.android.settings.ai.enhanced.summary
02-01 16:16:35.681 26451 29611 D TileFetcher: metaData contain key: true
02-01 16:16:35.681  1817  2158 I SDM     : QServiceBackend::notifyCallback: calling qservice command 5
02-01 16:16:35.681  1817  2158 I SDM     : SDMServices::notifyCallback: sdmclient qservice command 5
02-01 16:16:35.681 26451 29611 D TileFetcher: Tile already exists: ai_sound_recognition
02-01 16:16:35.682 26451 29609 D TileFetcher: key : ai_sound_recognition
02-01 16:16:35.682 26451 29609 D SettingsFeatures: isFoldDevice: false
02-01 16:16:35.682 26451 29609 D SettingsFeatures: isFlipDevice: false
02-01 16:16:35.682 26451 29609 D TileFetcher: getSummaryKey: com.android.settings.ai.enhanced.summary
02-01 16:16:35.682 26451 29609 D TileFetcher: metaData contain key: true
02-01 16:16:35.683 26451 29609 D TileFetcher: Tile already exists: ai_sound_recognition
02-01 16:16:35.683 26451 29615 D TileFetcher: key : ai_sound_recognition
02-01 16:16:35.683 26451 29615 D SettingsFeatures: isFoldDevice: false
02-01 16:16:35.683 26451 29615 D SettingsFeatures: isFlipDevice: false
02-01 16:16:35.683 26451 29615 D TileFetcher: getSummaryKey: com.android.settings.ai.enhanced.summary
02-01 16:16:35.683 26451 29615 D TileFetcher: metaData contain key: true
02-01 16:16:35.683 26451 29615 D TileFetcher: Tile already exists: ai_sound_recognition
02-01 16:16:35.684 32369  5963 D ForegroundUtils: Foreground UID status:
02-01 16:16:35.684 32369  5963 D ForegroundUtils: UID: 1002 is in foreground: true
02-01 16:16:35.684 32369  5963 D ForegroundUtils: UID: 10137 is in foreground: false
02-01 16:16:35.684 32369  5963 D ForegroundUtils: UID: 10140 is in foreground: true
02-01 16:16:35.684 32369  5963 D ForegroundUtils: UID: 10207 is in foreground: false
02-01 16:16:35.684 32369  5963 D ForegroundUtils: UID: 10217 is in foreground: true
02-01 16:16:35.684 26451 29614 D TileFetcher: key : ai_sound_recognition
02-01 16:16:35.684 32369  5963 D ForegroundUtils: UID: 10225 is in foreground: true
02-01 16:16:35.684 32369  5963 D ForegroundUtils: UID: 10257 is in foreground: false
02-01 16:16:35.684 32369  5963 D ForegroundUtils: UID: 10314 is in foreground: false
02-01 16:16:35.684 32369  5963 D ForegroundUtils: UID: 10326 is in foreground: false
02-01 16:16:35.684 32369  5963 D ForegroundUtils: UID: 10436 is in foreground: false
02-01 16:16:35.684 32369  5963 D ForegroundUtils: UID: 10458 is in foreground: true
02-01 16:16:35.684 26451 29614 D SettingsFeatures: isFoldDevice: false
02-01 16:16:35.684 26451 29614 D SettingsFeatures: isFlipDevice: false
02-01 16:16:35.684 26451 29614 D TileFetcher: getSummaryKey: com.android.settings.ai.enhanced.summary
02-01 16:16:35.684 26451 29614 D TileFetcher: metaData contain key: true
02-01 16:16:35.684 26451 29614 D TileFetcher: Tile already exists: ai_sound_recognition
02-01 16:16:35.684 31796 31796 D AppLifecycleObserver: onReceive: com.myshop.cafe FOREGROUND
02-01 16:16:35.684 25971 29629 D MiuiDownscaleImpl: set override inverted scale : 1.0
02-01 16:16:35.685 31796 31796 D PkgUtils: getApplicationInfo packageName:com.myshop.cafe, flags:128 applicationInfo:ApplicationInfo{ca6d470 com.myshop.cafe} needSecondSpace:false
02-01 16:16:35.685  7202  7306 D VA_ActivityUtils: getTopActivity packageName:ComponentInfo{com.myshop.cafe/com.myshop.cafe.MainActivity}
02-01 16:16:35.685  7202  7306 D VA_AppStateWatcher: currentPkgName:com.myshop.cafe, className:com.myshop.cafe.MainActivity, lastPkgName:com.miui.home
02-01 16:16:35.685  7202  7202 D VA_TopAppChangedObserver: onAppChanged...com.myshop.cafe
02-01 16:16:35.685  7202  7202 D VA_TopAppChangedObserver: onAppChanged notify listener:j
02-01 16:16:35.685  7202  7202 I VA_HybridLifecycleListener: onTopAppChanged: newApp=com.myshop.cafe from=com.miui.home fromPkg=com.myshop.cafe
02-01 16:16:35.685  3229  4481 D BackgroundInstallControlService: Package event received: 0
02-01 16:16:35.686  3229  4409 E HyperSentinel: ->pid:26451,processName:"com.android.settings",Rss Memory Size Change 223092kb -> 298028kb
02-01 16:16:35.686  2045  2045 D MI-SF   : isSupportLowBrightnessFpsSwitch current_setting_fps: 120
02-01 16:16:35.686  2045  2045 D MI-SF   : isTpIdleScene ,mAverageFrameRate is 0, 0 
02-01 16:16:35.686  2045  2045 D MI-SF   : modeGroup0 mIsSupportAutomodeForMaxFpsSetting is 0(0), getCurrentBrightness() = 1619(1080), mIsKeepAutoMode 0 isAutoModeAllowed() 1
02-01 16:16:35.686  2045  2045 D RefreshRateSelector: fixedMode_group: 0, isFindModeGroup 0
02-01 16:16:35.686  2045  2045 D RefreshRateSelector: find max refresh rate:120, mode Group:0
02-01 16:16:35.686  3229  4409 E HyperSentinel: ->pid:25971,processName:"usap64",Rss Memory Size Change 81388kb -> 130860kb
02-01 16:16:35.686  7202  7202 D VA_TopAppChangedObserver: onAppChanged notify listener:e
02-01 16:16:35.686  7202  7202 I VA_ContextObserver: onForegroundAppChanged:, newApp:com.myshop.cafe, className:com.myshop.cafe.MainActivity, from:com.miui.home
02-01 16:16:35.686  3229  4408 W MiuiSentinelMemoryManager: Proc create was not completed, cmdline could not be read correctly
02-01 16:16:35.687 25971 29629 D AppScoutStateMachine: 25971-ScoutStateMachinecreated
02-01 16:16:35.687 25971 25971 D CompatChangeReporter: Compat change id reported: 242716250; UID 10458; state: ENABLED
02-01 16:16:35.688 32710  3037 V OsAgent : broadcastSystemEvent - 7
02-01 16:16:35.688  7202  7202 D VA_TopAppChangedObserver: onAppChanged notify listener:
02-01 16:16:35.688  7202  7202 I VA_ConversationManager: lastQueryOrigin====double_click_fullscreen_gesture_line;fromCar=false
02-01 16:16:35.688  7202  7202 D VA_QueryRecorder: getQueryInfo: requestId is empty
02-01 16:16:35.688  7202  7202 D VA_OperationManager: getQueryInfo: QueryInfo(dialogId=null, queryText=null, queryExtraInfo=null, isFromAiInputPage=false, isRenewSession=null, skillId=null)
02-01 16:16:35.688  7202  7202 I VA_ConversationManager: lastQueryOrigin====double_click_fullscreen_gesture_line;fromDevice=false
02-01 16:16:35.688  7202  7202 D VA_TopAppChangedObserver: onAppChanged notify listener:a
02-01 16:16:35.688  7202  7202 I VA__LAS_LocalAppSearch: onTopAppChanged: com.myshop.cafe
02-01 16:16:35.689  3229  4157 I MiuiNetworkPolicy: updateUidState uid = 10458, uidState = 2
02-01 16:16:35.689  3229  4157 I MiuiNetworkPolicy: updateWmmForUidState uid: 10458 state: 2 wmm: 1
02-01 16:16:35.692  3229  3313 D NetworkManagement: wlan0 <====> 1
02-01 16:16:35.692  3229  3313 I MiuiNetworkPolicy: label wlan0, uid 10314, active true, tsNanos 1436849427222832
02-01 16:16:35.693  3229  5882 I ATMSImpl: cacheTasksForDefaultDisplay size=6 topId=1332
02-01 16:16:35.694  2045  2045 D MI-SF   : isSupportLowBrightnessFpsSwitch current_setting_fps: 120
02-01 16:16:35.694  2045  2045 D MI-SF   : isTpIdleScene ,mAverageFrameRate is 0, 0 
02-01 16:16:35.694  2045  2045 D MI-SF   : modeGroup0 mIsSupportAutomodeForMaxFpsSetting is 0(0), getCurrentBrightness() = 1619(1080), mIsKeepAutoMode 0 isAutoModeAllowed() 1
02-01 16:16:35.694  2045  2045 D RefreshRateSelector: fixedMode_group: 0, isFindModeGroup 0
02-01 16:16:35.694  2045  2045 D RefreshRateSelector: find max refresh rate:120, mode Group:0
02-01 16:16:35.695  3229  4157 I MiuiNetworkPolicyTrafficLimit: updateWhiteListUidForMobileTraffic uid=10458,add=true
02-01 16:16:35.695  3229  4157 I MiuiNetworkPolicy: getEnableLimitTimeout when thermal mode is:0
02-01 16:16:35.695  3229  4157 D MiuiNetworkPolicy: updateLimit mLimitEnabled=false,enabled=true,mNetworkPriorityMode=1,mThermalForceMode=0
02-01 16:16:35.696  7202 28558 D VA_Voicesdk:Util: getTopActivityNotXiaoAi componentNameComponentInfo{com.myshop.cafe/com.myshop.cafe.MainActivity}
02-01 16:16:35.696  3229  4157 D MiuiNetworkPolicyTrafficLimit: updateWhiteListUidForMobileTraffic rst=true
02-01 16:16:35.698 26451 29615 I ndroid.settings: AssetManager2(0xb4000071df852058) locale list changing from [] to [en-US]
02-01 16:16:35.698  3229  5882 I ATMSImpl: cacheTasksForDefaultDisplay size=6 topId=1332
02-01 16:16:35.698  7202 28558 D VA_Voicesdk:Util: componentNameComponentInfo{com.myshop.cafe/com.myshop.cafe.MainActivity}
02-01 16:16:35.698  7202 28558 E VA_FloatManager: ActivityContext is null.
02-01 16:16:35.699  7202 28558 I VA_WindowUtils: isMultiWindowMode windowingMode:1
02-01 16:16:35.699 26451 29615 D TileFetcher: Authority is missing or empty.
02-01 16:16:35.700 26451 29615 D TileFetcher: key : ai_photo_editing
02-01 16:16:35.700 26451 29614 D TileFetcher: Authority is missing or empty.
02-01 16:16:35.700 26451 29614 D TileFetcher: key : ai_photo_editing
02-01 16:16:35.700  7202 28558 D VA_FloatManager: isMultiWindowMode: isMultiWindowMode=false
02-01 16:16:35.700  7202 28558 I VA_ActionFileHelper: hasCard, isModelImageCard=false, isCreativeCard=false
02-01 16:16:35.700  7202 28558 I VA_ContextsUtils: getExternalStateContext pageName:com.myshop.cafe.MainActivity topClass:com.myshop.cafe.MainActivity isExistPicCard:false isMultiWindowMode:false
02-01 16:16:35.700  7202 28558 I VA_ContextsUtils: getExternalStateContext floatScreen pageName:com.myshop.cafe.MainActivity
02-01 16:16:35.700 26451 29615 D SettingsFeatures: isFoldDevice: false
02-01 16:16:35.700 26451 29615 D SettingsFeatures: isFlipDevice: false
02-01 16:16:35.700 26451 29615 D TileFetcher: getSummaryKey: com.android.settings.ai.enhanced.summary
02-01 16:16:35.700 26451 29615 D TileFetcher: metaData contain key: true
02-01 16:16:35.701 26451 29611 D TileFetcher: Authority is missing or empty.
02-01 16:16:35.701 26451 29611 D TileFetcher: key : ai_photo_editing
02-01 16:16:35.701 26451 29611 D SettingsFeatures: isFoldDevice: false
02-01 16:16:35.701 26451 29611 D SettingsFeatures: isFlipDevice: false
02-01 16:16:35.701 26451 29611 D TileFetcher: getSummaryKey: com.android.settings.ai.enhanced.summary
02-01 16:16:35.701 26451 29611 D TileFetcher: metaData contain key: true
02-01 16:16:35.701 26451 29608 D TileFetcher: Authority is missing or empty.
02-01 16:16:35.701 26451 29614 D SettingsFeatures: isFoldDevice: false
02-01 16:16:35.701 26451 29614 D SettingsFeatures: isFlipDevice: false
02-01 16:16:35.701 26451 29614 D TileFetcher: getSummaryKey: com.android.settings.ai.enhanced.summary
02-01 16:16:35.701 26451 29614 D TileFetcher: metaData contain key: true
02-01 16:16:35.701 26451 29613 D TileFetcher: Authority is missing or empty.
02-01 16:16:35.701 26451 29608 D TileFetcher: key : ai_photo_editing
02-01 16:16:35.702 26451 29609 D TileFetcher: Authority is missing or empty.
02-01 16:16:35.702 26451 29611 D TileFetcher: Tile already exists: ai_photo_editing
02-01 16:16:35.702 26451 29608 D SettingsFeatures: isFoldDevice: false
02-01 16:16:35.702 26451 29608 D SettingsFeatures: isFlipDevice: false
02-01 16:16:35.702 26451 29608 D TileFetcher: getSummaryKey: com.android.settings.ai.enhanced.summary
02-01 16:16:35.702 26451 29608 D TileFetcher: metaData contain key: true
02-01 16:16:35.702 26451 29613 D TileFetcher: key : ai_photo_editing
02-01 16:16:35.702 26451 29615 D TileFetcher: Tile already exists: ai_photo_editing
02-01 16:16:35.702  2045  2045 D MI-SF   : isSupportLowBrightnessFpsSwitch current_setting_fps: 120
02-01 16:16:35.702  2045  2045 D MI-SF   : isTpIdleScene ,mAverageFrameRate is 0, 0 
02-01 16:16:35.702  2045  2045 D MI-SF   : modeGroup0 mIsSupportAutomodeForMaxFpsSetting is 0(0), getCurrentBrightness() = 1619(1080), mIsKeepAutoMode 0 isAutoModeAllowed() 1
02-01 16:16:35.702  2045  2045 D RefreshRateSelector: fixedMode_group: 0, isFindModeGroup 0
02-01 16:16:35.702  2045  2045 D RefreshRateSelector: find max refresh rate:120, mode Group:0
02-01 16:16:35.703 26451 29613 D SettingsFeatures: isFoldDevice: false
02-01 16:16:35.703 26451 29613 D SettingsFeatures: isFlipDevice: false
02-01 16:16:35.703 26451 29613 D TileFetcher: getSummaryKey: com.android.settings.ai.enhanced.summary
02-01 16:16:35.703 26451 29613 D TileFetcher: metaData contain key: true
02-01 16:16:35.703 26451 29613 D TileFetcher: Tile already exists: ai_photo_editing
02-01 16:16:35.703 26451 29609 D TileFetcher: key : ai_photo_editing
02-01 16:16:35.703 26451 29609 D SettingsFeatures: isFoldDevice: false
02-01 16:16:35.703 26451 29609 D SettingsFeatures: isFlipDevice: false
02-01 16:16:35.703 26451 29609 D TileFetcher: getSummaryKey: com.android.settings.ai.enhanced.summary
02-01 16:16:35.703 26451 29609 D TileFetcher: metaData contain key: true
02-01 16:16:35.703 26451 29609 D TileFetcher: Tile already exists: ai_photo_editing
02-01 16:16:35.705 26451 29609 I ndroid.settings: AssetManager2(0xb4000071df8b5d38) locale list changing from [] to [en-US]
02-01 16:16:35.706  2045  2740 E HwcComposer: getLuts failed Status(-129, EX_TRANSACTION_FAILED): 'UNKNOWN_TRANSACTION: '
02-01 16:16:35.707 26451 29608 D TileFetcher: Tile already exists: ai_photo_editing
02-01 16:16:35.708  7202 26798 I VA_BusinessContextHelper: queryCurrentPage: query result is 
02-01 16:16:35.708  7202 28558 I VA_ContextsUtils: getExternalStateContext currentPage: currentInterfaceType:UNKNOWN
02-01 16:16:35.710  3229  4734 I SmartPower: com.miui.notes/10276(9576): idle->background(6078ms) R(content provider start ContentProviderRecord{4ce7b64 u0 com.miui.notes/.ai.provider.AiTextWidgetBlockProvider}) adj=701.
02-01 16:16:35.711  3229  4157 I MiuiNetworkPolicy: updateUidState uid = 10276, uidState = 8
02-01 16:16:35.711  2045  2045 D MI-SF   : isSupportLowBrightnessFpsSwitch current_setting_fps: 120
02-01 16:16:35.711  2045  2045 D MI-SF   : isTpIdleScene ,mAverageFrameRate is 0, 0 
02-01 16:16:35.711  2045  2045 D MI-SF   : modeGroup0 mIsSupportAutomodeForMaxFpsSetting is 0(0), getCurrentBrightness() = 1619(1080), mIsKeepAutoMode 0 isAutoModeAllowed() 1
02-01 16:16:35.711  2045  2045 D RefreshRateSelector: fixedMode_group: 0, isFindModeGroup 0
02-01 16:16:35.711  2045  2045 D RefreshRateSelector: find max refresh rate:120, mode Group:0
02-01 16:16:35.712  5169  5443 D MiuiDecorationMoveHelper: periodicallyMoveUpFirst mTaskId=1332, windowingMode=1, caller=Sampling
02-01 16:16:35.712  3229  5882 I GreezeManager: Receive frozen binder trans: dstUid=10276 dstPid=9576 callerUid=1000 callerPid=26451 callerTid=29613 delay=0ms buf=4 oneway=false code=21
02-01 16:16:35.714  3229  4283 D GreezeManager: THAW uid = 10276 pid = [ 9576 ]  reason : provider caller : 1000
02-01 16:16:35.715  3229  4283 D ExternalInterface: setUidState, uid = 10276 allow = true
02-01 16:16:35.715  3229  4283 D GreezeCallback: thawedByOther uid=10276 pid=9576
02-01 16:16:35.718  9576  9864 D NoteApp : [com.miui.notes|AiTextWidgetBlockProvider][pid@9576|tid@77318-binder:9576_4|call method is allowAiEnhancedDisplay]
02-01 16:16:35.719  2045  2045 D MI-SF   : isSupportLowBrightnessFpsSwitch current_setting_fps: 120
02-01 16:16:35.719  2045  2045 D MI-SF   : isTpIdleScene ,mAverageFrameRate is 60, 0 
02-01 16:16:35.719  2045  2045 D MI-SF   : modeGroup0 mIsSupportAutomodeForMaxFpsSetting is 0(0), getCurrentBrightness() = 1619(1080), mIsKeepAutoMode 0 isAutoModeAllowed() 1
02-01 16:16:35.719  2045  2045 D RefreshRateSelector: fixedMode_group: 0, isFindModeGroup 0
02-01 16:16:35.719  2045  2045 D RefreshRateSelector: find max refresh rate:120, mode Group:0
02-01 16:16:35.723  9576  9864 D NoteApp : [com.miui.notes|RomUtils][pid@9576|tid@77318-binder:9576_4|HyperOsVersion: 3]
02-01 16:16:35.724  9576  9864 I NoteApp : [com.miui.notes|AiTextWidgetBlockProvider][pid@9576|tid@77318-binder:9576_4|allowAiEnhancedDisplay call method result is true]
