02-01 16:16:35.517  3229  3922 D BarFollowAnimation: onTaskAppearedForCaptionBar Task{a33419d #1332 type=standard A=10458:com.myshop.cafe}
02-01 16:16:35.517  3229  3922 D miuiBarFollowAnimation:  BarFollowAnimation core services Flag is effective
02-01 16:16:35.517  3229  3922 D miuiElementAnimation:  ElementAnimation core services Flag is effective
02-01 16:16:35.517  3229  3922 I Transition: calculateTargets isHomeOpen = false, isHomeLaunchApp = true
02-01 16:16:35.517  3229  3922 D TransitionImpl: forceAddToTransition
02-01 16:16:35.517  3229  3922 D TransitionImpl: forceAddToTransition
02-01 16:16:35.517  3229  3922 D TransitionImpl: forceAddToTransition
02-01 16:16:35.517  3229  3922 D TransitionImpl: forceAddToTransition
02-01 16:16:35.517  3229  3922 D TransitionImpl: forceAddToTransition
02-01 16:16:35.517  3229  3922 D WindowManager: Final targets: [ChangeInfo{c33973a container=Task{a33419d #1332 type=standard A=10458:com.myshop.cafe} flags=0x10}, ChangeInfo{c89e9f4 container=Task{8549e9a #882 type=home} flags=0x10}, ChangeInfo{2b9251d container=WallpaperWindowToken{32bdd52 showWhenLocked=false} flags=0x0}]
02-01 16:16:35.518  3229  3922 I DynamicIslandService: elementSurfaceTransition is null for:com.miui.home
02-01 16:16:35.519  3229  3922 D WindowManager: Calling onTransitionReady info={id=9371 t=OPEN f=0x0 trk=0 r=[0@Point(0, 0)] c=[{WCT{RemoteToken{a55b160 Task{a33419d #1332 type=standard A=10458:com.myshop.cafe}}} m=OPEN f=NONE leash=Surface(name=Task=1332#249210)/@0x60a874 sb=Rect(0, 0 - 1280, 2772) eb=Rect(0, 0 - 1280, 2772) epz=Point(1280, 2772) d=0 taskParent=-1 v=trueMiuiChangeImpl {miuiEmbedding:false, scale:1.0}},{WCT{RemoteToken{85c284c Task{8549e9a #882 type=home}}} m=TO_BACK f=SHOW_WALLPAPER leash=Surface(name=Task=882#160425)/@0x35bfbaf sb=Rect(0, 0 - 1280, 2772) eb=Rect(0, 0 - 1280, 2772) epz=Point(1280, 2772) d=0 taskParent=-1 v=falseMiuiChangeImpl {miuiEmbedding:false, scale:1.0}},{m=TO_BACK f=IS_WALLPAPER leash=Surface(name=WallpaperWindowToken{32bdd52 showWhenLocked=false}#63)/@0x5e13120 sb=Rect(0, 0 - 1280, 2772) eb=Rect(0, 0 - 1280, 2772) epz=Point(1280, 2772) d=0 v=falseMiuiChangeImpl {miuiEmbedding:false, scale:1.0}}] mk=[false] noAni=[false] df=[false] rsa=[false] oa=[false] nc=[0] ho=[false] hla=[true] iSync=[-1]}, mToken=Token{2c7f619 TransitionRecord{319ad81 id=9371 type=OPEN flags=0x0 c=[
02-01 16:16:35.519  3229  3922 D WindowManager:    ChangeInfo{c7596de container=Task{8362c1 #883 type=home I=com.miui.home/.launcher.Launcher} flags=0x10}
02-01 16:16:35.519  3229  3922 D WindowManager:    ChangeInfo{2b9251d container=WallpaperWindowToken{32bdd52 showWhenLocked=false} flags=0x0}
02-01 16:16:35.519  3229  3922 D WindowManager:    ChangeInfo{fbd10bf container=ActivityRecord{109763923 u0 com.miui.home/.launcher.Launcher t883} flags=0x0}
02-01 16:16:35.519  3229  3922 D WindowManager:    ChangeInfo{d8e8e65 container=ActivityRecord{127032870 u0 com.myshop.cafe/.MainActivity t1332} flags=0x0}
02-01 16:16:35.519  3229  3922 D WindowManager:    ChangeInfo{c89e9f4 container=Task{8549e9a #882 type=home} flags=0x10}
02-01 16:16:35.519  3229  3922 D WindowManager:    ChangeInfo{c33973a container=Task{a33419d #1332 type=standard A=10458:com.myshop.cafe} flags=0x10}
02-01 16:16:35.519  3229  3922 D WindowManager:    ChangeInfo{ae73feb container=Display{#0 state=ON size=1280x2772 ROTATION_0} flags=0x0}
02-01 16:16:35.519  3229  3922 D WindowManager:    ChangeInfo{4b20148 container=DefaultTaskDisplayArea@200565417 flags=0x0}
02-01 16:16:35.519  3229  3922 D WindowManager:    ChangeInfo{154838c container=WallpaperWindowToken{dc4b2b5 showWhenLocked=true} flags=0x0}
02-01 16:16:35.519  3229  3922 D WindowManager: ]
02-01 16:16:35.519  3229  3922 D WindowManager: }}
02-01 16:16:35.519  3229  4283 D ExternalInterface: setUidState, uid = 10376 allow = false
02-01 16:16:35.520  3229  3922 D BLASTSyncEngine: [DH_DEBUG]remove timeout #9371 callback=com.android.server.wm.BLASTSyncEngine$SyncGroup$$ExternalSyntheticLambda2@8178568
02-01 16:16:35.520  7202 28955 E VA_MapUtil: isInstalled NameNotFound com.autonavi.minimap
02-01 16:16:35.520  5169  5706 V WindowManagerShell: onTransitionReady(transaction=13868451581494)
02-01 16:16:35.520  7202 28955 E VA_MapUtil: isInstalled NameNotFound com.baidu.BaiduMap
02-01 16:16:35.520  3229  3385 I WindowManager: wms.showSurfaceRobustly mWin:Window{46db758 u0 com.miui.miwallpaper.wallpaperservice.MiuiKeyguardPictorialWallpaper} in Surface(name=com.miui.miwallpaper.wallpaperservice.MiuiKeyguardPictorialWallpaper#57)/@0xdb806ed
02-01 16:16:35.520  3229  4562 D BarFollowAnimation: disableBarAnimation change={WCT{RemoteToken{a55b160 Task{a33419d #1332 type=standard A=10458:com.myshop.cafe}}} m=OPEN f=NONE leash=Surface(name=Task=1332#249210)/@0x60a874 sb=Rect(0, 0 - 1280, 2772) eb=Rect(0, 0 - 1280, 2772) epz=Point(1280, 2772) d=0 taskParent=-1 v=trueMiuiChangeImpl {miuiEmbedding:false, scale:1.0}} 1 1
02-01 16:16:35.520  3229  4562 D BarFollowAnimation: disableBarAnimation change={WCT{RemoteToken{85c284c Task{8549e9a #882 type=home}}} m=TO_BACK f=SHOW_WALLPAPER leash=Surface(name=Task=882#160425)/@0x35bfbaf sb=Rect(0, 0 - 1280, 2772) eb=Rect(0, 0 - 1280, 2772) epz=Point(1280, 2772) d=0 taskParent=-1 v=falseMiuiChangeImpl {miuiEmbedding:false, scale:1.0}} 1 1
02-01 16:16:35.520  3229  4562 D BarFollowAnimation: disableBarAnimation change={m=TO_BACK f=IS_WALLPAPER leash=Surface(name=WallpaperWindowToken{32bdd52 showWhenLocked=false}#63)/@0x5e13120 sb=Rect(0, 0 - 1280, 2772) eb=Rect(0, 0 - 1280, 2772) epz=Point(1280, 2772) d=0 v=falseMiuiChangeImpl {miuiEmbedding:false, scale:1.0}} 1 1
02-01 16:16:35.521  3229  4562 D BarFollowAnimation: startStatusBarAnimation change= {WCT{RemoteToken{a55b160 Task{a33419d #1332 type=standard A=10458:com.myshop.cafe}}} m=OPEN f=NONE leash=Surface(name=Task=1332#249210)/@0x60a874 sb=Rect(0, 0 - 1280, 2772) eb=Rect(0, 0 - 1280, 2772) epz=Point(1280, 2772) d=0 taskParent=-1 v=trueMiuiChangeImpl {miuiEmbedding:false, scale:1.0}} isRecent=false startWindowMode=1 endWindowMode=1 statusState=-1 isRotationAnimation=false
02-01 16:16:35.521  7202 28955 E VA_MapUtil: isInstalled NameNotFound com.tencent.map
02-01 16:16:35.521  3229  4562 D BarFollowAnimation: startStatusBarAnimation change= {WCT{RemoteToken{85c284c Task{8549e9a #882 type=home}}} m=TO_BACK f=SHOW_WALLPAPER leash=Surface(name=Task=882#160425)/@0x35bfbaf sb=Rect(0, 0 - 1280, 2772) eb=Rect(0, 0 - 1280, 2772) epz=Point(1280, 2772) d=0 taskParent=-1 v=falseMiuiChangeImpl {miuiEmbedding:false, scale:1.0}} isRecent=false startWindowMode=1 endWindowMode=1 statusState=-1 isRotationAnimation=false
02-01 16:16:35.521  3229  4562 D BarFollowAnimation: startStatusBarAnimation hometask=Task{8549e9a #882 type=home}
02-01 16:16:35.521  3229  4562 D BarFollowAnimation: startStatusBarAnimation mHomeSurface=Surface(name=StatusBar Container of Task = 882#160427)/@0xcbb9745
02-01 16:16:35.521  3229  4562 D BarFollowAnimation: startStatusBarAnimation task=Task{a33419d #1332 type=standard A=10458:com.myshop.cafe}
02-01 16:16:35.521  3229  4562 D BarFollowAnimation: startStatusBarAnimation mAppSurface=Surface(name=StatusBar Container of Task = 1332#249212)/@0x912615e
02-01 16:16:35.521  3229  4562 D BarFollowAnimation: bindAssociatedTask task=Task{a33419d #1332 type=standard A=10458:com.myshop.cafe}
02-01 16:16:35.521  3229  4562 D BarFollowAnimation: bindAssociatedTask task=Task{a33419d #1332 type=standard A=10458:com.myshop.cafe}
02-01 16:16:35.521  5169  5443 V WindowManagerShell: onTransitionReady (#9371) android.os.BinderProxy@ca8ecba: {id=9371 t=OPEN f=0x0 trk=0 r=[0@Point(0, 0)] c=[
02-01 16:16:35.521  5169  5443 V WindowManagerShell:         {m=OPEN f=NONE leash=Surface(name=Task=1332#249210)/@0xc5aa624 sb=Rect(0, 0 - 1280, 2772) eb=Rect(0, 0 - 1280, 2772) epz=Point(1280, 2772) d=0 taskParent=-1 v=trueMiuiChangeImpl {miuiEmbedding:false, scale:1.0}},
02-01 16:16:35.521  5169  5443 V WindowManagerShell:         {m=TO_BACK f=SHOW_WALLPAPER leash=Surface(name=Task=882#160425)/@0x4b20f53 sb=Rect(0, 0 - 1280, 2772) eb=Rect(0, 0 - 1280, 2772) epz=Point(1280, 2772) d=0 taskParent=-1 v=falseMiuiChangeImpl {miuiEmbedding:false, scale:1.0}},
02-01 16:16:35.521  5169  5443 V WindowManagerShell:         {m=TO_BACK f=IS_WALLPAPER leash=Surface(name=WallpaperWindowToken{32bdd52 showWhenLocked=false}#63)/@0x7b0f18e sb=Rect(0, 0 - 1280, 2772) eb=Rect(0, 0 - 1280, 2772) epz=Point(1280, 2772) d=0 v=falseMiuiChangeImpl {miuiEmbedding:false, scale:1.0}}] mk=[false] noAni=[false] df=[false] rsa=[false] oa=[false] nc=[0] ho=[false] hla=[true] iSync=[-1
02-01 16:16:35.521  5169  5443 V WindowManagerShell:     ]}
02-01 16:16:35.521  3229  4562 D BarFollowAnimation: startNavBarAnimation show  homeTypeCount = 1 standardTypeCount = 1 mAppSurface = Surface(name=NavigationBar Container of Task = 1332#249211)/@0x7b471e3
02-01 16:16:35.521  3229  4562 D BarFollowAnimation: startNavBarAnimation show homeSurface!
02-01 16:16:35.521 26782 26840 I IPCThreadState: oneway function results for code 5 on binder at 0xb40000733f920fc0 will be dropped but finished with status UNKNOWN_TRANSACTION
02-01 16:16:35.521  3229  4562 D BarFollowAnimation:  navBarVisible source = InsetsSource: {9b140001 mType=navigationBars mFrame=[0,2720][1280,2772] mVisible=true mFlags=SUPPRESS_SCRIM mSideHint=BOTTOM mBoundingRects=null}
02-01 16:16:35.521  3229  6820 V Configuration: Updating configuration, locales updated from [] to [en_US]
02-01 16:16:35.521  7202 28955 E VA_PackageUtils: getVersionName: error not installed pkgName = com.xiaomi.drivemode
02-01 16:16:35.521  3229  4562 D BarFollowAnimation: startNavBarAnimation  mIsFromApp = true mLastTransitionFinished = true mIsFromRecents = false isAppCrash = false isLandscapeActivity = false mHasHideAppSurface = false mNavBarState = -1
02-01 16:16:35.521  5169  5443 D MultiTaskingTaskRepository: addOrMoveFullscreenTaskToTop::taskId = 1332
02-01 16:16:35.521  3229  6820 V Configuration: Updating configuration, locales updated from [] to [en_US]
02-01 16:16:35.521  5169  5443 D MiuiMultiWindowUtils: supportMultiWindow: isSupportDevice = -1
02-01 16:16:35.521  7202 28955 W VA_PackageUtilsV2: getVersionCode: error
02-01 16:16:35.521  5169  5443 D MiuiMultiWindowUtils: supportMultiWindow: isSupportDevice = -1
02-01 16:16:35.521  5169  5443 D MiuiMultiWindowRecommendHelper: device not support split screen recommend
02-01 16:16:35.521  5169  5443 D MultiTaskingTaskRepository: putOrUpdateTaskInfo::taskInfo.taskId = 1332 current mMultiTaskingTaskInfoList:  ,1322 ,1306 ,1296 ,1274 ,5 ,4
02-01 16:16:35.521  5169  5443 D MultiTaskingTaskRepository: java.lang.Throwable
02-01 16:16:35.521  5169  5443 D MultiTaskingTaskRepository: 	at com.android.wm.shell.multitasking.common.taskmanager.MultiTaskingTaskRepository.updateMultiTaskingTaskInfo(go/retraceme a76872c0cca63111507a066b717e45e36bf3721782c020a9ee74ad218a8186ed:71)
02-01 16:16:35.521  5169  5443 D MultiTaskingTaskRepository: 	at com.android.wm.shell.multitasking.common.taskmanager.MultiTaskingTaskRepository.putOrUpdateTaskInfo(go/retraceme a76872c0cca63111507a066b717e45e36bf3721782c020a9ee74ad218a8186ed:40)
02-01 16:16:35.521  5169  5443 D MultiTaskingTaskRepository: 	at com.android.wm.shell.multitasking.common.taskmanager.MultiTaskingTaskRepository.onOpenTransitionReady(go/retraceme a76872c0cca63111507a066b717e45e36bf3721782c020a9ee74ad218a8186ed:2)
02-01 16:16:35.521  5169  5443 D MultiTaskingTaskRepository: 	at com.android.wm.shell.multitasking.common.taskmanager.MultiTaskingTransitionObserver.onOpenTransitionReady(go/retraceme a76872c0cca63111507a066b717e45e36bf3721782c020a9ee74ad218a8186ed:11)
02-01 16:16:35.521  5169  5443 D MultiTaskingTaskRepository: 	at com.android.wm.shell.multitasking.common.taskmanager.MultiTaskingTransitionObserver.onTransitionReady(go/retraceme a76872c0cca63111507a066b717e45e36bf3721782c020a9ee74ad218a8186ed:58)
02-01 16:16:35.521  5169  5443 D MultiTaskingTaskRepository: 	at com.android.wm.shell.transition.Transitions.dispatchReady(go/retraceme a76872c0cca63111507a066b717e45e36bf3721782c020a9ee74ad218a8186ed:237)
02-01 16:16:35.521  5169  5443 D MultiTaskingTaskRepository: 	at com.android.wm.shell.transition.Transitions.onTransitionReady(go/retraceme a76872c0cca63111507a066b717e45e36bf3721782c020a9ee74ad218a8186ed:269)
02-01 16:16:35.521  5169  5443 D MultiTaskingTaskRepository: 	at com.android.wm.shell.transition.Transitions$TransitionPlayerImpl$$ExternalSyntheticLambda1.run(go/retraceme a76872c0cca63111507a066b717e45e36bf3721782c020a9ee74ad218a8186ed:48)
02-01 16:16:35.521  5169  5443 D MultiTaskingTaskRepository: 	at android.os.Handler.handleCallback(Handler.java:995)
02-01 16:16:35.521  5169  5443 D MultiTaskingTaskRepository: 	at android.os.Handler.dispatchMessage(Handler.java:103)
02-01 16:16:35.521  5169  5443 D MultiTaskingTaskRepository: 	at android.os.Looper.loopOnce(Looper.java:265)
02-01 16:16:35.521  5169  5443 D MultiTaskingTaskRepository: 	at android.os.Looper.loop(Looper.java:358)
02-01 16:16:35.521  5169  5443 D MultiTaskingTaskRepository: 	at android.os.HandlerThread.run(HandlerThread.java:85)
02-01 16:16:35.521  5169  5443 I MultiTaskingTaskInfo: MultiTaskingBaseTaskInfo::MultiTaskingBaseTaskInfo::mTaskBounds = Rect(0, 0 - 1280, 2772), mTaskId = 1332
02-01 16:16:35.522  5169  5443 D MultiTaskingAnimTarget: setAnimParam bounds: Rect(0, 0 - 1280, 2772) scaleX: 1.0 scaleY: 1.0
02-01 16:16:35.522  5169  5443 D MultiTaskingAnimTarget: java.lang.Throwable
02-01 16:16:35.522  5169  5443 D MultiTaskingAnimTarget: 	at com.android.wm.shell.multitasking.common.animation.MultiTaskingAnimTarget.setAnimParam(go/retraceme a76872c0cca63111507a066b717e45e36bf3721782c020a9ee74ad218a8186ed:35)
02-01 16:16:35.522  5169  5443 D MultiTaskingAnimTarget: 	at com.android.wm.shell.multitasking.common.animation.MultiTaskingFolmeControl.updateBaseAnimParam(go/retraceme a76872c0cca63111507a066b717e45e36bf3721782c020a9ee74ad218a8186ed:15)
02-01 16:16:35.522  5169  5443 D MultiTaskingAnimTarget: 	at com.android.wm.shell.multitasking.common.taskmanager.MultiTaskingTaskInfo.<init>(go/retraceme a76872c0cca63111507a066b717e45e36bf3721782c020a9ee74ad218a8186ed:35)
02-01 16:16:35.522  5169  5443 D MultiTaskingAnimTarget: 	at com.android.wm.shell.multitasking.common.taskmanager.MultiTaskingTaskRepository.updateMultiTaskingTaskInfo(go/retraceme a76872c0cca63111507a066b717e45e36bf3721782c020a9ee74ad218a8186ed:102)
02-01 16:16:35.522  5169  5443 D MultiTaskingAnimTarget: 	at com.android.wm.shell.multitasking.common.taskmanager.MultiTaskingTaskRepository.putOrUpdateTaskInfo(go/retraceme a76872c0cca63111507a066b717e45e36bf3721782c020a9ee74ad218a8186ed:40)
02-01 16:16:35.522  5169  5443 D MultiTaskingAnimTarget: 	at com.android.wm.shell.multitasking.common.taskmanager.MultiTaskingTaskRepository.onOpenTransitionReady(go/retraceme a76872c0cca63111507a066b717e45e36bf3721782c020a9ee74ad218a8186ed:2)
02-01 16:16:35.522  5169  5443 D MultiTaskingAnimTarget: 	at com.android.wm.shell.multitasking.common.taskmanager.MultiTaskingTransitionObserver.onOpenTransitionReady(go/retraceme a76872c0cca63111507a066b717e45e36bf3721782c020a9ee74ad218a8186ed:11)
02-01 16:16:35.522  5169  5443 D MultiTaskingAnimTarget: 	at com.android.wm.shell.multitasking.common.taskmanager.MultiTaskingTransitionObserver.onTransitionReady(go/retraceme a76872c0cca63111507a066b717e45e36bf3721782c020a9ee74ad218a8186ed:58)
02-01 16:16:35.522  5169  5443 D MultiTaskingAnimTarget: 	at com.android.wm.shell.transition.Transitions.dispatchReady(go/retraceme a76872c0cca63111507a066b717e45e36bf3721782c020a9ee74ad218a8186ed:237)
02-01 16:16:35.522  5169  5443 D MultiTaskingAnimTarget: 	at com.android.wm.shell.transition.Transitions.onTransitionReady(go/retraceme a76872c0cca63111507a066b717e45e36bf3721782c020a9ee74ad218a8186ed:269)
02-01 16:16:35.522  5169  5443 D MultiTaskingAnimTarget: 	at com.android.wm.shell.transition.Transitions$TransitionPlayerImpl$$ExternalSyntheticLambda1.run(go/retraceme a76872c0cca63111507a066b717e45e36bf3721782c020a9ee74ad218a8186ed:48)
02-01 16:16:35.522  5169  5443 D MultiTaskingAnimTarget: 	at android.os.Handler.handleCallback(Handler.java:995)
02-01 16:16:35.522  5169  5443 D MultiTaskingAnimTarget: 	at android.os.Handler.dispatchMessage(Handler.java:103)
02-01 16:16:35.522  5169  5443 D MultiTaskingAnimTarget: 	at android.os.Looper.loopOnce(Looper.java:265)
02-01 16:16:35.522  5169  5443 D MultiTaskingAnimTarget: 	at android.os.Looper.loop(Looper.java:358)
02-01 16:16:35.522  5169  5443 D MultiTaskingAnimTarget: 	at android.os.HandlerThread.run(HandlerThread.java:85)
02-01 16:16:35.522  5169  5443 D MultiTaskingFolmeControl: updateBaseAnimParam taskId = 1332 taskBounds : Rect(0, 0 - 1280, 2772)
02-01 16:16:35.522  5169  5543 I MultiTaskingCoverLayerController: create cover layer, tag = 1332
02-01 16:16:35.522  5169  5443 D MulWinSwitchDecorViewModel: createWindowDecoration: taskId=1332, isHome=false, windowingMode=1, mWindowDecorByTaskId.size()=6, callers=com.android.wm.shell.multitasking.miuimultiwinswitch.miuiwindowdecor.MulWinSwitchDecorViewModel.onTaskOpening:7 com.android.wm.shell.freeform.FreeformTaskTransitionObserver.onTransitionReady:262 com.android.wm.shell.transition.Transitions.dispatchReady:237 com.android.wm.shell.transition.Transitions.onTransitionReady:269 com.android.wm.shell.transition.Transitions$TransitionPlayerImpl$$ExternalSyntheticLambda1.run:48 
02-01 16:16:35.522 26451 26466 E ndroid.settings: Invalid resource ID 0x00000000.
02-01 16:16:35.522 26451 26466 I ndroid.settings: MiResources: find entry failed for resource 00000000
02-01 16:16:35.522 26451 26466 I asset   : MiResources: Not found for resource 00000000
02-01 16:16:35.522  5169  5443 D MiuiDecorationController: relayout::taskId=1332, visible=true, bounds=Rect(0, 0 - 1280, 2772), focused=false, oldImmersive=false, newImmersive=false, windowMode=1, activityType=1, displayId=0, baseActivity=ComponentInfo{com.myshop.cafe/com.myshop.cafe.MainActivity}, topActivity=ComponentInfo{com.myshop.cafe/com.myshop.cafe.MainActivity}, callers=com.android.wm.shell.multitasking.miuimultiwinswitch.miuiwindowdecor.MulWinSwitchDecorViewModel.createWindowDecoration:317 com.android.wm.shell.multitasking.miuimultiwinswitch.miuiwindowdecor.MulWinSwitchDecorViewModel.onTaskOpening:7 com.android.wm.shell.freeform.FreeformTaskTransitionObserver.onTransitionReady:262 com.android.wm.shell.transition.Transitions.dispatchReady:237 com.android.wm.shell.transition.Transitions.onTransitionReady:269 
02-01 16:16:35.522 26451 26466 I MiResource: invalid cookie from nativeGetResourceValue, cookie = -1, origValue = TypedValue{t=0x3/d=0x3bd7 "Data usage" a=17 r=0x7f150ded}, value =TypedValue{t=0x3/d=0x3bd7 "Data usage" a=17 r=0x7f150ded}
02-01 16:16:35.522 26451 26466 I MiResource: got NFE for resource ID #0x0(0) , isResourceCached = true
02-01 16:16:35.522  3229  3920 D PreStartingManager: notifyStartingAdded success, preSurfaceControl: null  colorSurfaceControl: Surface(name=PreColorStarting#249214)/@0xd2d10f6
02-01 16:16:35.522 26451 26466 E ndroid.settings: Invalid resource ID 0x00000000.
02-01 16:16:35.523 26451 26466 I ndroid.settings: MiResources: find entry failed for resource 00000000
02-01 16:16:35.523 26451 26466 I asset   : MiResources: Not found for resource 00000000
02-01 16:16:35.523 26451 26466 I MiResource: invalid cookie from nativeGetResourceValue, cookie = -1, origValue = TypedValue{t=0x3/d=0x3bd7 "Data usage" a=17 r=0x7f150ded}, value =TypedValue{t=0x3/d=0x3bd7 "Data usage" a=17 r=0x7f150ded}
02-01 16:16:35.523  3229  3920 V WindowManager: addWindow: ActivityRecord{127032870 u0 com.myshop.cafe/.MainActivity t1332} startingWindow=Window{f128f8d u0 Splash Screen com.myshop.cafe} win.mSurfaceControl=Surface(name=f128f8d Splash Screen com.myshop.cafe#249218)/@0xe0dc953 layerId=249218
02-01 16:16:35.523 26451 26466 I MiResource: got NFE for resource ID #0x0(0) , isResourceCached = true
02-01 16:16:35.523  3229  3920 I MiuiSplitInputMethodImpl: Skpi check shouldUpdateImeTargetForBackScreen.
02-01 16:16:35.523  3229  3920 I MiuiSplitInputMethodImpl: Skpi check shouldUpdateImeTargetForBackScreen.
02-01 16:16:35.523  3229  3920 I MiuiSplitInputMethodImpl: Skpi check shouldUpdateImeTargetForBackScreen.
02-01 16:16:35.523  3229  3920 I MiuiSplitInputMethodImpl: Skpi check shouldUpdateImeTargetForBackScreen.
02-01 16:16:35.523  3229  3920 I MiuiSplitInputMethodImpl: Skpi check shouldUpdateImeTargetForBackScreen.
02-01 16:16:35.523  3229  3920 I MiuiSplitInputMethodImpl: Skpi check shouldUpdateImeTargetForBackScreen.
02-01 16:16:35.523  3229  3920 I MiuiSplitInputMethodImpl: Skpi check shouldUpdateImeTargetForBackScreen.
02-01 16:16:35.523  3229  3920 I MiuiSplitInputMethodImpl: Skpi check shouldUpdateImeTargetForBackScreen.
02-01 16:16:35.523  3229  3920 I MiuiSplitInputMethodImpl: Skpi check shouldUpdateImeTargetForBackScreen.
02-01 16:16:35.523  3229  3920 I MiuiSplitInputMethodImpl: Skpi check shouldUpdateImeTargetForBackScreen.
02-01 16:16:35.523  3229  3920 I MiuiSplitInputMethodImpl: Skpi check shouldUpdateImeTargetForBackScreen.
02-01 16:16:35.523  3229  3920 I MiuiSplitInputMethodImpl: Skpi check shouldUpdateImeTargetForBackScreen.
02-01 16:16:35.523  3229  3920 I MiuiSplitInputMethodImpl: Skpi check shouldUpdateImeTargetForBackScreen.
02-01 16:16:35.523  5169  5443 D MiuiDecorationDot: needTopCaption: isFullscreen = true isPadDevice = false isFoldInnerScreen = false canShowCaptionWhenCasting = false
02-01 16:16:35.523  5169  5443 D MiuiDecorationDot: releaseViews_TopCaption: taskId=1332
02-01 16:16:35.523  3229  3920 I WindowManager: Allow fixed rotation for not collecting:ActivityRecord{127032870 u0 com.myshop.cafe/.MainActivity t1332}
02-01 16:16:35.523  3229  3313 V WindowManager: Sent Transition (#9371) createdAt=02-01 16:16:35.502 via request=TransitionRequestInfo { type = OPEN, triggerTask = TaskInfo{userId=0 taskId=1332 effectiveUid=10458 displayId=0 isRunning=true baseIntent=Intent { flg=0x10000000 cmp=com.myshop.cafe/.MainActivity } baseActivity=ComponentInfo{com.myshop.cafe/com.myshop.cafe.MainActivity} topActivity=ComponentInfo{com.myshop.cafe/com.myshop.cafe.MainActivity} origActivity=null realActivity=ComponentInfo{com.myshop.cafe/com.myshop.cafe.MainActivity} numActivities=1 lastActiveTime=1436849246 supportsSplitScreenMultiWindow=true mSoScDisplayMode=-1 supportsMultiWindow=true resizeMode=1 isResizeable=true minWidth=-1 minHeight=-1 defaultMinSize=200 token=WCT{RemoteToken{a55b160 Task{a33419d #1332 type=standard A=10458:com.myshop.cafe}}} topActivityType=1 pictureInPictureParams=null shouldDockBigOverlays=false launchIntoPipHostTaskId=-1 lastParentTaskIdBeforePip=-1 displayCutoutSafeInsets=Rect(0, 152 - 0, 0) topActivityInfo=ActivityInfo{b58dad5 com.myshop.cafe.MainActivity} launchCookies=[] positionInParent=Point(0, 0) parentTaskId=-1 isFocused=false isVisible=false isVisibleRequested=false isTopActivityNoDisplay=false isSleeping=false locusId=null displayAreaFeatureId=1 isTopActivityTransparent=false isActivityStackTransparent=false lastNonFullscreenBounds=null capturedLink=null capturedLinkTimestamp=0 requestedVisibleTypes=-9 topActivityRequestOpenInBrowserEducationTimestamp=0 appCompatTaskInfo=AppCompatTaskInfo { topActivityInSizeCompat=false eligibleForLetterboxEducation= false topActivityInMiuiSizeCompat=false isLetterboxEducationEnabled= false isLetterboxDoubleTapEnabled= false eligibleForUserAspectRatioButton= false topActivityBoundsLetterboxed= false isFromLetterboxDoubleTap= false topActivityLetterboxVerticalPosition= -1 topActivityLetterboxHorizontalPosition= -1 topActivityLetterboxWidth=-1 topActivityLetterboxHeight=-1 topActivityAppBounds=Rect(0, 152 - 1280, 2720) isUserFullscreenOverrideEnabled=false isSystemFullscreenOverrideEnabled=false hasMinAspectRatioOverride=false topActivityLetterboxBounds=null cameraCompatTaskInfo=CameraCompatTaskInfo { freeformCameraCompatMode=inactive}} isImmersive=false mTopActivityRequestOrientation=-2 mStatusBarParent=null mNavBarParent=null mBehindAppLockPkg=null mOriginatingUid=0 isEmbedded=false shouldBeVisible=true isCreatedByOrganizer=false mIsCastMode=false mTopActivityMediaSize=null mTopActivityRecordName=ActivityRecord{127032870 u0 com.myshop.cafe/.MainActivity t1332} mTopActivityOrientation=-2 topActivityMainWindowFrame=null}, pipChange = null, remoteTransition = null, displayChange = null, flags = 0, debugId = 9371 }
02-01 16:16:35.523  5169  5443 D MiuiDecorationDot: releaseViews_TopCaption: taskId=1332
02-01 16:16:35.523  5169  5443 D MiuiDecorationBottom: updateRootView_BottomCaption: taskId = 1332 needBottomCaption = true bottomCaptionView = java.lang.Object@4c5e054
02-01 16:16:35.523  3229  3313 V WindowManager:     startWCT=WindowContainerTransaction { changes= {} hops= [] errorCallbackToken=null taskFragmentOrganizer=null }
02-01 16:16:35.523  5169  5443 D MiuiDecorationBottom: updateViews_BottomCaption: taskId=1332 scale=1.0 outResult = RelayoutResult{mRoot=java.lang.Object@4c5e054, mCaptionX=416, mCaptionY=2739, mCaptionWidth=448.0, mCaptionHeight=52.0}
02-01 16:16:35.523  3229  3313 V WindowManager:     info={id=9371 t=OPEN f=0x0 trk=0 r=[0@Point(0, 0)] c=[
02-01 16:16:35.523  3229  3313 V WindowManager:         {WCT{RemoteToken{a55b160 Task{a33419d #1332 type=standard A=10458:com.myshop.cafe}}} m=OPEN f=NONE leash=Surface(name=Task=1332#249210)/@0x60a874 sb=Rect(0, 0 - 1280, 2772) eb=Rect(0, 0 - 1280, 2772) epz=Point(1280, 2772) d=0 taskParent=-1 v=trueMiuiChangeImpl {miuiEmbedding:false, scale:1.0}},
02-01 16:16:35.523  3229  3313 V WindowManager:         {WCT{RemoteToken{85c284c Task{8549e9a #882 type=home}}} m=TO_BACK f=SHOW_WALLPAPER leash=Surface(name=Task=882#160425)/@0x35bfbaf sb=Rect(0, 0 - 1280, 2772) eb=Rect(0, 0 - 1280, 2772) epz=Point(1280, 2772) d=0 taskParent=-1 v=falseMiuiChangeImpl {miuiEmbedding:false, scale:1.0}},
02-01 16:16:35.523  3229  3313 V WindowManager:         {m=TO_BACK f=IS_WALLPAPER leash=Surface(name=WallpaperWindowToken{32bdd52 showWhenLocked=false}#63)/@0x5e13120 sb=Rect(0, 0 - 1280, 2772) eb=Rect(0, 0 - 1280, 2772) epz=Point(1280, 2772) d=0 v=falseMiuiChangeImpl {miuiEmbedding:false, scale:1.0}}] mk=[false] noAni=[false] df=[false] rsa=[false] oa=[false] nc=[0] ho=[false] hla=[true] iSync=[-1
02-01 16:16:35.523  3229  3313 V WindowManager:     ]}
02-01 16:16:35.523  3229  3385 D WindowManager: wms.Focus not requested for window=Window{d27e15a u0 com.miui.home/com.miui.home.launcher.Launcher} because it has no surface or is not focusable.
02-01 16:16:35.523  5169  5443 D MiuiDecorationBottom: updateViews_BottomCaption: taskId=1332 setParent mNavBarParent=Surface(name=NavigationBar Container of Task = 1332#249211)/@0x7c3e342
02-01 16:16:35.523 26451 26466 E ndroid.settings: Invalid resource ID 0x00000000.
02-01 16:16:35.523 26451 26466 I ndroid.settings: MiResources: find entry failed for resource 00000000
02-01 16:16:35.523  5169  5443 D MiuiDecorationBase: updateSampling_BottomCaption: taskId = 1332 scale = 1.0 mTaskBounds = Rect(0, 0 - 1280, 2772) mCaptionVisibility = true isRunningAnim = false isDraggingRecent = false isFreeformElude = false isDecorationShowing = true shouldEnableSampling = true
02-01 16:16:35.523 26451 26466 I asset   : MiResources: Not found for resource 00000000
02-01 16:16:35.523 26451 26466 I MiResource: invalid cookie from nativeGetResourceValue, cookie = -1, origValue = TypedValue{t=0x3/d=0x3bd7 "Data usage" a=17 r=0x7f150ded}, value =TypedValue{t=0x3/d=0x3bd7 "Data usage" a=17 r=0x7f150ded}
02-01 16:16:35.523  5169  5443 D MiuiDecorationBase: updateSampling_BottomCaption: samplingRect = Rect(416, 2739 - 864, 2752)
02-01 16:16:35.523  5169  5443 D MiuiDecorationBase: updateVisibility_BottomCaption: taskId=1332, isRotationAnimationRunning=false, mCaptionVisible=true, isCaptionVisible=true
02-01 16:16:35.523 26451 26466 I MiResource: got NFE for resource ID #0x0(0) , isResourceCached = true
02-01 16:16:35.523  5169  5443 D MiuiDecorationMoveHelper: BottomCaption tag = RESET, taskId=1332, posY=2739
02-01 16:16:35.523 26451 26466 E ndroid.settings: Invalid resource ID 0x00000000.
02-01 16:16:35.523 26451 26466 I ndroid.settings: MiResources: find entry failed for resource 00000000
02-01 16:16:35.524 26451 26466 I asset   : MiResources: Not found for resource 00000000
02-01 16:16:35.524 26451 26466 I MiResource: invalid cookie from nativeGetResourceValue, cookie = -1, origValue = TypedValue{t=0x3/d=0x3bd7 "Data usage" a=17 r=0x7f150ded}, value =TypedValue{t=0x3/d=0x3bd7 "Data usage" a=17 r=0x7f150ded}
02-01 16:16:35.524 26451 26466 I MiResource: got NFE for resource ID #0x0(0) , isResourceCached = true
02-01 16:16:35.524  5169  5443 D MiuiDecorationMoveHelper: periodicallyMoveUpFirst mTaskId=1332, windowingMode=1, caller=relayout
02-01 16:16:35.524  5169  5443 D MulWinSwitchDecorViewModel: onTaskChanging taskId:882 decoration = com.android.wm.shell.multitasking.miuimultiwinswitch.miuiwindowdecor.decoration.MiuiDecorationHomeController@cd0bc64
02-01 16:16:35.524  3229  5798 I ATMSImpl: cacheTasksForDefaultDisplay size=6 topId=1332
02-01 16:16:35.524  5169  5443 D MiuiDecorationHomeController: relayout::taskId=882, visible=true, bounds=Rect(0, 0 - 1280, 2772), focused=true, activityType=2, displayId=0, baseActivity=ComponentInfo{com.miui.home/com.miui.home.launcher.Launcher}, topActivity=ComponentInfo{com.miui.home/com.miui.home.launcher.Launcher}, callers=com.android.wm.shell.multitasking.miuimultiwinswitch.miuiwindowdecor.MulWinSwitchDecorViewModel.onTaskChanging:110 com.android.wm.shell.freeform.FreeformTaskTransitionObserver.onTransitionReady:187 com.android.wm.shell.transition.Transitions.dispatchReady:237 com.android.wm.shell.transition.Transitions.onTransitionReady:269 com.android.wm.shell.transition.Transitions$TransitionPlayerImpl$$ExternalSyntheticLambda1.run:48 
02-01 16:16:35.524  5169  5443 D MiuiDecorationHomeBottom: needHomeBottomCaption: needShow = true isSoScLeftRightSplit = false isSoScMinimized = false isPortrait = true needHomeBottomCaption = true
02-01 16:16:35.524  5169  5443 D MiuiDecorationBottom: updateRootView_HomeBottomCaption: taskId = 882 needBottomCaption = true bottomCaptionView = java.lang.Object@d72719d
02-01 16:16:35.524  3229  4283 D ExternalInterface: setUidState, uid = 10180 allow = false
02-01 16:16:35.524  5169  5443 D MiuiDecorationHomeBottom: updateViews_HomeBottomCaption: taskId=882 soscHomeCenterX=0.0 soscHomeShowingWidth=0 outResult=RelayoutResult{mRoot=java.lang.Object@d72719d, mCaptionX=416, mCaptionY=2739, mCaptionWidth=448.0, mCaptionHeight=52.0}
02-01 16:16:35.524  5169  5443 D MiuiDecorationBase: updateSampling_HomeBottomCaption: taskId = 882 scale = 1.0 mTaskBounds = Rect(0, 0 - 1280, 2772) mCaptionVisibility = true isRunningAnim = false isDraggingRecent = false isFreeformElude = false isDecorationShowing = true shouldEnableSampling = true
02-01 16:16:35.524  5169  5443 D MiuiDecorationBase: updateSampling_HomeBottomCaption: samplingRect = Rect(416, 2739 - 864, 2752)
02-01 16:16:35.524  5169  5443 D MiuiDecorationBase: updateVisibility_HomeBottomCaption: taskId=882, isRotationAnimationRunning=false, mCaptionVisible=true, isCaptionVisible=true
02-01 16:16:35.524  5169  5443 D MiuiDecorationMoveHelper: periodicallyMoveUpFirst mTaskId=882, windowingMode=1, caller=relayout
02-01 16:16:35.524  5169  5443 V WindowManagerShell: Playing animation for (#9371) android.os.BinderProxy@ca8ecba@0
02-01 16:16:35.524  5169  5443 I ShellTransitions: Is abandon offsetY: false
02-01 16:16:35.524  5169  5443 I ShellTransitions: Is abandon offsetY: false
02-01 16:16:35.525  5169  5443 I ShellTransitions: Is abandon offsetY: false
02-01 16:16:35.525  5169  5443 V ShellRecents: RecentsTransitionHandler.startAnimation: no controller found
02-01 16:16:35.525  5169  5443 D SoScStageCoordinator: inCloseTransition:false inSoScUnactivie:true mDeferUpdateSoScStateCount:0
02-01 16:16:35.525  5169  5765 D HWUI    : [HWUI] Flag vulkan_enhance_pipeline_cache enabled
02-01 16:16:35.525  5169  5443 D MultiTaskingTransitionHandler: startAnimation try handler: com.android.wm.shell.multitasking.miuifreeform.MiuiFreeformModeAnimation@928c307
02-01 16:16:35.525  5169  5443 D MultiTaskingTransitionHandler: startAnimation try handler: com.android.wm.shell.multitasking.miuimultiwinswitch.MulWinSwitchTransition@49e5c10
02-01 16:16:35.525  5169  5443 W MulWinSwitchTransition: startAnimation::receive an unknown transition:: token = android.os.BinderProxy@ca8ecba type = 1
02-01 16:16:35.525  5169  5443 D MultiTaskingTransitionHandler: startAnimation no handler
02-01 16:16:35.525  5169  5443 V WindowManagerShell: Transition doesn't have explicit remote, search filters for match for {id=9371 t=OPEN f=0x0 trk=0 r=[0@Point(0, 0)] c=[{m=OPEN f=NONE leash=Surface(name=Task=1332#249210)/@0xc5aa624 sb=Rect(0, 0 - 1280, 2772) eb=Rect(0, 0 - 1280, 2772) epz=Point(1280, 2772) d=0 taskParent=-1 v=trueMiuiChangeImpl {miuiEmbedding:false, scale:1.0}},{m=TO_BACK f=SHOW_WALLPAPER leash=Surface(name=Task=882#160425)/@0x4b20f53 sb=Rect(0, 0 - 1280, 2772) eb=Rect(0, 0 - 1280, 2772) epz=Point(1280, 2772) d=0 taskParent=-1 v=falseMiuiChangeImpl {miuiEmbedding:false, scale:1.0}},{m=TO_BACK f=IS_WALLPAPER leash=Surface(name=WallpaperWindowToken{32bdd52 showWhenLocked=false}#63)/@0x7b0f18e sb=Rect(0, 0 - 1280, 2772) eb=Rect(0, 0 - 1280, 2772) epz=Point(1280, 2772) d=0 v=falseMiuiChangeImpl {miuiEmbedding:false, scale:1.0}}] mk=[false] noAni=[false] df=[false] rsa=[false] oa=[false] nc=[0] ho=[false] hla=[true] iSync=[-1]}
02-01 16:16:35.525  5169  5443 V WindowManagerShell:  Checking filter Pair{{types=[] flags=0x0] notFlags=0xb900 checks=[{atype=standard independent=true modes=[OPEN,TO_FRONT] flags=NONE mustBeTask=false order=ANY topActivity=null launchCookie=null customAnim=false windowingMode=undefined},{atype=home independent=true modes=[CLOSE,TO_BACK] flags=NONE mustBeTask=false order=ANY topActivity=ComponentInfo{com.miui.home/com.miui.home.launcher.Launcher} launchCookie=null windowingMode=undefined},{NOT atype=undefined independent=true modes=[CHANGE] flags=NONE mustBeTask=false order=ANY topActivity=null launchCookie=null windowingMode=undefined},{NOT atype=undefined independent=true modes=[] flags=NO_ANIMATION mustBeTask=false order=ANY topActivity=null launchCookie=null windowingMode=undefined},{NOT atype=undefined independent=true modes=[] flags=TRANSLUCENT mustBeTask=false order=ANY topActivity=null launchCookie=null windowingMode=undefined},{NOT atype=undefined independent=true modes=[] flags=FILLS_TASK mustBeTask=false order=ANY topActivity=null launchCookie=null windowingMode=undefined}]} RemoteTransition { remoteTransition = android.window.IRemoteTransition$Stub$Proxy@335c8f4, appThread = null, debugName = 10140:26782-com.miui.home.recents.QuickstepAppTransitionManagerImpl$3, hyperRemoteTransition = null }}
02-01 16:16:35.525  5169  5443 D RemoteTransitionHandler: Found filterPair{{types=[] flags=0x0] notFlags=0xb900 checks=[{atype=standard independent=true modes=[OPEN,TO_FRONT] flags=NONE mustBeTask=false order=ANY topActivity=null launchCookie=null customAnim=false windowingMode=undefined},{atype=home independent=true modes=[CLOSE,TO_BACK] flags=NONE mustBeTask=false order=ANY topActivity=ComponentInfo{com.miui.home/com.miui.home.launcher.Launcher} launchCookie=null windowingMode=undefined},{NOT atype=undefined independent=true modes=[CHANGE] flags=NONE mustBeTask=false order=ANY topActivity=null launchCookie=null windowingMode=undefined},{NOT atype=undefined independent=true modes=[] flags=NO_ANIMATION mustBeTask=false order=ANY topActivity=null launchCookie=null windowingMode=undefined},{NOT atype=undefined independent=true modes=[] flags=TRANSLUCENT mustBeTask=false order=ANY topActivity=null launchCookie=null windowingMode=undefined},{NOT atype=undefined independent=true modes=[] flags=FILLS_TASK mustBeTask=false order=ANY topActivity=null launchCookie=null windowingMode=undefined}]} RemoteTransition { remoteTransition = android.window.IRemoteTransition$Stub$Proxy@335c8f4, appThread = null, debugName = 10140:26782-com.miui.home.recents.QuickstepAppTransitionManagerImpl$3, hyperRemoteTransition = null }}
02-01 16:16:35.525  5169  5443 V WindowManagerShell:  Delegate animation for (#9371) to RemoteTransition { remoteTransition = android.window.IRemoteTransition$Stub$Proxy@335c8f4, appThread = null, debugName = 10140:26782-com.miui.home.recents.QuickstepAppTransitionManagerImpl$3, hyperRemoteTransition = null }
02-01 16:16:35.525  3229  3316 I ATMSImpl: cacheTasksForDefaultDisplay size=6 topId=1332
02-01 16:16:35.525  5169  5765 D HWUI    : [HWUI] EnhanceVkPipelineCache is enabled
02-01 16:16:35.525  5169  5765 D HWUI    : [HWUI] Flag ddre enabled
02-01 16:16:35.525 26451 26466 E ndroid.settings: Invalid resource ID 0x00000000.
02-01 16:16:35.525 26451 26466 I ndroid.settings: MiResources: find entry failed for resource 00000000
02-01 16:16:35.525 26451 26466 I asset   : MiResources: Not found for resource 00000000
02-01 16:16:35.525 26782 26782 D RecentsModel: onTaskDescriptionChanged =  taskId = 1332
02-01 16:16:35.525 26451 26466 I MiResource: invalid cookie from nativeGetResourceValue, cookie = -1, origValue = TypedValue{t=0x3/d=0x3bd7 "Data usage" a=17 r=0x7f150ded}, value =TypedValue{t=0x3/d=0x3bd7 "Data usage" a=17 r=0x7f150ded}
02-01 16:16:35.525  5169  5169 D ShadeDarkIconDispatcher: current token StatusBarToken(displayId=0, statusBarIndex=1, rawDisplayId=16777216)
02-01 16:16:35.525  3229  4283 D ExternalInterface: setUidState, uid = 10188 allow = false
02-01 16:16:35.525 26451 26466 I MiResource: got NFE for resource ID #0x0(0) , isResourceCached = true
02-01 16:16:35.525  5169  5169 D ShadeDarkIconDispatcher: receiver delegate onDarkChanged
02-01 16:16:35.525 26451 26466 E ndroid.settings: Invalid resource ID 0x00000000.
02-01 16:16:35.525 26451 26466 I ndroid.settings: MiResources: find entry failed for resource 00000000
02-01 16:16:35.525 26451 26466 I asset   : MiResources: Not found for resource 00000000
02-01 16:16:35.525 26451 26466 I MiResource: invalid cookie from nativeGetResourceValue, cookie = -1, origValue = TypedValue{t=0x3/d=0x3bd7 "Data usage" a=17 r=0x7f150ded}, value =TypedValue{t=0x3/d=0x3bd7 "Data usage" a=17 r=0x7f150ded}
02-01 16:16:35.525 26451 26466 I MiResource: got NFE for resource ID #0x0(0) , isResourceCached = true
02-01 16:16:35.526  5169  5443 D SoScUtils: isSingle: false, isFullMode: false, isActive: false, soscState: -1, isSoScVisible: false
02-01 16:16:35.526  5169  5443 D SoScUtils: fullRoot : null, 
02-01 16:16:35.526  5169  5443 D SoScUtils: mainStage : null, 
02-01 16:16:35.526  5169  5443 D SoScUtils: sideStage : null, 
02-01 16:16:35.526  5169  5443 D SoScUtils: mainActive : false, sideActive : false, extraType: -1
02-01 16:16:35.526  5169  5443 D MultiTaskingTransitionObserver: onRemoteAnimationStart::mRemoteOpenFreeformTransitions = [android.os.BinderProxy@ca8ecba]
02-01 16:16:35.526  5169  5169 D ShadeDarkIconDispatcher: receiver delegate onDarkChangedWithContrast
02-01 16:16:35.526  5169  5169 D ShadeDarkIconDispatcher: receiver delegate onLightDarkTintChanged
02-01 16:16:35.526 26451 26466 E ndroid.settings: Invalid resource ID 0x00000000.
02-01 16:16:35.526 26451 26466 I ndroid.settings: MiResources: find entry failed for resource 00000000
02-01 16:16:35.526 26451 26466 I asset   : MiResources: Not found for resource 00000000
02-01 16:16:35.526 26451 26466 I MiResource: invalid cookie from nativeGetResourceValue, cookie = -1, origValue = TypedValue{t=0x3/d=0x3bd7 "Data usage" a=17 r=0x7f150ded}, value =TypedValue{t=0x3/d=0x3bd7 "Data usage" a=17 r=0x7f150ded}
02-01 16:16:35.526 26451 26466 I MiResource: got NFE for resource ID #0x0(0) , isResourceCached = true
02-01 16:16:35.526 26451 26466 E ndroid.settings: Invalid resource ID 0x00000000.
02-01 16:16:35.526 26451 26466 I ndroid.settings: MiResources: find entry failed for resource 00000000
02-01 16:16:35.526 26451 26466 I asset   : MiResources: Not found for resource 00000000
02-01 16:16:35.526 26451 26466 I MiResource: invalid cookie from nativeGetResourceValue, cookie = -1, origValue = TypedValue{t=0x3/d=0x3bd7 "Data usage" a=17 r=0x7f150ded}, value =TypedValue{t=0x3/d=0x3bd7 "Data usage" a=17 r=0x7f150ded}
02-01 16:16:35.526  5169  5443 V WindowManagerShell:  animated by com.android.wm.shell.transition.RemoteTransitionHandler@a82ceaa
02-01 16:16:35.526 26451 26466 I MiResource: got NFE for resource ID #0x0(0) , isResourceCached = true
02-01 16:16:35.527  3229  4283 D ExternalInterface: setUidState, uid = 10133 allow = false
02-01 16:16:35.527  5169  5443 I MultiTaskingTaskRepository: onTaskAppeared::taskId = 1332 mTasks: 1322, 1306, 1296, 1274, 882, 8, 7, 6, 5, 4, 3, 
02-01 16:16:35.527  5169  5443 D MultiTaskingTaskRepository: addOrMoveFullscreenTaskToTop::taskId = 1332
02-01 16:16:35.527  5169  5443 D MiuiMultiWindowUtils: supportMultiWindow: isSupportDevice = -1
02-01 16:16:35.527  5169  5443 D MiuiMultiWindowUtils: supportMultiWindow: isSupportDevice = -1
02-01 16:16:35.527  5169  5443 D MiuiMultiWindowRecommendHelper: device not support split screen recommend
02-01 16:16:35.527  5169  5443 I MultiTaskingTaskInfo: MultiTaskingBaseTaskInfo::update::mTaskBounds = Rect(0, 0 - 1280, 2772), mTaskId = 1332
02-01 16:16:35.527 26782 26782 D RecentsModel: onTaskDescriptionChanged =  taskId = 1332
02-01 16:16:35.527  5169  5443 D MultiTaskingTransitionsHelper: skip updateBaseAnimParam taskId: 1332 pendingTransitions: [] readyDuringSync: [] tracks: [Track #0 activeTransition: {id=9371 t=OPEN f=0x0 trk=0 r=[0@Point(0, 0)] c=[{m=OPEN f=NONE leash=Surface(name=Task=1332#249210)/@0xc5aa624 sb=Rect(0, 0 - 1280, 2772) eb=Rect(0, 0 - 1280, 2772) epz=Point(1280, 2772) d=0 taskParent=-1 v=trueMiuiChangeImpl {miuiEmbedding:false, scale:1.0}},{m=TO_BACK f=SHOW_WALLPAPER leash=Surface(name=Task=882#160425)/@0x4b20f53 sb=Rect(0, 0 - 1280, 2772) eb=Rect(0, 0 - 1280, 2772) epz=Point(1280, 2772) d=0 taskParent=-1 v=falseMiuiChangeImpl {miuiEmbedding:false, scale:1.0}},{m=TO_BACK f=IS_WALLPAPER leash=Surface(name=WallpaperWindowToken{32bdd52 showWhenLocked=false}#63)/@0x7b0f18e sb=Rect(0, 0 - 1280, 2772) eb=Rect(0, 0 - 1280, 2772) epz=Point(1280, 2772) d=0 v=falseMiuiChangeImpl {miuiEmbedding:false, scale:1.0}}] mk=[false] noAni=[false] df=[false] rsa=[false] oa=[false] nc=[0] ho=[false] hla=[true] iSync=[-1]}android.os.BinderProxy@ca8ecba readyTransitions: []Track #1 readyTransitions: []Track #2 readyTransitions: []]
02-01 16:16:35.527  5169  5443 D OneHandedController: stopOneHanded state is 0
02-01 16:16:35.527 26782 27006 D AnimStateManager: send event 9001 currentState = IdleState windowElement = null
02-01 16:16:35.527 26782 26840 D EventBus: No subscribers registered for event class com.miui.home.recents.messages.RecentTasksChangedEvent
02-01 16:16:35.527  5169  5566 I MiuiDecorationRootViewHost: surfaceControl is null
02-01 16:16:35.527 26782 26840 D EventBus: No subscribers registered for event class org.greenrobot.eventbus.NoSubscriberEvent
02-01 16:16:35.527 26782 26782 I AnimStateManager: IdleState handle event 9001
02-01 16:16:35.527 26782 26782 I AnimStateManager: CommonState handle event 9001
02-01 16:16:35.527 26782 26782 I AnimStateManager: onWindowElementChanged. initWindowElement windowElement= null
02-01 16:16:35.527 26782 26782 I AnimStateManager: createWindowElement, half=false
02-01 16:16:35.527 26782 26782 I RectFSpringAnim_15518246: init
02-01 16:16:35.527 26782 26782 D RectFSpringAnim_15518246: addAnimatorListener
02-01 16:16:35.527 26782 26782 D WindowAnimImplementorDispatcher: 245488660 SfAnim is enabled: false
02-01 16:16:35.527 26782 26782 I WindowElementea1dc14: com.miui.home.recents.anim.WindowElement@ea1dc14 window init isHalf = false
02-01 16:16:35.527 26782 26782 D TransitionCallback: isFrameworkEnableCallback = false
02-01 16:16:35.527 26782 26782 I WindowElementea1dc14: com.miui.home.recents.anim.WindowElement@ea1dc14  window init mNativeWindowTransitionCompatListener=com.miui.home.recents.anim.WindowElement$init$1@770fcbd, windowTransitionCompat=com.android.systemui.shared.recents.system.WindowTransitionCompat@f4b62b2
02-01 16:16:35.527  2479 23680 W MiuiBooster: "MiuiBoosterService requestThreadPriority: 10140, 2, 500, 652864"
02-01 16:16:35.527  2479 23680 E MiuiBooster: "MSG_CANCEL_PRIORITY: getpriority failed, 49350, No such process"
02-01 16:16:35.527 26782 26782 I WindowElementea1dc14: injectRemoteTransition params=RemoteTransitionInfo(token=android.os.BinderProxy@2d77203, mainInfoDebugId=9371, transitionInfo={id=9371 t=OPEN f=0x0 trk=0 r=[0@Point(0, 0)] c=[{m=OPEN f=NONE leash=Surface(name=Task=1332#249210)/@0xa301f4e sb=Rect(0, 0 - 1280, 2772) eb=Rect(0, 0 - 1280, 2772) epz=Point(1280, 2772) d=0 taskParent=-1 v=trueMiuiChangeImpl {miuiEmbedding:false, scale:1.0}},{m=TO_BACK f=SHOW_WALLPAPER leash=Surface(name=Task=882#160425)/@0xb1d9205 sb=Rect(0, 0 - 1280, 2772) eb=Rect(0, 0 - 1280, 2772) epz=Point(1280, 2772) d=0 taskParent=-1 v=falseMiuiChangeImpl {miuiEmbedding:false, scale:1.0}},{m=TO_BACK f=IS_WALLPAPER leash=Surface(name=WallpaperWindowToken{32bdd52 showWhenLocked=false}#63)/@0x6991168 sb=Rect(0, 0 - 1280, 2772) eb=Rect(0, 0 - 1280, 2772) epz=Point(1280, 2772) d=0 v=falseMiuiChangeImpl {miuiEmbedding:false, scale:1.0}}] mk=[false] noAni=[false] df=[false] rsa=[false] oa=[false] nc=[0] ho=[false] hla=[true] iSync=[-1]}, t=android.view.SurfaceControl$Transaction@bcaa580, finishCallback=android.window.IRemoteTransitionFinishedCallback$Stub$Proxy@4b5a7b9, isMerge=false, mergeTarget=null, transitionType=3)
02-01 16:16:35.527 26782 26782 E WindowTransitionCompat: TransitionTest wrapRemoteTransition
02-01 16:16:35.527 26782 26782 D BoostRtHelper: boostGesture main
02-01 16:16:35.527  2479  2503 E MiuiBooster: "requestThreadPriority fail:rel=-38,tid=49350,No such process"
02-01 16:16:35.527 26782 26782 D Launcher.Boost: setTurboSchedActionWithPriority::threadIds = [26782, 26982, 27016, 26979, 26980]
02-01 16:16:35.528  3229  3384 V ActivityManager: Clearing bad process: 10458/com.myshop.cafe
02-01 16:16:35.528  3229  3384 V ActivityManager: startProcess: name=com.myshop.cafe app=null knownToBeDead=false thread=null pid=-1
02-01 16:16:35.528 26782 26782 I WindowTransitionCompat: TransitionTest HomeShellTransition IRemoteTransition startAnimation
02-01 16:16:35.528 26782 26782 E WindowTransitionCompat: startAnimation isFastLaunch = false
02-01 16:16:35.528  3229  3384 D MiuiEmbeddingWindow: blacklistedAppRunningOnPhone: package=com.myshop.cafeisNotProjeciton=true isHavingJeppackDisabledConfig=false isRunningOnPhone=true isAppleConnection=false
02-01 16:16:35.528  3229  3384 D MiuiEmbeddingWindow: MiuiEmbeddingWindowService: updateApplicationInfo for com.myshop.cafe, blacklistedAppRunningOnPhone updated: clear
02-01 16:16:35.528 26451 26466 E ndroid.settings: Invalid resource ID 0x00000000.
02-01 16:16:35.528 26451 26466 I ndroid.settings: MiResources: find entry failed for resource 00000000
02-01 16:16:35.528 26451 26466 I asset   : MiResources: Not found for resource 00000000
02-01 16:16:35.528 26451 26466 I MiResource: invalid cookie from nativeGetResourceValue, cookie = -1, origValue = TypedValue{t=0x3/d=0x3bd7 "Data usage" a=17 r=0x7f150ded}, value =TypedValue{t=0x3/d=0x3bd7 "Data usage" a=17 r=0x7f150ded}
02-01 16:16:35.528 26451 26466 I MiResource: got NFE for resource ID #0x0(0) , isResourceCached = true
02-01 16:16:35.528 26782 27007 I MiBridge: requestThreadLevelPro ret: 652864
02-01 16:16:35.528 26451 26466 E ndroid.settings: Invalid resource ID 0x00000000.
02-01 16:16:35.528 26782 27007 D Launcher.Boost: setDynamicVIPTaskIfNeeded::tid = 49350 duration = 500
02-01 16:16:35.528 26451 26466 I ndroid.settings: MiResources: find entry failed for resource 00000000
02-01 16:16:35.528 26451 26466 I asset   : MiResources: Not found for resource 00000000
02-01 16:16:35.528 26451 26466 I MiResource: invalid cookie from nativeGetResourceValue, cookie = -1, origValue = TypedValue{t=0x3/d=0x3bd7 "Data usage" a=17 r=0x7f150ded}, value =TypedValue{t=0x3/d=0x3bd7 "Data usage" a=17 r=0x7f150ded}
02-01 16:16:35.528 26451 26466 I MiResource: got NFE for resource ID #0x0(0) , isResourceCached = true
02-01 16:16:35.528 26782 27007 E ActivityManagerWrapper: get all recent tasks force including -1 userId =0
02-01 16:16:35.528  3229  3384 V GrammaticalInflectionUtils: AttributionSource: android.content.AttributionSource@1e4833a0 does not have READ_SYSTEM_GRAMMATICAL_GENDER permission.
02-01 16:16:35.529  3229  4435 D PerfStubImpl: perfLockReleaseHandler: 0
02-01 16:16:35.529  3229  4435 D QcomSchedBoost: stopBoostInternal
02-01 16:16:35.529  3229  4435 D PerfStubImpl: perfLockAcquire
02-01 16:16:35.529  3229  4435 D QcomSchedBoost: startBoostInternal 1000
02-01 16:16:35.529  3229  3384 I Perf[AppStartScene]: onSceneChangeNotify:Bundle[{hostingRecordName={com.myshop.cafe/com.myshop.cafe.MainActivity}, hostingRecordType=next-top-activity, uid=10458, type=0, state=1, processName=com.myshop.cafe, packageName=com.myshop.cafe}]
02-01 16:16:35.529  3229  3384 D IorapForwardingService: onIntentStarted!! packageName com.myshop.cafe; uid:10458
