--------- beginning of main
02-01 16:13:45.742 19685 26583 I Market-LimitSpeedManager: startLimitSpeedNow() ====== speed = 32768
02-01 16:13:45.743  7202 10774 W VA_PackageUtilsV2: getVersionCode: error
02-01 16:13:45.744  7202 10774 W VA_PackageUtilsV2: getVersionCode: error
02-01 16:13:45.745  7202 10774 W VA_PackageUtilsV2: getVersionCode: error
02-01 16:13:45.745  3229  6821 E AlarmManager: not align this alarm: Alarm{9a4304 type 3 origWhen 1436689477 whenElapsed 1436689477 com.google.android.gms}, reason=0
02-01 16:13:45.745  3229  6821 D AlarmManager: canAfford: userId=0, pkgName=com.google.android.gms, canAfford=true, flags = 0
02-01 16:13:45.745  7202 10774 W VA_PackageUtilsV2: getVersionCode: error
02-01 16:13:45.745  3229  3229 D AlarmManager: canAfford: userId=0, pkgName=com.google.android.gms, canAfford=true, flags = 0
02-01 16:13:45.745  3229  3229 D AlarmManager: canAfford: userId=0, pkgName=com.google.android.gms, canAfford=true, flags = 0
02-01 16:13:45.745  3229  3229 D AlarmManager: canAfford: userId=0, pkgName=com.google.android.gms, canAfford=true, flags = 0
02-01 16:13:45.745  3229  3229 D AlarmManager: canAfford: userId=0, pkgName=com.google.android.gms, canAfford=true, flags = 0
02-01 16:13:45.745  3229  3229 D AlarmManager: canAfford: userId=0, pkgName=com.google.android.gms, canAfford=true, flags = 0
02-01 16:13:45.745  3229  3229 D AlarmManager: canAfford: userId=0, pkgName=com.google.android.gms, canAfford=true, flags = 0
02-01 16:13:45.745  3229  3229 D AlarmManager: canAfford: userId=0, pkgName=com.google.android.gms, canAfford=true, flags = 0
02-01 16:13:45.745  3229  3229 D AlarmManager: canAfford: userId=0, pkgName=com.google.android.gms, canAfford=true, flags = 0
02-01 16:13:45.745  3229  3229 D AlarmManager: canAfford: userId=0, pkgName=com.google.android.gms, canAfford=true, flags = 0
02-01 16:13:45.745  3229  3229 D AlarmManager: canAfford: userId=0, pkgName=com.google.android.gms, canAfford=true, flags = 0
02-01 16:13:45.745  3229  3229 D AlarmManager: canAfford: userId=0, pkgName=com.google.android.gms, canAfford=true, flags = 0
02-01 16:13:45.745  3229  3229 D AlarmManager: canAfford: userId=0, pkgName=com.google.android.gms, canAfford=true, flags = 0
02-01 16:13:45.745  3229  3229 D AlarmManager: canAfford: userId=0, pkgName=com.google.android.gms, canAfford=true, flags = 21
02-01 16:13:45.745  3229  3229 D AlarmManager: canAfford: userId=0, pkgName=com.google.android.gms, canAfford=true, flags = 0
02-01 16:13:45.745  3229  3229 D AlarmManager: canAfford: userId=0, pkgName=com.google.android.gms, canAfford=true, flags = 0
02-01 16:13:45.745  3229  3229 D AlarmManager: canAfford: userId=0, pkgName=com.google.android.gms, canAfford=true, flags = 21
02-01 16:13:45.745  3229  3229 D AlarmManager: canAfford: userId=0, pkgName=com.google.android.gms, canAfford=true, flags = 0
02-01 16:13:45.746  7202 10774 W VA_PackageUtilsV2: getVersionCode: error
02-01 16:13:45.746  7202 10774 W VA_PackageUtilsV2: getVersionCode: error
02-01 16:13:45.746  7202 10774 W VA_PackageUtilsV2: getVersionCode: error
02-01 16:13:45.747  7202 10774 W VA_PackageUtilsV2: getVersionCode: error
02-01 16:13:45.748 16043 16081 D DMS_LimitSpeedService: limit speed(32.00KB/s) success 
02-01 16:13:45.748  7202 10774 W VA_PackageUtilsV2: getVersionCode: error
02-01 16:13:45.748 19685 26583 I Market-DownloadLimitSpeedManager: startLimitSpeed success. Total count 1
02-01 16:13:45.748 19685 26583 I Market-RetrofitRequest: HeaderInterceptor : https://updateinfo.market.xiaomi.com/apm/updateinfo/v2
02-01 16:13:45.749  7202 10774 W VA_PackageUtilsV2: getVersionCode: error
02-01 16:13:45.749  7202 10774 W VA_PackageUtilsV2: getVersionCode: error
02-01 16:13:45.749 30694 25184 W SQLiteLog: (28) double-quoted string literal: "com.myshop.cafe"
02-01 16:13:45.751  7202 10774 W VA_PackageUtilsV2: getVersionCode: error
02-01 16:13:45.752  7202 10774 W VA_PackageUtilsV2: getVersionCode: error
02-01 16:13:45.752 25114 25114 I ackageinstaller: AssetManager2(0xb4000071df8593f8) locale list changing from [] to [en-US]
02-01 16:13:45.753 25114 25114 D MiuiMonitorThread: Shared singleton Thread for stability monitor start
02-01 16:13:45.753  7202 10774 W VA_PackageUtilsV2: getVersionCode: error
02-01 16:13:45.755 25114 25193 E ashmem  : Pinning is deprecated since Android Q. Please use trim or other methods.
02-01 16:13:45.756 30694   519 I Icing   : IndexChimeraService.getServiceInterface callingPackage=com.google.android.gms componentName=AppsCorpus serviceId=36
02-01 16:13:45.757 19025 19159 D IdProviderImpl: getOAID from com.miui.analytics
02-01 16:13:45.757  7202 10774 W VA_PackageUtilsV2: getVersionCode: error
02-01 16:13:45.757  7202 10774 W VA_PackageUtilsV2: getVersionCode: error
02-01 16:13:45.758  7202 10774 W VA_PackageUtilsV2: getVersionCode: error
02-01 16:13:45.758 32340 32429 W MQSEventManager: occur
02-01 16:13:45.758  7202 10774 W VA_PackageUtilsV2: getVersionCode: error
02-01 16:13:45.758 25114 25114 I Perf    : Connecting to perf service.
02-01 16:13:45.760  7202 10774 I VA_FeatureModeUtils: allow = 1
02-01 16:13:45.760  7202 10774 D VA_SCO:ExtraNodeExecutor: shouldUseAccessBility: true  isLockState: false
02-01 16:13:45.760  7202 10774 D VA_SCO:ExtraNodeExecutor: getSimulateClickState lastSuccessNodeId = Optional[0] matchType = Optional.empty pageId= Optional.empty
02-01 16:13:45.760  7202 10774 I VA_FeatureModeUtils: allow = 1
02-01 16:13:45.760  7202 10774 I VA_FeatureModeUtils: allow = 1
02-01 16:13:45.761  7202 10774 I VA_AiInputHelper: getVisibleHeight softHeight = 0 softKeyboardHeight = 0
02-01 16:13:45.761  7202 10774 D VA_speech_recognize_CacheContext: ai_voice_input status = false
02-01 16:13:45.762  7202 10774 D VA_FileUtils: loadPkgInfos readFile
02-01 16:13:45.762  7202 10774 D VA_FileUtils: load gray config:all_app_info.json isExist=true
02-01 16:13:45.763  7202 10774 W VA_PackageUtilsV2: getVersionCode: error
02-01 16:13:45.764  7202 10774 W VA_PackageUtilsV2: getVersionCode: error
02-01 16:13:45.765  7202 10774 W VA_PackageUtilsV2: getVersionCode: error
02-01 16:13:45.765  7202 10774 W VA_PackageUtilsV2: getVersionCode: error
02-01 16:13:45.766  7202 10774 W VA_PackageUtilsV2: getVersionCode: error
02-01 16:13:45.766  7202 10774 W VA_PackageUtilsV2: getVersionCode: error
02-01 16:13:45.767  7202 10774 W VA_PackageUtilsV2: getVersionCode: error
02-01 16:13:45.767  7202 10774 W VA_PackageUtilsV2: getVersionCode: error
02-01 16:13:45.768  7202 10774 W VA_PackageUtilsV2: getVersionCode: error
02-01 16:13:45.769  7202 10774 W VA_PackageUtilsV2: getVersionCode: error
02-01 16:13:45.769  7202 10774 W VA_PackageUtilsV2: getVersionCode: error
02-01 16:13:45.769  7202 10774 W VA_PackageUtilsV2: getVersionCode: error
02-01 16:13:45.770 25114 25114 D HWUI    : [HWUI] Flag vulkan_enhance_pipeline_cache enabled
02-01 16:13:45.770 25114 25114 D HWUI    : [HWUI] EnhanceVkPipelineCache is enabled
02-01 16:13:45.770 25114 25114 D HWUI    : [HWUI] Flag ddre enabled
02-01 16:13:45.770  7202 10774 W VA_PackageUtilsV2: getVersionCode: error
02-01 16:13:45.770 25114 25114 V GraphicsEnvironment: Currently set values for:
02-01 16:13:45.771 25114 25114 V GraphicsEnvironment:   angle_gl_driver_selection_pkgs=[]
02-01 16:13:45.771 25114 25114 V GraphicsEnvironment:   angle_gl_driver_selection_values=[]
02-01 16:13:45.771 25114 25114 V GraphicsEnvironment: com.miui.packageinstaller is not listed in per-application setting
02-01 16:13:45.771 25114 25114 V GraphicsEnvironment: ANGLE allowlist from config: 
02-01 16:13:45.771 25114 25114 V GraphicsEnvironment: com.miui.packageinstaller is not listed in ANGLE allowlist or settings, returning default
02-01 16:13:45.771  7202 10774 W VA_PackageUtilsV2: getVersionCode: error
02-01 16:13:45.771  7202 10774 W VA_PackageUtilsV2: getVersionCode: error
02-01 16:13:45.771  7202 10774 W VA_PackageUtilsV2: getVersionCode: error
02-01 16:13:45.772  7202 10774 W VA_PackageUtilsV2: getVersionCode: error
02-01 16:13:45.772  7202 10774 W VA_PackageUtilsV2: getVersionCode: error
02-01 16:13:45.772  7202 10774 W VA_PackageUtilsV2: getVersionCode: error
02-01 16:13:45.772  7202 10774 W VA_PackageUtilsV2: getVersionCode: error
02-01 16:13:45.772  7202 10774 W VA_PackageUtilsV2: getVersionCode: error
02-01 16:13:45.772  7202 10774 W VA_PackageUtilsV2: getVersionCode: error
02-01 16:13:45.772  7202 10774 W VA_PackageUtilsV2: getVersionCode: error
02-01 16:13:45.773 25114 25114 I ForceDarkHelperStubImpl: initialize for com.miui.packageinstaller , ForceDarkOrigin
02-01 16:13:45.773  7202 10774 W VA_PackageUtilsV2: getVersionCode: error
02-01 16:13:45.773  7202 10774 W VA_PackageUtilsV2: getVersionCode: error
02-01 16:13:45.773  7202 10774 W VA_PackageUtilsV2: getVersionCode: error
02-01 16:13:45.773 25114 25114 D nativeloader: Load libforcedarkimpl.so using system ns (caller=/system_ext/framework/miui-framework.jar): ok
02-01 16:13:45.773 29310 20529 D SettingsFeatures: isFoldDevice: false
02-01 16:13:45.773  7202 10774 W VA_PackageUtilsV2: getVersionCode: error
02-01 16:13:45.773 25114 25114 D HWUI    : JNI_OnLoad success
02-01 16:13:45.773 25114 25114 I MiuiForceDarkConfig: setConfig density:3.250000, mainRule:0, secondaryRule:0, tertiaryRule:0
02-01 16:13:45.774  7202 10774 W VA_PackageUtilsV2: getVersionCode: error
02-01 16:13:45.774 29310 20529 D SystemAppSettingsTree: add system app com.xiaomi.payment
02-01 16:13:45.774 29310 20529 D SettingsFeatures: isFoldDevice: false
02-01 16:13:45.774 29310 20529 D SystemAppSettingsTree: add system app com.xiaomi.payment
02-01 16:13:45.774 29310 20529 D SettingsFeatures: isFoldDevice: false
02-01 16:13:45.774  7202 10774 W VA_PackageUtilsV2: getVersionCode: error
02-01 16:13:45.777 29310 20529 E ndroid.settings: Invalid resource ID 0x00000000.
02-01 16:13:45.777 29310 20529 I ndroid.settings: MiResources: find entry failed for resource 00000000
02-01 16:13:45.777 29310 20529 I asset   : MiResources: Not found for resource 00000000
--------- beginning of system
02-01 16:13:45.777 29310 20529 I MiResource: invalid cookie from nativeGetResourceValue, cookie = -1, origValue = TypedValue{t=0x3/d=0x454a "Manage keyboards" a=17 r=0x7f1515c7}, value =TypedValue{t=0x3/d=0x454a "Manage keyboards" a=17 r=0x7f1515c7}
02-01 16:13:45.777 29310 20529 I MiResource: got NFE for resource ID #0x0(0) , isResourceCached = true
02-01 16:13:45.777  3229  1333 D MiuiForceVkService: shouldUseVk, pkg=com.miui.packageinstaller useVk 0
02-01 16:13:45.777 29310 20529 E ndroid.settings: Invalid resource ID 0x00000000.
02-01 16:13:45.777 29310 20529 I ndroid.settings: MiResources: find entry failed for resource 00000000
02-01 16:13:45.777 29310 20529 I asset   : MiResources: Not found for resource 00000000
02-01 16:13:45.777 29310 20529 I MiResource: invalid cookie from nativeGetResourceValue, cookie = -1, origValue = TypedValue{t=0x3/d=0x454a "Manage keyboards" a=17 r=0x7f1515c7}, value =TypedValue{t=0x3/d=0x454a "Manage keyboards" a=17 r=0x7f1515c7}
02-01 16:13:45.777 29310 20529 I MiResource: got NFE for resource ID #0x0(0) , isResourceCached = true
02-01 16:13:45.778 29310 20529 D SettingsFeatures: isFoldDevice: false
02-01 16:13:45.779  3229  6821 D ActivityManager: Logging bindService for com.google.android.gms, stopped=false, firstLaunch=false
02-01 16:13:45.779  1845  1845 I vendor.qti.hardware.servicetrackeraidl-service: bindService is called for service : com.google.android.gms/.chimera.PersistentApiService and for client com.google.android.gms
02-01 16:13:45.779  1845  1845 I vendor.qti.hardware.servicetrackeraidl-service: total connections for service : com.google.android.gms/.chimera.PersistentApiServiceare :14
02-01 16:13:45.779  1845  1845 I vendor.qti.hardware.servicetrackeraidl-service: total connections for client : com.google.android.gmsare :4
02-01 16:13:45.779 25114 25114 I ActivityThread: Miui Feature Init done
02-01 16:13:45.780  7202 25042 W VA_PackageUtilsV2: getVersionCode: error
02-01 16:13:45.780 29310 20529 E ndroid.settings: Invalid resource ID 0x00000000.
02-01 16:13:45.780 29310 20529 I ndroid.settings: MiResources: find entry failed for resource 00000000
02-01 16:13:45.780 29310 20529 I asset   : MiResources: Not found for resource 00000000
02-01 16:13:45.780 29310 20529 I MiResource: invalid cookie from nativeGetResourceValue, cookie = -1, origValue = TypedValue{t=0x3/d=0x454a "Manage keyboards" a=17 r=0x7f1515c7}, value =TypedValue{t=0x3/d=0x454a "Manage keyboards" a=17 r=0x7f1515c7}
02-01 16:13:45.780 29310 20529 I MiResource: got NFE for resource ID #0x0(0) , isResourceCached = true
02-01 16:13:45.780  7202 10774 W VA_PackageUtilsV2: getVersionCode: error
02-01 16:13:45.780  7202 10774 W VA_PackageUtilsV2: getVersionCode: error
02-01 16:13:45.780  7202 10774 W VA_PackageUtilsV2: getVersionCode: error
02-01 16:13:45.780  7202 10774 W VA_PackageUtilsV2: getVersionCode: error
02-01 16:13:45.780  7202 10774 W VA_PackageUtilsV2: getVersionCode: error
02-01 16:13:45.780  7202 10774 W VA_PackageUtilsV2: getVersionCode: error
02-01 16:13:45.780  7202 10774 W VA_PackageUtilsV2: getVersionCode: error
02-01 16:13:45.780  7202 10774 W VA_PackageUtilsV2: getVersionCode: error
02-01 16:13:45.780  7202 10774 W VA_PackageUtilsV2: getVersionCode: error
02-01 16:13:45.780  7202 10774 W VA_PackageUtilsV2: getVersionCode: error
02-01 16:13:45.780  7202 10774 W VA_PackageUtilsV2: getVersionCode: error
02-01 16:13:45.780  7202 10774 W VA_PackageUtilsV2: getVersionCode: error
02-01 16:13:45.780  7202 10774 W VA_PackageUtilsV2: getVersionCode: error
02-01 16:13:45.780  7202 10774 W VA_PackageUtilsV2: getVersionCode: error
02-01 16:13:45.780  7202 10774 W VA_PackageUtilsV2: getVersionCode: error
02-01 16:13:45.780  7202 10774 W VA_PackageUtilsV2: getVersionCode: error
02-01 16:13:45.780  7202 10774 W VA_PackageUtilsV2: getVersionCode: error
02-01 16:13:45.780  7202 10774 W VA_PackageUtilsV2: getVersionCode: error
02-01 16:13:45.781  7202 10774 W VA_PackageUtilsV2: getVersionCode: error
02-01 16:13:45.781 29310 20529 E ndroid.settings: Invalid resource ID 0x00000000.
02-01 16:13:45.781 29310 20529 I ndroid.settings: MiResources: find entry failed for resource 00000000
02-01 16:13:45.781 29310 20529 I asset   : MiResources: Not found for resource 00000000
02-01 16:13:45.781  7202 10774 W VA_PackageUtilsV2: getVersionCode: error
02-01 16:13:45.781 29310 20529 I MiResource: invalid cookie from nativeGetResourceValue, cookie = -1, origValue = TypedValue{t=0x3/d=0x454a "Manage keyboards" a=17 r=0x7f1515c7}, value =TypedValue{t=0x3/d=0x454a "Manage keyboards" a=17 r=0x7f1515c7}
02-01 16:13:45.781  7202 10774 W VA_PackageUtilsV2: getVersionCode: error
02-01 16:13:45.781 29310 20529 I MiResource: got NFE for resource ID #0x0(0) , isResourceCached = true
02-01 16:13:45.781  7202 10774 W VA_PackageUtilsV2: getVersionCode: error
02-01 16:13:45.781  7202 10774 W VA_PackageUtilsV2: getVersionCode: error
02-01 16:13:45.781  7202 10774 W VA_PackageUtilsV2: getVersionCode: error
02-01 16:13:45.781  7202 10774 W VA_PackageUtilsV2: getVersionCode: error
02-01 16:13:45.781  7202 10774 W VA_PackageUtilsV2: getVersionCode: error
02-01 16:13:45.781  7202 10774 W VA_PackageUtilsV2: getVersionCode: error
02-01 16:13:45.781  7202 10774 W VA_PackageUtilsV2: getVersionCode: error
02-01 16:13:45.782  3229  6821 W ParceledListSlice: Element #15 is 25668 bytes.
02-01 16:13:45.782  3229  6821 W ParceledListSlice: Element #16 is 25624 bytes.
02-01 16:13:45.782  7202 25033 W VA_PackageUtilsV2: getVersionCode: error
02-01 16:13:45.783  7202 10774 I VA_FeatureModeUtils: allow = 1
02-01 16:13:45.783  7202 25042 E VA_PackageUtils: getVersionName: error not installed pkgName = com.tencent.qqmusic
02-01 16:13:45.783  7202 10774 D VA_SCO:ExtraNodeExecutor: shouldUseAccessBility: true  isLockState: false
02-01 16:13:45.783  7202 25042 W VA_PackageUtilsV2: getVersionCode: error
02-01 16:13:45.783 29310 20529 I ndroid.settings: AssetManager2(0xb4000071df8f4858) locale list changing from [] to [en-US]
02-01 16:13:45.783  1845  1845 I vendor.qti.hardware.servicetrackeraidl-service: bindService is called for service : com.google.android.gms/.chimera.GmsBoundBrokerService and for client com.google.android.gms.persistent
02-01 16:13:45.783  1845  1845 I vendor.qti.hardware.servicetrackeraidl-service: total connections for service : com.google.android.gms/.chimera.GmsBoundBrokerServiceare :1
02-01 16:13:45.783  1845  1845 I vendor.qti.hardware.servicetrackeraidl-service: total connections for client : com.google.android.gms.persistentare :6
02-01 16:13:45.783  7202 25042 E VA_PackageUtils: getVersionName: error not installed pkgName = cn.kuwo.player
02-01 16:13:45.783  7202 25042 W VA_PackageUtilsV2: getVersionCode: error
02-01 16:13:45.783  7202 25042 E VA_PackageUtils: getVersionName: error not installed pkgName = com.netease.cloudmusic
02-01 16:13:45.784  7202 25042 W VA_PackageUtilsV2: getVersionCode: error
02-01 16:13:45.784  7202 25042 E VA_PackageUtils: getVersionName: error not installed pkgName = com.kugou.android
02-01 16:13:45.784  7202 25042 D HWUI    : ImageDecoder_nDecodeBitmap: width = 118, height = 118, encodedFormat = 6
02-01 16:13:45.784  3229  4481 D BackgroundInstallControlService: Package event received: 0
02-01 16:13:45.784  7202 25042 W HWUI    : Image decoding logging dropped!
02-01 16:13:45.784 29310 20529 I ndroid.settings: AssetManager2(0xb4000071df933cd8) locale list changing from [] to [en-US]
02-01 16:13:45.784 25114 25114 D ResMonitorStub: The current process type is: system_app, process name is: com.miui.packageinstaller
02-01 16:13:45.785  7202 25033 E VA_PackageUtils: getVersionName: error not installed pkgName = com.tencent.qqmusic
02-01 16:13:45.785  7202 25033 W VA_PackageUtilsV2: getVersionCode: error
02-01 16:13:45.785  7202 25033 E VA_PackageUtils: getVersionName: error not installed pkgName = cn.kuwo.player
02-01 16:13:45.785  7202 25033 W VA_PackageUtilsV2: getVersionCode: error
02-01 16:13:45.785  7202 25033 E VA_PackageUtils: getVersionName: error not installed pkgName = com.netease.cloudmusic
02-01 16:13:45.785  7202 25033 W VA_PackageUtilsV2: getVersionCode: error
02-01 16:13:45.785  7202 25033 E VA_PackageUtils: getVersionName: error not installed pkgName = com.kugou.android
02-01 16:13:45.785  3229  6821 D ActivityManager: Logging bindService for com.google.android.gms, stopped=false, firstLaunch=false
02-01 16:13:45.785 29310 20529 I ndroid.settings: AssetManager2(0xb4000071df91b958) locale list changing from [] to [en-US]
02-01 16:13:45.785  7202 25033 E VA_PackageUtils: getVersionName: error not installed pkgName = smart
02-01 16:13:45.785  3229  4481 D BackgroundInstallControlService: Package event received: 0
02-01 16:13:45.785  3229  4481 D BackgroundInstallControlService: Package event received: 0
02-01 16:13:45.785  3229  4481 D BackgroundInstallControlService: Package event received: 0
02-01 16:13:45.785  3229  4481 D BackgroundInstallControlService: Package event received: 0
02-01 16:13:45.786  7202 25042 E VA_PackageUtils: getVersionName: error not installed pkgName = smart
02-01 16:13:45.786 29310 20529 I ndroid.settings: AssetManager2(0xb4000071df8f89f8) locale list changing from [] to [en-US]
02-01 16:13:45.786  7202 25033 W VA_PackageUtilsV2: getVersionCode: error
02-01 16:13:45.786 30694 30694 D BoundBrokerSvc: onBind: Intent { act=com.google.android.gms.feedback.internal.IFeedbackService dat=chimera-action:/... xflg=0x4 cmp=com.google.android.gms/.chimera.GmsBoundBrokerService }
02-01 16:13:45.786 30694 30694 D BoundBrokerSvc: Loading bound service for intent: Intent { act=com.google.android.gms.feedback.internal.IFeedbackService dat=chimera-action:/... xflg=0x4 cmp=com.google.android.gms/.chimera.GmsBoundBrokerService }
02-01 16:13:45.786  7202 25033 W VA_PackageUtilsV2: getVersionCode: error
02-01 16:13:45.786  7202 25033 W VA_PackageUtilsV2: getVersionCode: error
02-01 16:13:45.786  7202 25042 W VA_PackageUtilsV2: getVersionCode: error
02-01 16:13:45.787 29310 20529 I ndroid.settings: AssetManager2(0xb4000071df9190b8) locale list changing from [] to [en-US]
02-01 16:13:45.787  7202 25042 W VA_PackageUtilsV2: getVersionCode: error
02-01 16:13:45.787  7202 25042 W VA_PackageUtilsV2: getVersionCode: error
02-01 16:13:45.787  7202 25033 W VA_PackageUtilsV2: getVersionCode: error
02-01 16:13:45.787  7202 25042 W VA_PackageUtilsV2: getVersionCode: error
02-01 16:13:45.787 25114 25114 I JavaheapMonitor: Java heap leak ratio threshold from RMS: 80%, Max: 256M, Process name: com.miui.packageinstaller
02-01 16:13:45.787  7202 25033 W VA_PackageUtilsV2: getVersionCode: error
02-01 16:13:45.787 29310 20529 I ndroid.settings: AssetManager2(0xb4000071df8ae998) locale list changing from [] to [en-US]
02-01 16:13:45.788 25114 25114 I JavaheapMonitor: Java heap loop intervals: (Count: 5)
02-01 16:13:45.788  7202 25042 W VA_PackageUtilsV2: getVersionCode: error
02-01 16:13:45.788 25114 25114 I JavaheapMonitor: 0: 0.0, 300s
02-01 16:13:45.788 25114 25114 I JavaheapMonitor: 1: 0.2, 180s
02-01 16:13:45.788 25114 25114 I JavaheapMonitor: 2: 0.4, 60s
02-01 16:13:45.788 25114 25114 I JavaheapMonitor: 3: 0.6, 30s
02-01 16:13:45.788 25114 25114 I JavaheapMonitor: 4: 0.8, 10s
02-01 16:13:45.788 25114 25114 I JavaheapMonitor: Java heap monitor start in proc: com.miui.packageinstaller
02-01 16:13:45.788 25114 25114 D ResMonitorStub: The current process type supports enabling Java heap monitoring
02-01 16:13:45.788  3229  3922 V Configuration: Updating configuration, locales updated from [] to [en_US]
02-01 16:13:45.788 25114 25114 I MiuiAppAdaptationStubsControl: Feature Flag of ThirdAppOpt is turned off
02-01 16:13:45.788  3229  3922 V Configuration: Updating configuration, locales updated from [] to [en_US]
02-01 16:13:45.788  3229  3922 V Configuration: Updating configuration, locales updated from [] to [en_US]
02-01 16:13:45.788  3229  3922 V Configuration: Updating configuration, locales updated from [] to [en_US]
02-01 16:13:45.788  3229  3922 V Configuration: Updating configuration, locales updated from [] to [en_US]
02-01 16:13:45.788 29310 20529 I ndroid.settings: AssetManager2(0xb4000071df8b5a18) locale list changing from [] to [en-US]
02-01 16:13:45.788  3229  3922 V Configuration: Updating configuration, locales updated from [] to [en_US]
02-01 16:13:45.789  3229  3922 V Configuration: Updating configuration, locales updated from [] to [en_US]
02-01 16:13:45.789  1845  1845 I vendor.qti.hardware.servicetrackeraidl-service: bindService is called for service : com.google.android.gms/.icing.service.AppIndexingService and for client com.google.android.gms.persistent
02-01 16:13:45.789  1845  1845 I vendor.qti.hardware.servicetrackeraidl-service: total connections for service : com.google.android.gms/.icing.service.AppIndexingServiceare :1
02-01 16:13:45.789  1845  1845 I vendor.qti.hardware.servicetrackeraidl-service: total connections for client : com.google.android.gms.persistentare :7
02-01 16:13:45.789  3229  4157 I MiuiNetworkPolicy: updateUidState uid = 10084, uidState = 5
02-01 16:13:45.789 29310 20529 I ndroid.settings: AssetManager2(0xb4000071df91aff8) locale list changing from [] to [en-US]
02-01 16:13:45.789  3229  3922 V Configuration: Updating configuration, locales updated from [] to [en_US]
02-01 16:13:45.789  3229  3922 V Configuration: Updating configuration, locales updated from [] to [en_US]
02-01 16:13:45.789  3229  6821 D ActivityManager: Logging bindService for com.google.android.gms, stopped=false, firstLaunch=false
02-01 16:13:45.790  3229  3922 V Configuration: Updating configuration, locales updated from [] to [en_US]
02-01 16:13:45.790  3229  3922 V Configuration: Updating configuration, locales updated from [] to [en_US]
02-01 16:13:45.790  3229  3922 V Configuration: Updating configuration, locales updated from [] to [en_US]
02-01 16:13:45.790  3229  3922 V Configuration: Updating configuration, locales updated from [] to [en_US]
02-01 16:13:45.790  3229  3922 V Configuration: Updating configuration, locales updated from [] to [en_US]
02-01 16:13:45.790  3229  3922 V Configuration: Updating configuration, locales updated from [] to [en_US]
02-01 16:13:45.790  3229  3922 V Configuration: Updating configuration, locales updated from [] to [en_US]
02-01 16:13:45.790  3229  3922 V Configuration: Updating configuration, locales updated from [] to [en_US]
02-01 16:13:45.790  3229  3922 V Configuration: Updating configuration, locales updated from [] to [en_US]
02-01 16:13:45.790  3229  3922 V Configuration: Updating configuration, locales updated from [] to [en_US]
02-01 16:13:45.790  3229  3922 V Configuration: Updating configuration, locales updated from [] to [en_US]
02-01 16:13:45.790  3229  5800 W ParceledListSlice: Element #15 is 25668 bytes.
02-01 16:13:45.791  3229  5800 W ParceledListSlice: Element #16 is 25624 bytes.
02-01 16:13:45.791 25114 25114 D WM-WrkMgrInitializer: Initializing WorkManager with default configuration.
02-01 16:13:45.791  3229  3922 V Configuration: Updating configuration, locales updated from [] to [en_US]
02-01 16:13:45.791  3229  3922 V Configuration: Updating configuration, locales updated from [] to [en_US]
02-01 16:13:45.791  3229  3922 V Configuration: Updating configuration, locales updated from [] to [en_US]
02-01 16:13:45.791  1845  1845 I vendor.qti.hardware.servicetrackeraidl-service: bindService is called for service : com.google.android.gms/.icing.service.IndexService and for client com.google.android.gms.persistent
02-01 16:13:45.791  3229  3921 D ActivityManager: Logging bindService for com.google.android.gms, stopped=false, firstLaunch=false
02-01 16:13:45.791  1845  1845 I vendor.qti.hardware.servicetrackeraidl-service: total connections for service : com.google.android.gms/.icing.service.IndexServiceare :2
02-01 16:13:45.791  1845  1845 I vendor.qti.hardware.servicetrackeraidl-service: total connections for client : com.google.android.gms.persistentare :8
02-01 16:13:45.791  3229  3922 V Configuration: Updating configuration, locales updated from [] to [en_US]
02-01 16:13:45.791  3229  3922 V Configuration: Updating configuration, locales updated from [] to [en_US]
02-01 16:13:45.792  3229  5800 I ShortcutService: Detected launcher: com.miui.home user: 0 from callingPackage: com.google.android.gms u1000/3229
02-01 16:13:45.793  3229  1326 V Configuration: Updating configuration, locales updated from [] to [en_US]
02-01 16:13:45.793  3229  1326 V Configuration: Updating configuration, locales updated from [] to [en_US]
02-01 16:13:45.793  3229  1326 V Configuration: Updating configuration, locales updated from [] to [en_US]
02-01 16:13:45.793  3229  1326 V Configuration: Updating configuration, locales updated from [] to [en_US]
02-01 16:13:45.793  3229  1326 V Configuration: Updating configuration, locales updated from [] to [en_US]
02-01 16:13:45.793  3229  3922 D ActivityManager: Logging bindService for com.google.android.gms, stopped=false, firstLaunch=false
02-01 16:13:45.793  1845  1845 I vendor.qti.hardware.servicetrackeraidl-service: bindService is called for service : com.google.android.gms/.icing.service.AppIndexingService and for client com.google.android.gms
02-01 16:13:45.793  1845  1845 I vendor.qti.hardware.servicetrackeraidl-service: total connections for service : com.google.android.gms/.icing.service.AppIndexingServiceare :2
02-01 16:13:45.793  1845  1845 I vendor.qti.hardware.servicetrackeraidl-service: total connections for client : com.google.android.gmsare :5
02-01 16:13:45.793  3229  1326 V Configuration: Updating configuration, locales updated from [] to [en_US]
02-01 16:13:45.793  3229  1326 V Configuration: Updating configuration, locales updated from [] to [en_US]
02-01 16:13:45.794  3229  1326 V Configuration: Updating configuration, locales updated from [] to [en_US]
02-01 16:13:45.794  3229  1326 V Configuration: Updating configuration, locales updated from [] to [en_US]
02-01 16:13:45.795  3229  1326 V Configuration: Updating configuration, locales updated from [] to [en_US]
02-01 16:13:45.795  3229  1326 V Configuration: Updating configuration, locales updated from [] to [en_US]
02-01 16:13:45.796 29310 20529 E ndroid.settings: Invalid resource ID 0x00000000.
02-01 16:13:45.796 29310 20529 I ndroid.settings: MiResources: find entry failed for resource 00000000
02-01 16:13:45.796 29310 20529 I asset   : MiResources: Not found for resource 00000000
02-01 16:13:45.796 29310 20529 I MiResource: invalid cookie from nativeGetResourceValue, cookie = -1, origValue = TypedValue{t=0x3/d=0x2948 "Google" a=17 r=0x7f150265}, value =TypedValue{t=0x3/d=0x2948 "Google" a=17 r=0x7f150265}
02-01 16:13:45.796 29310 20529 I MiResource: got NFE for resource ID #0x0(0) , isResourceCached = true
02-01 16:13:45.796  7202 25033 E VA_MapUtil: isInstalled NameNotFound com.autonavi.minimap
02-01 16:13:45.796  3229  4734 D ActivityManager: Logging bindService for com.google.android.gms, stopped=false, firstLaunch=false
02-01 16:13:45.796  7202 25033 E VA_MapUtil: isInstalled NameNotFound com.baidu.BaiduMap
02-01 16:13:45.796  1845  1845 I vendor.qti.hardware.servicetrackeraidl-service: bindService is called for service : com.google.android.gms/.chimera.GmsBoundBrokerService and for client com.google.android.gms
02-01 16:13:45.796  1845  1845 I vendor.qti.hardware.servicetrackeraidl-service: total connections for service : com.google.android.gms/.chimera.GmsBoundBrokerServiceare :2
02-01 16:13:45.796  7202 25033 E VA_MapUtil: isInstalled NameNotFound com.tencent.map
02-01 16:13:45.796  1845  1845 I vendor.qti.hardware.servicetrackeraidl-service: total connections for client : com.google.android.gmsare :6
02-01 16:13:45.796  3229  1326 V Configuration: Updating configuration, locales updated from [] to [en_US]
02-01 16:13:45.796  3229  1326 V Configuration: Updating configuration, locales updated from [] to [en_US]
02-01 16:13:45.796  3229  1326 V Configuration: Updating configuration, locales updated from [] to [en_US]
02-01 16:13:45.796  3229  1326 V Configuration: Updating configuration, locales updated from [] to [en_US]
02-01 16:13:45.796 29310 20529 E ndroid.settings: Invalid resource ID 0x00000000.
02-01 16:13:45.796 29310 20529 I ndroid.settings: MiResources: find entry failed for resource 00000000
02-01 16:13:45.796 29310 20529 I asset   : MiResources: Not found for resource 00000000
02-01 16:13:45.796 29310 20529 I MiResource: invalid cookie from nativeGetResourceValue, cookie = -1, origValue = TypedValue{t=0x3/d=0x4bac "Recognize text" a=17 r=0x7f152c3a}, value =TypedValue{t=0x3/d=0x4bac "Recognize text" a=17 r=0x7f152c3a}
02-01 16:13:45.796  3229  1326 V Configuration: Updating configuration, locales updated from [] to [en_US]
02-01 16:13:45.796 29310 20529 I MiResource: got NFE for resource ID #0x0(0) , isResourceCached = true
02-01 16:13:45.796  3229  1326 V Configuration: Updating configuration, locales updated from [] to [en_US]
02-01 16:13:45.796  3229  1326 V Configuration: Updating configuration, locales updated from [] to [en_US]
02-01 16:13:45.796  3229  1326 V Configuration: Updating configuration, locales updated from [] to [en_US]
02-01 16:13:45.796  3229  1326 V Configuration: Updating configuration, locales updated from [] to [en_US]
02-01 16:13:45.796  7202 25033 E VA_PackageUtils: getVersionName: error not installed pkgName = com.xiaomi.drivemode
02-01 16:13:45.796 29310 20529 E ndroid.settings: Invalid resource ID 0x00000000.
02-01 16:13:45.796 29310 20529 I ndroid.settings: MiResources: find entry failed for resource 00000000
02-01 16:13:45.796 29310 20529 I asset   : MiResources: Not found for resource 00000000
02-01 16:13:45.796 29310 20529 I MiResource: invalid cookie from nativeGetResourceValue, cookie = -1, origValue = TypedValue{t=0x3/d=0x1e62 "Telegram" a=17 r=0x7f0f0264}, value =TypedValue{t=0x3/d=0x1e62 "Telegram" a=17 r=0x7f0f0264}
02-01 16:13:45.796 29310 20529 I MiResource: got NFE for resource ID #0x0(0) , isResourceCached = true
02-01 16:13:45.796  7202 25033 W VA_PackageUtilsV2: getVersionCode: error
02-01 16:13:45.797 29310 20529 E ndroid.settings: Invalid resource ID 0x00000000.
02-01 16:13:45.797 29310 20529 I ndroid.settings: MiResources: find entry failed for resource 00000000
02-01 16:13:45.797 29310 20529 I asset   : MiResources: Not found for resource 00000000
02-01 16:13:45.797 29310 20529 I MiResource: invalid cookie from nativeGetResourceValue, cookie = -1, origValue = TypedValue{t=0x3/d=0x4bac "Recognize text" a=17 r=0x7f152c3a}, value =TypedValue{t=0x3/d=0x4bac "Recognize text" a=17 r=0x7f152c3a}
02-01 16:13:45.797 29310 20529 I MiResource: got NFE for resource ID #0x0(0) , isResourceCached = true
02-01 16:13:45.797  3229  1326 V Configuration: Updating configuration, locales updated from [] to [en_US]
02-01 16:13:45.797  3229  1326 V Configuration: Updating configuration, locales updated from [] to [en_US]
02-01 16:13:45.797  3229  1326 V Configuration: Updating configuration, locales updated from [] to [en_US]
02-01 16:13:45.797  3229  1326 V Configuration: Updating configuration, locales updated from [] to [en_US]
02-01 16:13:45.797 25114 25114 D WM-PackageManagerHelper: Skipping component enablement for androidx.work.impl.background.systemjob.SystemJobService
02-01 16:13:45.797 25114 25114 D WM-Schedulers: Created SystemJobScheduler and enabled SystemJobService
02-01 16:13:45.797  3229  1326 V Configuration: Updating configuration, locales updated from [] to [en_US]
02-01 16:13:45.798  1825  1882 E PERFHAL-OPTSHANDLER: PERFHAL-OPTSHANDLER: modify_sysfsnode() 1351: Perflock resource /sys/devices/system/cpu/bus_dcvs/L3/soc:qcom,memlat:l3:prime/min_freq not supported
02-01 16:13:45.798  1825  1882 E PERFHAL-RESOURCEQS: PERFHAL-RESOURCEQS: RemoveAndApply() 299: Failed to reset optimization here [13, 22]
02-01 16:13:45.798  3229  3922 I ATMSImpl: cacheTasksForDefaultDisplay size=5 topId=1322
02-01 16:13:45.799  7202 25033 D VA_speech_recognize_DynamicContext: ScreenRecognitionActivity excluded
02-01 16:13:45.799  7202 25033 D VA_speech_recognize_DynamicContext: displayId:0
02-01 16:13:45.799 29310 20529 E ndroid.settings: Invalid resource ID 0x00000000.
02-01 16:13:45.799 29310 20529 I ndroid.settings: MiResources: find entry failed for resource 00000000
02-01 16:13:45.799 29310 20529 I asset   : MiResources: Not found for resource 00000000
02-01 16:13:45.799 29310 20529 I MiResource: invalid cookie from nativeGetResourceValue, cookie = -1, origValue = TypedValue{t=0x3/d=0x2948 "Google" a=17 r=0x7f150265}, value =TypedValue{t=0x3/d=0x2948 "Google" a=17 r=0x7f150265}
02-01 16:13:45.799 29310 20529 I MiResource: got NFE for resource ID #0x0(0) , isResourceCached = true
02-01 16:13:45.799 29310 20529 E ndroid.settings: Invalid resource ID 0x00000000.
02-01 16:13:45.799 29310 20529 I ndroid.settings: MiResources: find entry failed for resource 00000000
02-01 16:13:45.799 29310 20529 I asset   : MiResources: Not found for resource 00000000
02-01 16:13:45.799 29310 20529 I MiResource: invalid cookie from nativeGetResourceValue, cookie = -1, origValue = TypedValue{t=0x3/d=0x4bac "Recognize text" a=17 r=0x7f152c3a}, value =TypedValue{t=0x3/d=0x4bac "Recognize text" a=17 r=0x7f152c3a}
02-01 16:13:45.799 29310 20529 I MiResource: got NFE for resource ID #0x0(0) , isResourceCached = true
02-01 16:13:45.799 29310 20529 E ndroid.settings: Invalid resource ID 0x00000000.
02-01 16:13:45.799 29310 20529 I ndroid.settings: MiResources: find entry failed for resource 00000000
02-01 16:13:45.799 29310 20529 I asset   : MiResources: Not found for resource 00000000
02-01 16:13:45.799 29310 20529 I MiResource: invalid cookie from nativeGetResourceValue, cookie = -1, origValue = TypedValue{t=0x3/d=0x1e62 "Telegram" a=17 r=0x7f0f0264}, value =TypedValue{t=0x3/d=0x1e62 "Telegram" a=17 r=0x7f0f0264}
02-01 16:13:45.799 29310 20529 I MiResource: got NFE for resource ID #0x0(0) , isResourceCached = true
02-01 16:13:45.800  7202 25033 E VA_MapUtil: isInstalled NameNotFound com.sankuai.meituan
02-01 16:13:45.800 29310 20529 E ndroid.settings: Invalid resource ID 0x00000000.
02-01 16:13:45.800 29310 20529 I ndroid.settings: MiResources: find entry failed for resource 00000000
02-01 16:13:45.800 29310 20529 I asset   : MiResources: Not found for resource 00000000
02-01 16:13:45.800 29310 20529 I MiResource: invalid cookie from nativeGetResourceValue, cookie = -1, origValue = TypedValue{t=0x3/d=0x4bac "Recognize text" a=17 r=0x7f152c3a}, value =TypedValue{t=0x3/d=0x4bac "Recognize text" a=17 r=0x7f152c3a}
02-01 16:13:45.800 29310 20529 I MiResource: got NFE for resource ID #0x0(0) , isResourceCached = true
02-01 16:13:45.800  1825  1882 E PERFHAL-OPTSHANDLER: PERFHAL-OPTSHANDLER: modify_sysfsnode() 1351: Perflock resource /sys/devices/system/cpu/bus_dcvs/L3/soc:qcom,memlat:l3:prime/min_freq not supported
02-01 16:13:45.800  7202 25033 E VA_MapUtil: isInstalled NameNotFound com.sankuai.meituan.takeoutnew
02-01 16:13:45.800  1825  1882 E PERFHAL-RESOURCEQS: PERFHAL-RESOURCEQS: RemoveAndApply() 299: Failed to reset optimization here [13, 22]
02-01 16:13:45.800 30694   519 I Icing   : IndexChimeraService.getServiceInterface callingPackage=com.google.android.gms componentName=null serviceId=30
02-01 16:13:45.801  7202 25033 E VA_MapUtil: isInstalled NameNotFound me.ele
02-01 16:13:45.801  7202 25042 E VA_MapUtil: isInstalled NameNotFound com.autonavi.minimap
02-01 16:13:45.802  7202 25042 E VA_MapUtil: isInstalled NameNotFound com.baidu.BaiduMap
02-01 16:13:45.802  7202 25042 E VA_MapUtil: isInstalled NameNotFound com.tencent.map
02-01 16:13:45.802  7202 25042 E VA_PackageUtils: getVersionName: error not installed pkgName = com.xiaomi.drivemode
02-01 16:13:45.802  2877  4185 I libsensor-boledalgo: dbv:1960,lux:43.3,hsv:-1.0,dc:0CWB R:0.0,G:0.0,B:0.0Event ALS:21831.6,IR:17252.6Cali ALS:278.4,IR:191.0
02-01 16:13:45.802  7202 25042 W VA_PackageUtilsV2: getVersionCode: error
02-01 16:13:45.802  7202 25033 I VA_ThirdAppStateHelper: getPrivacyApps packageNames : []
02-01 16:13:45.802  7202 25033 I VA_speech_recognize_DynamicContext: [forbidden_apps] 原始隐私应用列表 size=0, pkgs=[]
02-01 16:13:45.802  2877  4185 I libsensor-boledalgo: ##### the value of lux: 43.274605
02-01 16:13:45.802  2877  4185 I libsensor-qshcalapi: value of set_lux: 43.274605
02-01 16:13:45.803  7202 25141 I VA_GlobalContext: appVersionCode = 1712206501   last version = 1712206501
02-01 16:13:45.803 25114 25114 I MarketLogSdk-SecurityModeGuideProvider: onCreate
02-01 16:13:45.803  3229  1326 I ATMSImpl: cacheTasksForDefaultDisplay size=5 topId=1322
02-01 16:13:45.804  7202 25042 D VA_speech_recognize_DynamicContext: ScreenRecognitionActivity excluded
02-01 16:13:45.804  7202 25042 D VA_speech_recognize_DynamicContext: displayId:0
02-01 16:13:45.804  7202 25042 E VA_MapUtil: isInstalled NameNotFound com.sankuai.meituan
02-01 16:13:45.804  7202 25042 E VA_MapUtil: isInstalled NameNotFound com.sankuai.meituan.takeoutnew
02-01 16:13:45.804  7202 25042 E VA_MapUtil: isInstalled NameNotFound me.ele
02-01 16:13:45.804  7202 25042 I VA_ThirdAppStateHelper: getPrivacyApps USE CACHE 
02-01 16:13:45.804  7202 25042 I VA_speech_recognize_DynamicContext: [forbidden_apps] 原始隐私应用列表 size=0, pkgs=[]
02-01 16:13:45.805  7202 25141 I VA_GlobalContext: createLocalAppsJson size:143
02-01 16:13:45.806  7202 25141 I VA_AivsSDK-[AIVS 77522-IO_task_32] EngineImpl-main_db6e916ff5ef48c6ac0950de78b63aca: updateAppData: not update
02-01 16:13:45.806  7202 25141 D VA_MiSpeechSDK:MiAiEngine: AppObserver occur
02-01 16:13:45.806  7202 25141 D VA_MiSpeechSDK:MiAiEngine: updateApps
02-01 16:13:45.807  2877  4185 I sensors : qsh_qmi:41, qsh_qmi
02-01 16:13:45.807 30694 25188 I gle.android.gms: AssetManager2(0xb4000071df883d38) locale list changing from [] to [en-US]
02-01 16:13:45.807 25114 25114 D MiLogUploader: MiLogUploader init.
02-01 16:13:45.808 25114 25114 D OneTrackSdk: updateDebugSwitch sEnable: false sDebugMode：false sDebugProperty：false
02-01 16:13:45.809 25114 25114 D OneTrackSdk: updateTestSwitch sTestEnable: false sTestMode：false sTestProperty：false
02-01 16:13:45.809 25114 25114 D OneTrackSdk: log on: false, quick upload on: false
02-01 16:13:45.809  1736 12263 I sensors-hal: qsh_conn_event_cb:789, wakeup event[0] sensor:screen_down  Wakeup msg_id=1025, ts=27584423418803
02-01 16:13:45.809  1736 12263 I sensors-hal: qsh_conn_event_cb:789, wakeup event[1] sensor:screen_down  Wakeup msg_id=1025, ts=27584424209516
02-01 16:13:45.809  1736 12263 I sensors-hal: qsh_conn_event_cb:789, wakeup event[2] sensor:screen_down  Wakeup msg_id=1025, ts=27584425000230
02-01 16:13:45.809  1736 12263 I sensors-hal: qsh_conn_event_cb:789, wakeup event[3] sensor:screen_down  Wakeup msg_id=1025, ts=27584425790943
02-01 16:13:45.809  1736 12263 I sensors-hal: qsh_conn_event_cb:789, wakeup event[4] sensor:screen_down  Wakeup msg_id=1025, ts=27584426581657
02-01 16:13:45.809  1736 12263 I sensors-hal: qsh_conn_event_cb:789, wakeup event[5] sensor:screen_down  Wakeup msg_id=1025, ts=27584427372370
02-01 16:13:45.808 29310 20529 D AppStartupManager: isStartFromBoot:false
02-01 16:13:45.809 29310 20529 D AppStartupManager: get preload resource from cache key:isInternationalM2M3AndIsSafetyCenterEnabled val:null
02-01 16:13:45.809 30694 25188 I Icing   : Usage reports ok 2, Failed Usage reports 0, indexed 0, rejected 0
02-01 16:13:45.809 29310 20529 D AppStartupManager: isStartFromBoot:false
02-01 16:13:45.809 29310 20529 D AppStartupManager: get preload resource from cache key:isInternationalM2M3AndIsSafetyCenterEnabled val:null
02-01 16:13:45.810 29310 20529 D SettingsFeatures: isFoldDevice: false
02-01 16:13:45.810 29310 20529 D SettingsFeatures: isFoldDevice: false
02-01 16:13:45.810 29310 20529 D SettingsFeatures: isFoldDevice: false
02-01 16:13:45.811 25114 25114 I NativeTurboSchedManager: Load libmiui_runtime
02-01 16:13:45.811 29310 20529 D SettingsFeatures: isFoldDevice: false
02-01 16:13:45.811 29310 20529 D SettingsFeatures: isFoldDevice: false
02-01 16:13:45.811 25114 25114 E TurboSchedMonitor: failed to find setSchedAffinity method com.miui.packageinstaller
02-01 16:13:45.811 29310 20529 D SettingsFeatures: isFoldDevice: false
02-01 16:13:45.811 29310 20529 D SettingsFeatures: isFoldDevice: false
02-01 16:13:45.811 29310 20529 D SettingsFeatures: isFoldDevice: false
02-01 16:13:45.811 29310 20529 D SettingsFeatures: isFoldDevice: false
02-01 16:13:45.812 29310 20529 D SettingsFeatures: isFoldDevice: false
02-01 16:13:45.812 25114 25114 E TurboSchedMonitor: failed to find setSchedAffinity method com.miui.packageinstaller
02-01 16:13:45.812 29310 20529 D SettingsFeatures: isFoldDevice: false
02-01 16:13:45.812 29310 20529 D SettingsFeatures: isFoldDevice: false
02-01 16:13:45.812 29310 20529 D SettingsFeatures: isFoldDevice: false
02-01 16:13:45.812 29310 20529 D SettingsFeatures: isFoldDevice: false
02-01 16:13:45.813 29310 20529 D SettingsFeatures: isFoldDevice: false
02-01 16:13:45.813 29310 20529 D SettingsFeatures: isFoldDevice: false
02-01 16:13:45.813 29310 20529 D SettingsFeatures: isFoldDevice: false
02-01 16:13:45.813 29310 20529 D SettingsFeatures: isFoldDevice: false
02-01 16:13:45.813 29310 20529 D SettingsFeatures: isFoldDevice: false
02-01 16:13:45.813 29310 20529 D ParamsInterpretationCon: json parse successnull
02-01 16:13:45.813 29310 20529 D ParamsInterpretationCon: jsonObjToString{}
02-01 16:13:45.814  2877  4185 I sensors : ~qsh_qmi:68, ~qsh_qmi
02-01 16:13:45.814 29310 20529 D SettingsFeatures: isFoldDevice: false
02-01 16:13:45.814 25114 25114 D OneTrackImp: OneTrackImp init : Configuration{appId='10***65', pluginId='null', channel='appstore', international=false, region='null', overrideMiuiRegionSetting=false, mode=SDK, GAIDEnable=true, IMSIEnable=true, IMEIEnable=true, ExceptionCatcherEnable=false, instanceId=null}
02-01 16:13:45.814 25114 25114 D OneTrackImp: OneTrackImp sdk ver : 2.2.2
02-01 16:13:45.814  3229  3922 D CompatChangeReporter: Compat change id reported: 261072174; UID 10133; state: ENABLED
02-01 16:13:45.814  3229  3922 D ActivityManager: Logging bindService for com.miui.analytics, stopped=false, firstLaunch=false
02-01 16:13:45.814  1845  1845 I vendor.qti.hardware.servicetrackeraidl-service: bindService is called for service : com.miui.analytics/.onetrack.OneTrackService and for client com.miui.packageinstaller
02-01 16:13:45.815  1845  1845 I vendor.qti.hardware.servicetrackeraidl-service: total connections for service : com.miui.analytics/.onetrack.OneTrackServiceare :100
02-01 16:13:45.815  1845  1845 I vendor.qti.hardware.servicetrackeraidl-service: total connections for client : com.miui.packageinstallerare :1
02-01 16:13:45.815 29310 20529 D SettingsFeatures: isFoldDevice: false
02-01 16:13:45.815 29310 20529 D SettingsFeatures: isFoldDevice: false
02-01 16:13:45.816 29310 20529 D SettingsFeatures: isFoldDevice: false
02-01 16:13:45.816  3229  5882 D CompatChangeReporter: Compat change id reported: 161145287; UID 10133; state: ENABLED
02-01 16:13:45.817 29310 20529 D SettingsFeatures: isFoldDevice: false
02-01 16:13:45.817  7202 25141 I VA_GlobalContext: appVersionCode = 1712206501   last version = 1712206501
02-01 16:13:45.818 25114 25114 I MIUIPI_Log: Logger init completed!
02-01 16:13:45.818  7202 25141 I VA_GlobalContext: createLocalAppsJson size:143
02-01 16:13:45.819  7202 25141 I VA_AivsSDK-[AIVS 77522-IO_task_32] EngineImpl-main_db6e916ff5ef48c6ac0950de78b63aca: updateAppData: not update
02-01 16:13:45.819  7202 25141 D VA_MiSpeechSDK:MiAiEngine: AppObserver occur
02-01 16:13:45.819  7202 25141 D VA_MiSpeechSDK:MiAiEngine: updateApps
02-01 16:13:45.819 29310 20529 E ndroid.settings: Invalid resource ID 0x00000000.
02-01 16:13:45.819 29310 20529 I ndroid.settings: MiResources: find entry failed for resource 00000000
02-01 16:13:45.819 29310 20529 I asset   : MiResources: Not found for resource 00000000
02-01 16:13:45.819 29310 20529 I MiResource: invalid cookie from nativeGetResourceValue, cookie = -1, origValue = TypedValue{t=0x0/d=0x0}, value =TypedValue{t=0x0/d=0x0}
02-01 16:13:45.819 29310 20529 I MiResource: got NFE for resource ID #0x0(0) , isResourceCached = true
02-01 16:13:45.819 25114 25114 E TurboSchedMonitor: failed to find setSchedAffinity method com.miui.packageinstaller
02-01 16:13:45.819 29310 20529 E ndroid.settings: Invalid resource ID 0x00000000.
02-01 16:13:45.819 29310 20529 I ndroid.settings: MiResources: find entry failed for resource 00000000
02-01 16:13:45.819 29310 20529 I asset   : MiResources: Not found for resource 00000000
02-01 16:13:45.819 29310 20529 I MiResource: invalid cookie from nativeGetResourceValue, cookie = -1, origValue = TypedValue{t=0x0/d=0x0}, value =TypedValue{t=0x0/d=0x0}
02-01 16:13:45.819 29310 20529 I MiResource: got NFE for resource ID #0x0(0) , isResourceCached = true
02-01 16:13:45.820 29310 20529 D SettingsFeatures: isFoldDevice: false
02-01 16:13:45.820  3229  3284 I ShortcutService: Detected launcher: com.miui.home user: 0 from callingPackage: com.google.android.gms u1000/3229
02-01 16:13:45.820 25114 25214 I MIUIPI_ImportantSystemEnvironment: persist.sys.miui_optimization=[true]
02-01 16:13:45.820 29310 20529 E ndroid.settings: Invalid resource ID 0x00000000.
02-01 16:13:45.820 29310 20529 I ndroid.settings: MiResources: find entry failed for resource 00000000
02-01 16:13:45.820 29310 20529 I asset   : MiResources: Not found for resource 00000000
02-01 16:13:45.820 29310 20529 I MiResource: invalid cookie from nativeGetResourceValue, cookie = -1, origValue = TypedValue{t=0x0/d=0x0}, value =TypedValue{t=0x0/d=0x0}
02-01 16:13:45.820 29310 20529 I MiResource: got NFE for resource ID #0x0(0) , isResourceCached = true
02-01 16:13:45.820 29310 20529 E ndroid.settings: Invalid resource ID 0x00000000.
02-01 16:13:45.820 29310 20529 I ndroid.settings: MiResources: find entry failed for resource 00000000
02-01 16:13:45.820 29310 20529 I asset   : MiResources: Not found for resource 00000000
02-01 16:13:45.820 29310 20529 I MiResource: invalid cookie from nativeGetResourceValue, cookie = -1, origValue = TypedValue{t=0x0/d=0x0}, value =TypedValue{t=0x0/d=0x0}
02-01 16:13:45.820 29310 20529 I MiResource: got NFE for resource ID #0x0(0) , isResourceCached = true
02-01 16:13:45.820 29310 20529 E ndroid.settings: Invalid resource ID 0x00000000.
02-01 16:13:45.820 29310 20529 I ndroid.settings: MiResources: find entry failed for resource 00000000
02-01 16:13:45.820 29310 20529 I asset   : MiResources: Not found for resource 00000000
02-01 16:13:45.820 29310 20529 I MiResource: invalid cookie from nativeGetResourceValue, cookie = -1, origValue = TypedValue{t=0x0/d=0x0}, value =TypedValue{t=0x0/d=0x0}
02-01 16:13:45.820 29310 20529 I MiResource: got NFE for resource ID #0x0(0) , isResourceCached = true
02-01 16:13:45.820 29310 20529 D SettingsFeatures: isFoldDevice: false
02-01 16:13:45.820 29310 20529 E ndroid.settings: Invalid resource ID 0x00000000.
02-01 16:13:45.820 29310 20529 I ndroid.settings: MiResources: find entry failed for resource 00000000
02-01 16:13:45.820 29310 20529 I asset   : MiResources: Not found for resource 00000000
02-01 16:13:45.820 29310 20529 I MiResource: invalid cookie from nativeGetResourceValue, cookie = -1, origValue = TypedValue{t=0x0/d=0x0}, value =TypedValue{t=0x0/d=0x0}
02-01 16:13:45.820 29310 20529 I MiResource: got NFE for resource ID #0x0(0) , isResourceCached = true
02-01 16:13:45.820 29310 20529 E ndroid.settings: Invalid resource ID 0x00000000.
02-01 16:13:45.820 29310 20529 I ndroid.settings: MiResources: find entry failed for resource 00000000
02-01 16:13:45.820 29310 20529 I asset   : MiResources: Not found for resource 00000000
02-01 16:13:45.820 29310 20529 I MiResource: invalid cookie from nativeGetResourceValue, cookie = -1, origValue = TypedValue{t=0x0/d=0x0}, value =TypedValue{t=0x0/d=0x0}
02-01 16:13:45.820 29310 20529 I MiResource: got NFE for resource ID #0x0(0) , isResourceCached = true
