02-01 16:13:46.671 20319 20319 E AndroidRuntime: 	at androidx.compose.ui.platform.AndroidComposeView.setOnViewTreeOwnersAvailable(AndroidComposeView.android.kt:1289)
02-01 16:13:46.671 20319 20319 E AndroidRuntime: 	at androidx.compose.ui.platform.WrappedComposition.setContent(Wrapper.android.kt:114)
02-01 16:13:46.671 20319 20319 E AndroidRuntime: 	at androidx.compose.ui.platform.WrappedComposition.onStateChanged(Wrapper.android.kt:164)
02-01 16:13:46.671 20319 20319 E AndroidRuntime: 	at androidx.lifecycle.LifecycleRegistry$ObserverWithState.dispatchEvent(LifecycleRegistry.kt:322)
02-01 16:13:46.671 20319 20319 E AndroidRuntime: 	at androidx.lifecycle.LifecycleRegistry.addObserver(LifecycleRegistry.kt:199)
02-01 16:13:46.671 20319 20319 E AndroidRuntime: 	at androidx.compose.ui.platform.WrappedComposition$setContent$1.invoke(Wrapper.android.kt:121)
02-01 16:13:46.671 20319 20319 E AndroidRuntime: 	at androidx.compose.ui.platform.WrappedComposition$setContent$1.invoke(Wrapper.android.kt:114)
02-01 16:13:46.671 20319 20319 E AndroidRuntime: 	at androidx.compose.ui.platform.AndroidComposeView.onAttachedToWindow(AndroidComposeView.android.kt:1364)
02-01 16:13:46.671 20319 20319 E AndroidRuntime: 	at android.view.View.dispatchAttachedToWindow(View.java:23744)
02-01 16:13:46.671 20319 20319 E AndroidRuntime: 	at android.view.ViewGroup.dispatchAttachedToWindow(ViewGroup.java:3545)
02-01 16:13:46.671 20319 20319 E AndroidRuntime: 	at android.view.ViewGroup.dispatchAttachedToWindow(ViewGroup.java:3552)
02-01 16:13:46.671 20319 20319 E AndroidRuntime: 	at android.view.ViewGroup.dispatchAttachedToWindow(ViewGroup.java:3552)
02-01 16:13:46.671 20319 20319 E AndroidRuntime: 	at android.view.ViewGroup.dispatchAttachedToWindow(ViewGroup.java:3552)
02-01 16:13:46.671 20319 20319 E AndroidRuntime: 	at android.view.ViewGroup.dispatchAttachedToWindow(ViewGroup.java:3552)
02-01 16:13:46.671 20319 20319 E AndroidRuntime: 	at android.view.ViewRootImpl.performTraversals(ViewRootImpl.java:4637)
02-01 16:13:46.671 20319 20319 E AndroidRuntime: 	at android.view.ViewRootImpl.doTraversal(ViewRootImpl.java:4040)
02-01 16:13:46.671 20319 20319 E AndroidRuntime: 	at android.view.ViewRootImpl$TraversalRunnable.run(ViewRootImpl.java:12416)
02-01 16:13:46.671 20319 20319 E AndroidRuntime: 	at android.view.Choreographer$CallbackRecord.run(Choreographer.java:2022)
02-01 16:13:46.671 20319 20319 E AndroidRuntime: 	at android.view.Choreographer$CallbackRecord.run(Choreographer.java:2031)
02-01 16:13:46.671 20319 20319 E AndroidRuntime: 	at android.view.Choreographer.doCallbacks(Choreographer.java:1515)
02-01 16:13:46.671 20319 20319 E AndroidRuntime: 	at android.view.Choreographer.doFrame(Choreographer.java:1396)
02-01 16:13:46.671 20319 20319 E AndroidRuntime: 	at android.view.Choreographer$FrameDisplayEventReceiver.run(Choreographer.java:1985)
02-01 16:13:46.671 20319 20319 E AndroidRuntime: 	at android.os.Handler.handleCallback(Handler.java:995)
02-01 16:13:46.671 20319 20319 E AndroidRuntime: 	at android.os.Handler.dispatchMessage(Handler.java:103)
02-01 16:13:46.671 20319 20319 E AndroidRuntime: 	at android.os.Looper.loopOnce(Looper.java:265)
02-01 16:13:46.671 20319 20319 E AndroidRuntime: 	at android.os.Looper.loop(Looper.java:358)
02-01 16:13:46.671 20319 20319 E AndroidRuntime: 	at android.app.ActivityThread.main(ActivityThread.java:10049)
02-01 16:13:46.671 20319 20319 E AndroidRuntime: 	at java.lang.reflect.Method.invoke(Native Method)
02-01 16:13:46.671 20319 20319 E AndroidRuntime: 	at com.android.internal.os.RuntimeInit$MethodAndArgsCaller.run(RuntimeInit.java:616)
02-01 16:13:46.671 20319 20319 E AndroidRuntime: 	at com.android.internal.os.ZygoteInit.main(ZygoteInit.java:1115)
02-01 16:13:46.672  3229  7922 I system_server: AssetManager2(0xb4000071df8674f8) locale list changing from [] to [en-US]
02-01 16:13:46.672 13524 25178 I .quicksearchbox: AssetManager2(0xb4000071df8865d8) locale list changing from [] to [en-US]
02-01 16:13:46.673 20319 20319 W ScoutUtils: Failed to mkdir /data/miuilog/stability/hprof/
02-01 16:13:46.666 20319 20319 W com.myshop.cafe: type=1400 audit(0.0:6703339): avc:  denied  { search } for  name="miuilog" dev="dm-62" ino=793 scontext=u:r:untrusted_app:s0:c202,c257,c512,c768 tcontext=u:object_r:data_log_file:s0 tclass=dir permissive=0 app=com.myshop.cafe
02-01 16:13:46.666 20319 20319 W com.myshop.cafe: type=1400 audit(0.0:6703340): avc:  denied  { search } for  name="miuilog" dev="dm-62" ino=793 scontext=u:r:untrusted_app:s0:c202,c257,c512,c768 tcontext=u:object_r:data_log_file:s0 tclass=dir permissive=0 app=com.myshop.cafe
02-01 16:13:46.666 20319 20319 W com.myshop.cafe: type=1400 audit(0.0:6703341): avc:  denied  { search } for  name="miuilog" dev="dm-62" ino=793 scontext=u:r:untrusted_app:s0:c202,c257,c512,c768 tcontext=u:object_r:data_log_file:s0 tclass=dir permissive=0 app=com.myshop.cafe
02-01 16:13:46.666 20319 20319 W com.myshop.cafe: type=1400 audit(0.0:6703342): avc:  denied  { search } for  name="miuilog" dev="dm-62" ino=793 scontext=u:r:untrusted_app:s0:c202,c257,c512,c768 tcontext=u:object_r:data_log_file:s0 tclass=dir permissive=0 app=com.myshop.cafe
02-01 16:13:46.666 20319 20319 W com.myshop.cafe: type=1400 audit(0.0:6703343): avc:  denied  { search } for  name="miuilog" dev="dm-62" ino=793 scontext=u:r:untrusted_app:s0:c202,c257,c512,c768 tcontext=u:object_r:data_log_file:s0 tclass=dir permissive=0 app=com.myshop.cafe
02-01 16:13:46.675 32340 32429 W MQSEventManager: jeoccur
02-01 16:13:46.675  3229 25357 I DropBoxManagerService: add tag=data_app_crash isTagEnabled=true flags=0x2
02-01 16:13:46.675  3229  7922 I system_server: AssetManager2(0xb4000071df918d98) locale list changing from [] to [en-US]
02-01 16:13:46.675  3229  3922 I ActivityManager: note: ProcessRecord{94fed7d 20319:com.myshop.cafe/u0a458} is being killed, reason: APP CRASH(EXCEPTION), sub-reason: UNKNOWN, message: crash
02-01 16:13:46.676  3229  3922 W ActivityTaskManager:   Force finishing activity com.myshop.cafe/.MainActivity
02-01 16:13:46.676  3229  4157 I MiuiNetworkPolicy: updateUidState uid = 10158, uidState = 8
02-01 16:13:46.676  3229  3922 D BLASTSyncEngine: [DH_DEBUG]scheduleTimeout #9358 success=true timeoutMs=5000 callback=com.android.server.wm.BLASTSyncEngine$SyncGroup$$ExternalSyntheticLambda2@12e17b2
02-01 16:13:46.676  3229  3595 W RescuePartyPlus: This device support and enable RescuePartyPlus! (Via cloud control)
02-01 16:13:46.676  3229  3922 I AnimInterruptController: mark Foresee interrupt start 9357
02-01 16:13:46.676  3229  3922 I AnimInterruptController: remove FO timeout
02-01 16:13:46.676  3229  3922 D DisplayContentStubImpl: Remove FixedRotationTimeoutRunnable
02-01 16:13:46.676  3229  3922 D WindowManager: Collecting in transition 9358: Task{5bbe998 #1328 type=standard A=10458:com.myshop.cafe} init visibleRequested:true dc:Display{#0 state=ON size=1280x2772 ROTATION_0}
02-01 16:13:46.676  3229  3922 D TaskStubImpl: setToBackByHome false for Task#1322
02-01 16:13:46.676  3229  3922 I ActivityTaskManager: moveTaskToFront: Task{e2d8077 #1322 type=standard A=1000:com.android.settings.root} caller trace:com.android.server.wm.TaskDisplayArea.onTaskMoved:461 com.android.server.wm.Task.updateTaskMovement:1753 com.android.server.wm.TaskDisplayArea.positionChildTaskAt:425 com.android.server.wm.TaskDisplayArea.positionChildAt:386 com.android.server.wm.Task.moveToFront:6214 com.android.server.wm.Task.moveToFront:6184 com.android.server.wm.Task.moveToFront:6174 com.android.server.wm.Task.adjustFocusToNextFocusableTask:3474 com.android.server.wm.ActivityRecord.finishIfPossible:4165 com.android.server.wm.ActivityRecord.finishIfPossible:4076 
02-01 16:13:46.676  3229  3922 D As.ActivityMmReduceLoadHelper: onTaskMovedToFront: mTopActivityPackageName: com.android.settings mTopActivityClassName: com.android.settings.MiuiSettings
02-01 16:13:46.676  3229  3922 D As.ActivityMmReduceLoadHelper: onTaskMovedToFront End
02-01 16:13:46.677  3229  3922 D MiuiSoScManager: supportSoScMinimizedMode:true
02-01 16:13:46.677  3229  3922 D MiuiSoScManager: taskInSoScFullMode:false
02-01 16:13:46.677  3229  3922 D MiuiFreeFormGestureController: deliverResultForFinishActivity resultTo: null resultFrom: ActivityRecord{59773706 u0 com.myshop.cafe/.MainActivity t1328 f}} isInVideoOrGameScene: false intent: Intent { flg=0x10000000 xflg=0x5 cmp=com.myshop.cafe/.MainActivity }
02-01 16:13:46.677  3229  3922 D WindowManager: Collecting in transition 9358: ActivityRecord{59773706 u0 com.myshop.cafe/.MainActivity t1328 f}} init visibleRequested:true dc:Display{#0 state=ON size=1280x2772 ROTATION_0}
02-01 16:13:46.677  3229  3922 D ActivityTrigger: ActivityTrigger activityPauseTrigger 
02-01 16:13:46.677  3229  3922 D Transition: setReady 9358 wc=Task{5bbe998 #1328 type=standard A=10458:com.myshop.cafe} ready=false
02-01 16:13:46.677  3229  3922 I ActivityTaskManager: resumeTopActivity: Skip resume: some activity pausing.
02-01 16:13:46.677  3229  3922 I ActivityTaskManager: resumeTopActivity: Skip resume: some activity pausing.
02-01 16:13:46.677  3229  3922 D WindowManager: Collecting in transition 9358: ActivityRecord{45924625 u0 com.android.settings/.MainSettings t1322} init visibleRequested:false dc:Display{#0 state=ON size=1280x2772 ROTATION_0}
02-01 16:13:46.677  3229  3922 I ActivityTaskManager: resumeTopActivity: Skip resume: some activity pausing.
02-01 16:13:46.677  3229  7922 I system_server: AssetManager2(0xb4000071df885f98) locale list changing from [] to [en-US]
02-01 16:13:46.678  3229  3922 D BarFollowAnimation: pairAppearanceRegionAndWin win=Window{ab5b455 u0 Splash Screen com.myshop.cafe} 0
02-01 16:13:46.678  3229  3922 D BarFollowAnimation: isAppTaskBarOnTop win:Window{ab5b455 u0 Splash Screen com.myshop.cafe} (mCurrentTopTask:Task{5bbe998 #1328 type=standard A=10458:com.myshop.cafe} : true); (mAssociatedTask:Task{5bbe998 #1328 type=standard A=10458:com.myshop.cafe} : true); (mHomeTask:Task{8549e9a #882 type=home} : false); mReparentToOriginParent:false mLastAppBarVisible:true mLastHomeBarVisible:false
02-01 16:13:46.678  3229  3922 D BarFollowAnimation: updateSystemBarAttributes index=0 statusId=0 key=1
02-01 16:13:46.678  3229  3922 D MiuiRefreshRatePolicy: reset
02-01 16:13:46.678  3229  3922 I TransitionImpl: home mode = 3
02-01 16:13:46.678  3229  3922 I TransitionImpl: home mode = 2
02-01 16:13:46.678  3229  3922 I TransitionImpl: home mode = 2
02-01 16:13:46.678  3229  3922 I TransitionImpl: home mode = 3
02-01 16:13:46.678  3229  3922 I TransitionImpl: home mode = 2
02-01 16:13:46.678  3229  3922 I TransitionImpl: home mode = 2
02-01 16:13:46.678  3229  3922 I TransitionImpl: home mode = 3
02-01 16:13:46.678  3229  3922 I TransitionImpl: home mode = 2
02-01 16:13:46.678  3229  3922 I TransitionImpl: home mode = 2
02-01 16:13:46.678  3229  3922 I TransitionImpl: home mode = 3
02-01 16:13:46.678  3229  3922 I TransitionImpl: home mode = 2
02-01 16:13:46.678  3229  3922 I TransitionImpl: home mode = 2
02-01 16:13:46.678  3229  3922 I TransitionImpl: home mode = 3
02-01 16:13:46.678  3229  3922 I TransitionImpl: home mode = 2
02-01 16:13:46.678  3229  3922 I TransitionImpl: home mode = 2
02-01 16:13:46.679 20319 20319 I Process : Process is going to kill itself!
02-01 16:13:46.679 20319 20319 I Process : java.lang.Exception
02-01 16:13:46.679 20319 20319 I Process : 	at android.os.Process.killProcess(Process.java:1449)
02-01 16:13:46.679 20319 20319 I Process : 	at com.android.internal.os.RuntimeInit$KillApplicationHandler.uncaughtException(RuntimeInit.java:205)
02-01 16:13:46.679 20319 20319 I Process : 	at java.lang.ThreadGroup.uncaughtException(ThreadGroup.java:1071)
02-01 16:13:46.679 20319 20319 I Process : 	at java.lang.ThreadGroup.uncaughtException(ThreadGroup.java:1066)
02-01 16:13:46.679 20319 20319 I Process : 	at java.lang.Thread.dispatchUncaughtException(Thread.java:2442)
02-01 16:13:46.679 20319 20319 I Process : Sending signal. PID: 20319 SIG: 9
02-01 16:13:46.679 20319 20319 I libc    : kill: send 9 to pid 20319
02-01 16:13:46.679 20319 20319 I libc    : debug pid reuse, real pid 20319
02-01 16:13:46.680  3229  3320 D AS.ReduceMmLoadingHelper: ReduceMmLoadingListener, onActivityMmReduceLoad isReduceLoad = false
02-01 16:13:46.680  3229  3320 D As.ActivityMmReduceLoadHelper: onCheckIfActivtyReduceLoad topAppName is not in foreground. Done
02-01 16:13:46.681  5169  5443 V WindowManagerShell: Transition requested (#9358): android.os.BinderProxy@c5cc5c4 TransitionRequestInfo { type = CLOSE, triggerTask = TaskInfo{userId=0 taskId=1328 effectiveUid=10458 displayId=0 isRunning=true baseIntent=Intent { flg=0x10000000 cmp=com.myshop.cafe/.MainActivity } baseActivity=ComponentInfo{com.myshop.cafe/com.myshop.cafe.MainActivity} topActivity=ComponentInfo{com.myshop.cafe/com.myshop.cafe.MainActivity} origActivity=null realActivity=ComponentInfo{com.myshop.cafe/com.myshop.cafe.MainActivity} numActivities=1 lastActiveTime=1436680209 supportsSplitScreenMultiWindow=true mSoScDisplayMode=-1 supportsMultiWindow=true resizeMode=1 isResizeable=true minWidth=-1 minHeight=-1 defaultMinSize=200 token=WCT{android.window.IWindowContainerToken$Stub$Proxy@15a1cad} topActivityType=1 pictureInPictureParams=null shouldDockBigOverlays=false launchIntoPipHostTaskId=-1 lastParentTaskIdBeforePip=-1 displayCutoutSafeInsets=Rect(0, 0 - 0, 0) topActivityInfo=ActivityInfo{2e91be2 com.myshop.cafe.MainActivity} launchCookies=[] positionInParent=Point(0, 0) parentTaskId=-1 isFocused=true isVisible=true isVisibleRequested=true isTopActivityNoDisplay=false isSleeping=false locusId=null displayAreaFeatureId=1 isTopActivityTransparent=false isActivityStackTransparent=false lastNonFullscreenBounds=null capturedLink=null capturedLinkTimestamp=0 requestedVisibleTypes=-9 topActivityRequestOpenInBrowserEducationTimestamp=0 appCompatTaskInfo=AppCompatTaskInfo { topActivityInSizeCompat=false eligibleForLetterboxEducation= false topActivityInMiuiSizeCompat=false isLetterboxEducationEnabled= false isLetterboxDoubleTapEnabled= false eligibleForUserAspectRatioButton= false topActivityBoundsLetterboxed= false isFromLetterboxDoubleTap= false topActivityLetterboxVerticalPosition= -1 topActivityLetterboxHorizontalPosition= -1 topActivityLetterboxWidth=-1 topActivityLetterboxHeight=-1 topActivityAppBounds=Rect(0, 152 - 1280, 2720) isUserFullscreenOverrideEnabled=false isSystemFullscreenOverrideEnabled=false hasMinAspectRatioOverride=false topActivityLetterboxBounds=null cameraCompatTaskInfo=CameraCompatTaskInfo { freeformCameraCompatMode=inactive}} isImmersive=false mTopActivityRequestOrientation=-1 mStatusBarParent=null mNavBarParent=null mBehindAppLockPkg=null mOriginatingUid=0 isEmbedded=false shouldBeVisible=true isCreatedByOrganizer=false mIsCastMode=false mTopActivityMediaSize=null mTopActivityRecordName=ActivityRecord{59773706 u0 com.myshop.cafe/.MainActivity t1328} mTopActivityOrientation=-1 topActivityMainWindowFrame=null}, pipChange = null, remoteTransition = null, displayChange = null, flags = 16, debugId = 9358 }
02-01 16:13:46.681  5169  5443 I SoScStageCoordinator: Transition requested:TransitionRequestInfo { type = CLOSE, triggerTask = TaskInfo{userId=0 taskId=1328 effectiveUid=10458 displayId=0 isRunning=true baseIntent=Intent { flg=0x10000000 cmp=com.myshop.cafe/.MainActivity } baseActivity=ComponentInfo{com.myshop.cafe/com.myshop.cafe.MainActivity} topActivity=ComponentInfo{com.myshop.cafe/com.myshop.cafe.MainActivity} origActivity=null realActivity=ComponentInfo{com.myshop.cafe/com.myshop.cafe.MainActivity} numActivities=1 lastActiveTime=1436680209 supportsSplitScreenMultiWindow=true mSoScDisplayMode=-1 supportsMultiWindow=true resizeMode=1 isResizeable=true minWidth=-1 minHeight=-1 defaultMinSize=200 token=WCT{android.window.IWindowContainerToken$Stub$Proxy@15a1cad} topActivityType=1 pictureInPictureParams=null shouldDockBigOverlays=false launchIntoPipHostTaskId=-1 lastParentTaskIdBeforePip=-1 displayCutoutSafeInsets=Rect(0, 0 - 0, 0) topActivityInfo=ActivityInfo{2e91be2 com.myshop.cafe.MainActivity} launchCookies=[] positionInParent=Point(0, 0) parentTaskId=-1 isFocused=true isVisible=true isVisibleRequested=true isTopActivityNoDisplay=false isSleeping=false locusId=null displayAreaFeatureId=1 isTopActivityTransparent=false isActivityStackTransparent=false lastNonFullscreenBounds=null capturedLink=null capturedLinkTimestamp=0 requestedVisibleTypes=-9 topActivityRequestOpenInBrowserEducationTimestamp=0 appCompatTaskInfo=AppCompatTaskInfo { topActivityInSizeCompat=false eligibleForLetterboxEducation= false topActivityInMiuiSizeCompat=false isLetterboxEducationEnabled= false isLetterboxDoubleTapEnabled= false eligibleForUserAspectRatioButton= false topActivityBoundsLetterboxed= false isFromLetterboxDoubleTap= false topActivityLetterboxVerticalPosition= -1 topActivityLetterboxHorizontalPosition= -1 topActivityLetterboxWidth=-1 topActivityLetterboxHeight=-1 topActivityAppBounds=Rect(0, 152 - 1280, 2720) isUserFullscreenOverrideEnabled=false isSystemFullscreenOverrideEnabled=false hasMinAspectRatioOverride=false topActivityLetterboxBounds=null cameraCompatTaskInfo=CameraCompatTaskInfo { freeformCameraCompatMode=inactive}} isImmersive=false mTopActivityRequestOrientation=-1 mStatusBarParent=null mNavBarParent=null mBehindAppLockPkg=null mOriginatingUid=0 isEmbedded=false shouldBeVisible=true isCreatedByOrganizer=false mIsCastMode=false mTopActivityMediaSize=null mTopActivityRecordName=ActivityRecord{59773706 u0 com.myshop.cafe/.MainActivity t1328} mTopActivityOrientation=-1 topActivityMainWindowFrame=null}, pipChange = null, remoteTransition = null, displayChange = null, flags = 16, debugId = 9358 } isSoScActive:false triggerTask:TaskInfo{userId=0 taskId=1328 effectiveUid=10458 displayId=0 isRunning=true baseIntent=Intent { flg=0x10000000 cmp=com.myshop.cafe/.MainActivity } baseActivity=ComponentInfo{com.myshop.cafe/com.myshop.cafe.MainActivity} topActivity=ComponentInfo{com.myshop.cafe/com.myshop.cafe.MainActivity} origActivity=null realActivity=ComponentInfo{com.myshop.cafe/com.myshop.cafe.MainActivity} numActivities=1 lastActiveTime=1436680209 supportsSplitScreenMultiWindow=true mSoScDisplayMode=-1 supportsMultiWindow=true resizeMode=1 isResizeable=true minWidth=-1 minHeight=-1 defaultMinSize=200 token=WCT{android.window.IWindowContainerToken$Stub$Proxy@15a1cad} topActivityType=1 pictureInPictureParams=null shouldDockBigOverlays=false launchIntoPipHostTaskId=-1 lastParentTaskIdBeforePip=-1 displayCutoutSafeInsets=Rect(0, 0 - 0, 0) topActivityInfo=ActivityInfo{2e91be2 com.myshop.cafe.MainActivity} launchCookies=[] positionInParent=Point(0, 0) parentTaskId=-1 isFocused=true isVisible=true isVisibleRequested=true isTopActivityNoDisplay=false isSleeping=false locusId=null displayAreaFeatureId=1 isTopActivityTransparent=false isActivityStackTransparent=false lastNonFullscreenBounds=null capturedLink=null capturedLinkTimestamp=0 requestedVisibleTypes=-9 topActivityRequestOpenInBrowserEducationTimestamp=0 appCompatTaskInfo=AppCompatTaskInfo { topActivityInSizeCompat=false eligibleForLetterboxEducation= false topActivityInMiuiSizeCompat
02-01 16:13:46.681  3229  5800 D WindowManager: Set transition=TransitionRecord{f8e2aba id=9358 type=CLOSE flags=0x10 c=[
02-01 16:13:46.681  3229  5800 D WindowManager:    ChangeInfo{6690d6b container=ActivityRecord{45924625 u0 com.android.settings/.MainSettings t1322} flags=0x0}
02-01 16:13:46.681  3229  5800 D WindowManager:    ChangeInfo{89380c8 container=ActivityRecord{59773706 u0 com.myshop.cafe/.MainActivity t1328 f}} flags=0x0}
02-01 16:13:46.681  3229  5800 D WindowManager:    ChangeInfo{abaf561 container=Task{5bbe998 #1328 type=standard A=10458:com.myshop.cafe} flags=0x0}
02-01 16:13:46.681  3229  5800 D WindowManager:    ChangeInfo{2643886 container=Display{#0 state=ON size=1280x2772 ROTATION_0} flags=0x0}
02-01 16:13:46.681  3229  5800 D WindowManager:    ChangeInfo{b891547 container=DefaultTaskDisplayArea@200565417 flags=0x0}
02-01 16:13:46.681  3229  5800 D WindowManager:    ChangeInfo{9c3e174 container=Task{e2d8077 #1322 type=standard A=1000:com.android.settings.root} flags=0x0}
02-01 16:13:46.681  3229  5800 D WindowManager: ]
02-01 16:13:46.681  3229  5800 D WindowManager: }, ready=false, SyncId=9358 info=used=true, override=false, defer=0, states=Display{#0 state=ON size=1280x2772 ROTATION_0}:false reason=com.android.server.wm.Transition.applyReady:1260 com.android.server.wm.Transition.start:886 com.android.server.wm.WindowOrganizerController.startTransition:526 com.android.server.wm.WindowOrganizerController.startTransition:401 android.window.IWindowOrganizerController$Stub.onTransact:285 com.android.server.wm.WindowOrganizerController.onTransact:267 android.os.Binder.execTransactInternal:1433 android.os.Binder.execTransact:1372 
02-01 16:13:46.681  3229  5800 D SystemPerformanceHinter: startSession#HighPerfSession-d0-Transition
02-01 16:13:46.681  3229  4429 I DisplayModeDirectorImpl: setSmartDisplayUpRefreshRatePolicy [0.0,120.0]
02-01 16:13:46.681  2045  4645 D MI-SF   : updateScene: module = 268 (Animation), value = 1, pkg = perf_interaction, Vrr = 1, mSetTpIdleFlag = 0
02-01 16:13:46.681  2045  4645 D MI-SF   : isIdleTimerSkip is 1,mSetIdleForceFlag = 0
02-01 16:13:46.681  2045  4645 D MI-SF   : updateScene mSetAnimationFlag status 1, vsync 120
02-01 16:13:46.682  3229  1333 I ATMSImpl: cacheTasksForDefaultDisplay size=5 topId=1322
02-01 16:13:46.682  5169  5443 D OneHandedController: stopOneHanded state is 0
02-01 16:13:46.682  5169  5169 D KeyguardEditorHelper: onTopActivityMayChanged, topActivity=ComponentInfo{com.android.settings/com.android.settings.MiuiSettings}; mState=IDEL
02-01 16:13:46.683  3229  5800 I ATMSImpl: cacheTasksForDefaultDisplay size=5 topId=1322
02-01 16:13:46.683  4827  4940 I DynamicDDSService: handleMessage(ACTIVITY_INVOKE{appInfo=com.android.settings isFullScreen=}true)
02-01 16:13:46.683  3229  7922 I system_server: AssetManager2(0xb4000071dfad0b18) locale list changing from [] to [en-US]
02-01 16:13:46.683  2045  2045 I BpBinder: onLastStrongRef automatically unlinking death recipients: 
02-01 16:13:46.684 26782 26840 D EventBus: No subscribers registered for event class com.miui.home.recents.messages.RecentTasksChangedEvent
02-01 16:13:46.684 26782 26840 D EventBus: No subscribers registered for event class org.greenrobot.eventbus.NoSubscriberEvent
02-01 16:13:46.684 26782 27007 I MiBridge: requestThreadLevelPro ret: 873268
02-01 16:13:46.684 26782 27007 D Launcher.Boost: setDynamicVIPTaskIfNeeded::tid = 49350 duration = 500
02-01 16:13:46.684  3229  4734 E NativeTurboSchedManagerJni: ioctl 8 failed!
02-01 16:13:46.684  2479 23680 W MiuiBooster: "MiuiBoosterService requestThreadPriority: 10140, 2, 500, 873268"
02-01 16:13:46.684  2479 23680 E MiuiBooster: "MSG_CANCEL_PRIORITY: getpriority failed, 49350, No such process"
02-01 16:13:46.684 26782 27007 E ActivityManagerWrapper: get all recent tasks force including -1 userId =0
02-01 16:13:46.685  3229  7922 I system_server: AssetManager2(0xb4000071df8dcb18) locale list changing from [] to [en-US]
02-01 16:13:46.686  2479  2503 E MiuiBooster: "requestThreadPriority fail:rel=-38,tid=49350,No such process"
02-01 16:13:46.686  3229  3385 I TransitionImpl: home mode = 3
02-01 16:13:46.686  3229  3385 I TransitionImpl: home mode = 2
02-01 16:13:46.686  3229  3385 I TransitionImpl: home mode = 2
02-01 16:13:46.686  3229  3385 I TransitionImpl: home mode = 3
02-01 16:13:46.686  3229  3385 I TransitionImpl: home mode = 2
02-01 16:13:46.686  3229  3385 I TransitionImpl: home mode = 2
02-01 16:13:46.686 13524 25178 I .quicksearchbox: AssetManager2(0xb4000071df887bb8) locale list changing from [] to [en-US]
02-01 16:13:46.687  3229  3384 I Perf[AppStartScene]: onSceneChangeNotify:Bundle[{renderThreadId=25329, pid=20319, uid=10458, name=com.myshop.cafe.MainActivity, type=1, begin=false, state=0, processName=com.myshop.cafe, packageName=com.myshop.cafe}]
02-01 16:13:46.687  3229  1333 W ParceledListSlice: Element #47 is 25812 bytes.
02-01 16:13:46.688  3229  3920 W ParceledListSlice: Element #48 is 25816 bytes.
02-01 16:13:46.688  3229  3920 W ParceledListSlice: Element #49 is 25816 bytes.
02-01 16:13:46.688  3229  3920 W ParceledListSlice: Element #50 is 25824 bytes.
02-01 16:13:46.688  3229  3384 D DisplayModeDirectorImpl: use smart display refresh rate policy false
02-01 16:13:46.688  3229  3384 I DisplayModeDirectorImpl: updateRefreshRateResultIfNeeded after:baseModeId=1 allowGroupSwitching=false primary=physical: (0.0 Infinity) render:  (0.0 120.0) appRequest=physical: (0.0 Infinity) render:  (0.0 120.0) idleScreenRefreshRateConfig=null mNormalModeSkipOveride: false
02-01 16:13:46.688  3229  3384 D IorapForwardingService: AppLaunchObserver#onActivityLaunchCancelled! pid:20319; uid:10458; name:com.myshop.cafe
02-01 16:13:46.688  8471  8721 I HeavyPackageIdentify: splitMode: false, splitPackages: null, foregroundPkg: com.myshop.cafe
02-01 16:13:46.688  3229  4734 W ParceledListSlice: Element #51 is 25828 bytes.
02-01 16:13:46.689  2397  2397 D iorapd  : LbReadahead is not running
02-01 16:13:46.689 26782 27007 E ActivityManagerWrapper: getRecentTasksForceIncludingTaskIdIfValid: getRecentTasks: size=5
02-01 16:13:46.689 26782 27007 E ActivityManagerWrapper:  mainTaskId=1322   userId=0   windowMode=1   isExcludedFromRecents=false   baseIntent=Intent { act=android.intent.action.MAIN flag=270532608 cmp=ComponentInfo{com.android.settings/com.android.settings.MainSettings} }
02-01 16:13:46.689 26782 27007 E ActivityManagerWrapper:  mainTaskId=1328   userId=0   windowMode=1   isExcludedFromRecents=false   baseIntent=Intent { act=null flag=268435456 cmp=ComponentInfo{com.myshop.cafe/com.myshop.cafe.MainActivity} }
02-01 16:13:46.689 26782 27007 E ActivityManagerWrapper:  mainTaskId=1274   userId=0   windowMode=1   isExcludedFromRecents=false   baseIntent=Intent { act=android.intent.action.MAIN flag=270532608 cmp=ComponentInfo{org.telegram.messenger/org.telegram.messenger.DefaultIcon} }
02-01 16:13:46.689 26782 27007 E ActivityManagerWrapper:  mainTaskId=1306   userId=0   windowMode=1   isExcludedFromRecents=false   baseIntent=Intent { act=android.intent.action.MAIN flag=270532608 cmp=ComponentInfo{com.android.vending/com.android.vending.AssetBrowserActivity} }
02-01 16:13:46.689 26782 27007 E ActivityManagerWrapper:  mainTaskId=1296   userId=0   windowMode=1   isExcludedFromRecents=false   baseIntent=Intent { act=android.intent.action.VIEW_DOWNLOADS flag=268992512 cmp=ComponentInfo{com.google.android.documentsui/com.android.documentsui.ViewDownloadsActivity} }
02-01 16:13:46.689  3229  7922 I system_server: AssetManager2(0xb4000071df8c7fd8) locale list changing from [] to [en-US]
02-01 16:13:46.689  3229  3513 D BroadcastQueue: Logging broadcast for android, stopped=false, firstLaunch=false
02-01 16:13:46.690  3229  3513 D BroadcastQueue: Logging broadcast for android, stopped=false, firstLaunch=false
02-01 16:13:46.690 20062 20140 V AudioManager: direct return isWiredHeadsetOn from audioservice/audiodeviceinventory, get directly to avoid waiting too long.
02-01 16:13:46.690  3229  3513 D BroadcastQueue: Logging broadcast for android, stopped=false, firstLaunch=false
02-01 16:13:46.690  3229  3513 D BroadcastQueue: Logging broadcast for android, stopped=false, firstLaunch=false
02-01 16:13:46.691  3229  3513 D BroadcastQueue: Logging broadcast for android, stopped=false, firstLaunch=false
02-01 16:13:46.691 26782 27007 D RecentsTaskLoader: reloadTasksData [TaskKey{id=1322, stackId=0, baseIntent=Intent { act=android.intent.action.MAIN cat=[android.intent.category.LAUNCHER] flg=0x10200000 cmp=com.android.settings/.MainSettings }, userId=0, lastActiveTime=1436679668, windowingMode=1, isThumbnailBlur=false, isAccessLocked=false, isScreening=false, topActivity=ComponentInfo{com.android.settings/com.android.settings.MiuiSettings}, mHashCode=40307254}, title=Settings, titleDescription=Settings, bounds=null, isLaunchTarget=false, isStackTask=true, isSystemApp=true, isDockable=true, baseActivity=ComponentInfo{com.android.settings/com.android.settings.MiuiSettings}, isLocked=false, mNeedHide=false, hasMultipleTasks=false, cti1Key=, cti2Key=] 
02-01 16:13:46.691 26782 27007 D RecentsTaskLoader: reloadTasksData [TaskKey{id=1328, stackId=0, baseIntent=Intent { flg=0x10000000 cmp=com.myshop.cafe/.MainActivity }, userId=0, lastActiveTime=1436680413, windowingMode=1, isThumbnailBlur=false, isAccessLocked=false, isScreening=false, topActivity=null, mHashCode=40486000}, title=myShop Coffee, titleDescription=myShop Coffee, bounds=null, isLaunchTarget=false, isStackTask=true, isSystemApp=false, isDockable=true, baseActivity=null, isLocked=false, mNeedHide=false, hasMultipleTasks=false, cti1Key=, cti2Key=] 
02-01 16:13:46.691  3229  3513 D BroadcastQueue: Logging broadcast for android, stopped=false, firstLaunch=false
02-01 16:13:46.691  3229  7922 I system_server: AssetManager2(0xb4000071df904bb8) locale list changing from [] to [en-US]
02-01 16:13:46.691  3229  3513 D BroadcastQueue: Logging broadcast for android, stopped=false, firstLaunch=false
02-01 16:13:46.691 26782 27007 W IconCustomizer: Density abnormal: context density=510 systemDensity=520
02-01 16:13:46.691 26782 27007 W IconCustomizer: Density abnormal: context density=510 systemDensity=520
02-01 16:13:46.691 26782 27007 D TaskSnapshotCompatVV: getIsInvalidateFromTaskSnapshot, return, mTaskSnapshot=null, mTaskSnapshotClazz=null
02-01 16:13:46.691 26782 27007 D RecentsTaskLoader: reloadTasksData [TaskKey{id=1274, stackId=0, baseIntent=Intent { act=android.intent.action.MAIN cat=[android.intent.category.LAUNCHER] flg=0x10200000 cmp=org.telegram.messenger/.DefaultIcon }, userId=0, lastActiveTime=1436222767, windowingMode=1, isThumbnailBlur=false, isAccessLocked=false, isScreening=false, topActivity=ComponentInfo{org.telegram.messenger/org.telegram.ui.LaunchActivity}, mHashCode=38877286}, title=Telegram, titleDescription=Telegram, bounds=null, isLaunchTarget=false, isStackTask=true, isSystemApp=false, isDockable=true, baseActivity=ComponentInfo{org.telegram.messenger/org.telegram.ui.LaunchActivity}, isLocked=false, mNeedHide=false, hasMultipleTasks=false, cti1Key=, cti2Key=] 
02-01 16:13:46.691 26782 27007 D RecentsTaskLoader: reloadTasksData [TaskKey{id=1306, stackId=0, baseIntent=Intent { act=android.intent.action.MAIN cat=[android.intent.category.LAUNCHER] flg=0x10200000 cmp=com.android.vending/.AssetBrowserActivity }, userId=0, lastActiveTime=1435844236, windowingMode=1, isThumbnailBlur=false, isAccessLocked=false, isScreening=false, topActivity=ComponentInfo{com.android.vending/com.google.android.finsky.activities.MainActivity}, mHashCode=39830598}, title=Play Store, titleDescription=Google Play Store Play Store, bounds=null, isLaunchTarget=false, isStackTask=true, isSystemApp=true, isDockable=true, baseActivity=ComponentInfo{com.android.vending/com.google.android.finsky.activities.MainActivity}, isLocked=false, mNeedHide=false, hasMultipleTasks=false, cti1Key=, cti2Key=] 
02-01 16:13:46.691 26782 27007 D RecentsTaskLoader: reloadTasksData [TaskKey{id=1296, stackId=0, baseIntent=Intent { act=android.intent.action.VIEW_DOWNLOADS flg=0x10088000 cmp=com.google.android.documentsui/com.android.documentsui.ViewDownloadsActivity }, userId=0, lastActiveTime=1435725474, windowingMode=1, isThumbnailBlur=false, isAccessLocked=false, isScreening=false, topActivity=ComponentInfo{com.google.android.documentsui/com.android.documentsui.files.FilesActivity}, mHashCode=39532688}, title=Files, titleDescription=Files, bounds=null, isLaunchTarget=false, isStackTask=true, isSystemApp=true, isDockable=true, baseActivity=ComponentInfo{com.google.android.documentsui/com.android.documentsui.files.FilesActivity}, isLocked=false, mNeedHide=false, hasMultipleTasks=false, cti1Key=, cti2Key=] 
02-01 16:13:46.692  3229  3513 D BroadcastQueue: Logging broadcast for android, stopped=false, firstLaunch=false
02-01 16:13:46.692  3229  3513 D BroadcastQueue: Logging broadcast for android, stopped=false, firstLaunch=false
02-01 16:13:46.692  3229  3513 D BroadcastQueue: Logging broadcast for android, stopped=false, firstLaunch=false
02-01 16:13:46.692  3229  3513 D BroadcastQueue: Logging broadcast for android, stopped=false, firstLaunch=false
02-01 16:13:46.692  3229  3513 D BroadcastQueue: Logging broadcast for android, stopped=false, firstLaunch=false
02-01 16:13:46.692  3229  3513 D BroadcastQueue: Logging broadcast for android, stopped=false, firstLaunch=false
02-01 16:13:46.692  3229  3513 D BroadcastQueue: Logging broadcast for android, stopped=false, firstLaunch=false
02-01 16:13:46.692  3229  3513 D BroadcastQueue: Logging broadcast for android, stopped=false, firstLaunch=false
02-01 16:13:46.692 32340 32619 E JavaExceptionHandler: Process: com.myshop.cafe, PID: 20319
02-01 16:13:46.692 32340 32619 E JavaExceptionHandler: java.lang.NoSuchMethodError: No virtual method at(Ljava/lang/Object;I)Landroidx/compose/animation/core/KeyframesSpec$KeyframeEntity; in class Landroidx/compose/animation/core/KeyframesSpec$KeyframesSpecConfig; or its super classes (declaration of 'androidx.compose.animation.core.KeyframesSpec$KeyframesSpecConfig' appears in /data/app/~~5FkyuMKbd5wrRttHSBGsMA==/com.myshop.cafe-9PS9PQ9tNUgzmgLNYzJzKg==/base.apk)
02-01 16:13:46.692 32340 32619 E JavaExceptionHandler: 	at androidx.compose.material3.ProgressIndicatorKt$CircularProgressIndicator$endAngle$1.invoke(ProgressIndicator.kt:371)
02-01 16:13:46.692 32340 32619 E JavaExceptionHandler: 	at androidx.compose.material3.ProgressIndicatorKt$CircularProgressIndicator$endAngle$1.invoke(ProgressIndicator.kt:369)
02-01 16:13:46.692 32340 32619 E JavaExceptionHandler: 	at androidx.compose.animation.core.AnimationSpecKt.keyframes(AnimationSpec.kt:649)
02-01 16:13:46.692 32340 32619 E JavaExceptionHandler: 	at androidx.compose.material3.ProgressIndicatorKt.CircularProgressIndicator-LxG7B9w(ProgressIndicator.kt:369)
02-01 16:13:46.692 32340 32619 E JavaExceptionHandler: 	at com.myshop.cafe.ui.screens.menu.MenuScreenKt.LoadingState(MenuScreen.kt:159)
02-01 16:13:46.692 32340 32619 E JavaExceptionHandler: 	at com.myshop.cafe.ui.screens.menu.MenuScreenKt.MenuScreen(MenuScreen.kt:65)
02-01 16:13:46.692 32340 32619 E JavaExceptionHandler: 	at com.myshop.cafe.ui.navigation.NavGraphKt$NavGraph$1$1.invoke(NavGraph.kt:32)
02-01 16:13:46.692 32340 32619 E JavaExceptionHandler: 	at com.myshop.cafe.ui.navigation.NavGraphKt$NavGraph$1$1.invoke(NavGraph.kt:31)
02-01 16:13:46.692 32340 32619 E JavaExceptionHandler: 	at androidx.compose.runtime.internal.ComposableLambdaImpl.invoke(ComposableLambda.jvm.kt:139)
02-01 16:13:46.692 32340 32619 E JavaExceptionHandler: 	at androidx.compose.runtime.internal.ComposableLambdaImpl.invoke(ComposableLambda.jvm.kt:35)
02-01 16:13:46.692 32340 32619 E JavaExceptionHandler: 	at androidx.navigation.compose.NavHostKt$NavHost$14$1.invoke(NavHost.kt:308)
02-01 16:13:46.692 32340 32619 E JavaExceptionHandler: 	at androidx.navigation.compose.NavHostKt$NavHost$14$1.invoke(NavHost.kt:306)
02-01 16:13:46.692 32340 32619 E JavaExceptionHandler: 	at androidx.compose.runtime.internal.ComposableLambdaImpl.invoke(ComposableLambda.jvm.kt:109)
02-01 16:13:46.692 32340 32619 E JavaExceptionHandler: 	at androidx.compose.runtime.internal.ComposableLambdaImpl.invoke(ComposableLambda.jvm.kt:35)
02-01 16:13:46.692 32340 32619 E JavaExceptionHandler: 	at androidx.compose.runtime.CompositionLocalKt.CompositionLocalProvider(CompositionLocal.kt:248)
02-01 16:13:46.692 32340 32619 E JavaExceptionHandler: 	at androidx.compose.runtime.saveable.SaveableStateHolderImpl.SaveableStateProvider(SaveableStateHolder.kt:84)
02-01 16:13:46.692 32340 32619 E JavaExceptionHandler: 	at androidx.navigation.compose.NavBackStackEntryProviderKt.SaveableStateProvider(NavBackStackEntryProvider.kt:65)
02-01 16:13:46.692 32340 32619 E JavaExceptionHandler: 	at androidx.navigation.compose.NavBackStackEntryProviderKt.access$SaveableStateProvider(NavBackStackEntryProvider.kt:1)
02-01 16:13:46.692 32340 32619 E JavaExceptionHandler: 	at androidx.navigation.compose.NavBackStackEntryProviderKt$LocalOwnersProvider$1.invoke(NavBackStackEntryProvider.kt:52)
02-01 16:13:46.692 32340 32619 E JavaExceptionHandler: 	at androidx.navigation.compose.NavBackStackEntryProviderKt$LocalOwnersProvider$1.invoke(NavBackStackEntryProvider.kt:51)
02-01 16:13:46.692 32340 32619 E JavaExceptionHandler: 	at androidx.compose.runtime.internal.ComposableLambdaImpl.invoke(ComposableLambda.jvm.kt:109)
02-01 16:13:46.692 32340 32619 E JavaExceptionHandler: 	at androidx.compose.runtime.internal.ComposableLambdaImpl.invoke(ComposableLambda.jvm.kt:35)
02-01 16:13:46.692 32340 32619 E JavaExceptionHandler: 	at androidx.compose.runtime.CompositionLocalKt.CompositionLocalProvider(CompositionLocal.kt:228)
02-01 16:13:46.692 32340 32619 E JavaExceptionHandler: 	at androidx.navigation.compose.NavBackStackEntryProviderKt.LocalOwnersProvider(NavBackStackEntryProvider.kt:47)
02-01 16:13:46.692 32340 32619 E JavaExceptionHandler: 	at androidx.navigation.compose.NavHostKt$NavHost$14.invoke(NavHost.kt:306)
02-01 16:13:46.692 32340 32619 E JavaExceptionHandler: 	at androidx.navigation.compose.NavHostKt$NavHost$14.invoke(NavHost.kt:295)
02-01 16:13:46.692 32340 32619 E JavaExceptionHandler: 	at androidx.compose.runtime.internal.ComposableLambdaImpl.invoke(ComposableLambda.jvm.kt:139)
02-01 16:13:46.692 32340 32619 E JavaExceptionHandler: 	at androidx.compose.runtime.internal.ComposableLambdaImpl.invoke(ComposableLambda.jvm.kt:35)
02-01 16:13:46.692 32340 32619 E JavaExceptionHandler: 	at androidx.compose.animation.AnimatedContentKt$AnimatedContent$6$1$5.invoke(AnimatedContent.kt:755)
02-01 16:13:46.692 32340 32619 E JavaExceptionHandler: 	at androidx.compose.animation.AnimatedContentKt$AnimatedContent$6$1$5.invoke(AnimatedContent.kt:744)
02-01 16:13:46.692 32340 32619 E JavaExceptionHandler: 	at androidx.compose.runtime.internal.ComposableLambdaImpl.invoke(ComposableLambda.jvm.kt:118)
02-01 16:13:46.692 32340 32619 E JavaExceptionHandler: 	at androidx.compose.runtime.internal.ComposableLambdaImpl.invoke(ComposableLambda.jvm.kt:35)
02-01 16:13:46.692 32340 32619 E JavaExceptionHandler: 	at androidx.compose.animation.AnimatedVisibilityKt.AnimatedEnterExitImpl(AnimatedVisibility.kt:818)
02-01 16:13:46.692 32340 32619 E JavaExceptionHandler: 	at androidx.compose.animation.AnimatedContentKt$AnimatedContent$6$1.invoke(AnimatedContent.kt:726)
02-01 16:13:46.692 32340 32619 E JavaExceptionHandler: 	at androidx.compose.animation.AnimatedContentKt$AnimatedContent$6$1.invoke(AnimatedContent.kt:709)
02-01 16:13:46.692 32340 32619 E JavaExceptionHandler: 	at androidx.compose.runtime.internal.ComposableLambdaImpl.invoke(ComposableLambda.jvm.kt:109)
02-01 16:13:46.692 32340 32619 E JavaExceptionHandler: 	at androidx.compose.runtime.internal.ComposableLambdaImpl.invoke(ComposableLambda.jvm.kt:35)
02-01 16:13:46.692 32340 32619 E JavaExceptionHandler: 	at androidx.compose.animation.AnimatedContentKt.AnimatedContent(AnimatedContent.kt:768)
02-01 16:13:46.692 32340 32619 E JavaExceptionHandler: 	at androidx.navigation.compose.NavHostKt.NavHost(NavHost.kt:273)
02-01 16:13:46.692 32340 32619 E JavaExceptionHandler: 	at androidx.navigation.compose.NavHostKt.NavHost(NavHost.kt:128)
02-01 16:13:46.692 32340 32619 E JavaExceptionHandler: 	at com.myshop.cafe.ui.navigation.NavGraphKt.NavGraph(NavGraph.kt:27)
02-01 16:13:46.692 32340 32619 E JavaExceptionHandler: 	at com.myshop.cafe.ComposableSingletons$MainActivityKt$lambda-1$1.invoke(MainActivity.kt:26)
02-01 16:13:46.692 32340 32619 E JavaExceptionHandler: 	at com.myshop.cafe.ComposableSingletons$MainActivityKt$lambda-1$1.invoke(MainActivity.kt:25)
02-01 16:13:46.692 32340 32619 E JavaExceptionHandler: 	at androidx.compose.runtime.internal.ComposableLambdaImpl.invoke(ComposableLambda.jvm.kt:109)
02-01 16:13:46.692 32340 32619 E JavaExceptionHandler: 	at androidx.compose.runtime.internal.ComposableLambdaImpl.invoke(ComposableLambda.jvm.kt:35)
02-01 16:13:46.692 32340 32619 E JavaExceptionHandler: 	at androidx.compose.material3.SurfaceKt$Surface$1.invoke(Surface.kt:132)
02-01 16:13:46.692 32340 32619 E JavaExceptionHandler: 	at androidx.compose.material3.SurfaceKt$Surface$1.invoke(Surface.kt:114)
02-01 16:13:46.692 32340 32619 E JavaExceptionHandler: 	at androidx.compose.runtime.internal.ComposableLambdaImpl.invoke(ComposableLambda.jvm.kt:109)
02-01 16:13:46.692 32340 32619 E JavaExceptionHandler: 	at androidx.compose.runtime.internal.ComposableLambdaImpl.invoke(ComposableLambda.jvm.kt:35)
02-01 16:13:46.692 32340 32619 E JavaExceptionHandler: 	at androidx.compose.runtime.CompositionLocalKt.CompositionLocalProvider(CompositionLocal.kt:228)
02-01 16:13:46.692 32340 32619 E JavaExceptionHandler: 	at androidx.compose.material3.SurfaceKt.Surface-T9BRK9s(Surface.kt:111)
02-01 16:13:46.692 32340 32619 E JavaExceptionHandler: 	at com.myshop.cafe.ComposableSingletons$MainActivityKt$lambda-2$1.invoke(MainActivity.kt:22)
02-01 16:13:46.692 32340 32619 E JavaExceptionHandler: 	at com.myshop.cafe.ComposableSingletons$MainActivityKt$lambda-2$1.invoke(MainActivity.kt:21)
02-01 16:13:46.692 32340 32619 E JavaExceptionHandler: 	at androidx.compose.runtime.internal.ComposableLambdaImpl.invoke(ComposableLambda.jvm.kt:109)
02-01 16:13:46.692 32340 32619 E JavaExceptionHandler: 	at androidx.compose.runtime.internal.ComposableLambdaImpl.invoke(ComposableLambda.jvm.kt:35)
02-01 16:13:46.692 32340 32619 E JavaExceptionHandler: 	at androidx.compose.runtime.CompositionLocalKt.CompositionLocalProvider(CompositionLocal.kt:228)
02-01 16:13:46.692 32340 32619 E JavaExceptionHandler: 	at androidx.compose.material3.TextKt.ProvideTextStyle(Text.kt:360)
02-01 16:13:46.692 32340 32619 E JavaExceptionHandler: 	at androidx.compose.material3.MaterialThemeKt$MaterialTheme$1.invoke(MaterialTheme.kt:81)
02-01 16:13:46.692 32340 32619 E JavaExceptionHandler: 	at androidx.compose.material3.MaterialThemeKt$MaterialTheme$1.invoke(MaterialTheme.kt:80)
02-01 16:13:46.692 32340 32619 E JavaExceptionHandler: 	at androidx.compose.runtime.internal.ComposableLambdaImpl.invoke(ComposableLambda.jvm.kt:109)
02-01 16:13:46.692 32340 32619 E JavaExceptionHandler: 	at androidx.compose.runtime.internal.ComposableLambdaImpl.invoke(ComposableLambda.jvm.kt:35)
02-01 16:13:46.692 32340 32619 E JavaExceptionHandler: 	at androidx.compose.runtime.CompositionLocalKt.CompositionLocalProvider(CompositionLocal.kt:228)
02-01 16:13:46.692 32340 32619 E JavaExceptionHandler: 	at androidx.compose.material3.MaterialThemeKt.MaterialTheme(MaterialTheme.kt:73)
02-01 16:13:46.692 32340 32619 E JavaExceptionHandler: 	at com.myshop.cafe.ui.theme.ThemeKt.MyShopCafeTheme(Theme.kt:100)
02-01 16:13:46.692 32340 32619 E JavaExceptionHandler: 	at com.myshop.cafe.ComposableSingletons$MainActivityKt$lambda-3$1.invoke(MainActivity.kt:21)
02-01 16:13:46.692 32340 32619 E JavaExceptionHandler: 	at com.myshop.cafe.ComposableSingletons$MainActivityKt$lambda-3$1.invoke(MainActivity.kt:20)
02-01 16:13:46.692 32340 32619 E JavaExceptionHandler: 	at androidx.compose.runtime.internal.ComposableLambdaImpl.invoke(ComposableLambda.jvm.kt:109)
02-01 16:13:46.692 32340 32619 E JavaExceptionHandler: 	at androidx.compose.runtime.internal.ComposableLambdaImpl.invoke(ComposableLambda.jvm.kt:35)
02-01 16:13:46.692 32340 32619 E JavaExceptionHandler: 	at androidx.compose.ui.platform.ComposeView.Content(ComposeView.android.kt:428)
02-01 16:13:46.692 32340 32619 E JavaExceptionHandler: 	at androidx.compose.ui.platform.AbstractComposeView$ensureCompositionCreated$1.invoke(ComposeView.android.kt:252)
02-01 16:13:46.692 32340 32619 E JavaExceptionHandler: 	at androidx.compose.ui.platform.AbstractComposeView$ensureCompositionCreated$1.invoke(ComposeView.android.kt:251)
02-01 16:13:46.692 32340 32619 E JavaExceptionHandler: 	at androidx.compose.runtime.internal.ComposableLambdaImpl.invoke(ComposableLambda.jvm.kt:109)
02-01 16:13:46.692 32340 32619 E JavaExceptionHandler: 	at androidx.compose.runtime.internal.ComposableLambdaImpl.invoke(ComposableLambda.jvm.kt:35)
02-01 16:13:46.692 32340 32619 E JavaExceptionHandler: 	at androidx.compose.runtime.CompositionLocalKt.CompositionLocalProvider(CompositionLocal.kt:228)
02-01 16:13:46.692 32340 32619 E JavaExceptionHandler: 	at androidx.compose.ui.platform.CompositionLocalsKt.ProvideCommonCompositionLocals(CompositionLocals.kt:186)
02-01 16:13:46.692 32340 32619 E JavaExceptionHandler: 	at androidx.compose.ui.platform.AndroidCompositionLocals_androidKt$ProvideAndroidCompositionLocals$3.invoke(AndroidCompositionLocals.android.kt:119)
02-01 16:13:46.692 32340 32619 E JavaExceptionHandler: 	at androidx.compose.ui.platform.AndroidCompositionLocals_androidKt$ProvideAndroidCompositionLocals$3.invoke(AndroidCompositionLocals.android.kt:118)
02-01 16:13:46.692 32340 32619 E JavaExceptionHandler: 	at androidx.compose.runtime.internal.ComposableLambdaImpl.invoke(ComposableLambda.jvm.kt:109)
02-01 16:13:46.692 32340 32619 E JavaExceptionHandler: 	at androidx.compose.runtime.internal.ComposableLambdaImpl.invoke(ComposableLambda.jvm.kt:35)
02-01 16:13:46.692 32340 32619 E JavaExceptionHandler: 	at androidx.compose.runtime.CompositionLocalKt.CompositionLocalProvider(CompositionLocal.kt:228)
02-01 16:13:46.692 32340 32619 E JavaExceptionHandler: 	at androidx.compose.ui.platform.AndroidCompositionLocals_androidKt.ProvideAndroidCompositionLocals(AndroidCompositionLocals.android.kt:110)
02-01 16:13:46.692 32340 32619 E JavaExceptionHandler: 	at androidx.compose.ui.platform.WrappedComposition$setContent$1$1$2.invoke(Wrapper.android.kt:139)
02-01 16:13:46.692 32340 32619 E JavaExceptionHandler: 	at androidx.compose.ui.platform.WrappedComposition$setContent$1$1$2.invoke(Wrapper.android.kt:138)
02-01 16:13:46.692 32340 32619 E JavaExceptionHandler: 	at androidx.compose.runtime.internal.ComposableLambdaImpl.invoke(ComposableLambda.jvm.kt:109)
02-01 16:13:46.692 32340 32619 E JavaExceptionHandler: 	at androidx.compose.runtime.internal.ComposableLambdaImpl.invoke(ComposableLambda.jvm.kt:35)
02-01 16:13:46.692 32340 32619 E JavaExceptionHandler: 	at androidx.compose.runtime.CompositionLocalKt.CompositionLocalProvider(CompositionLocal.kt:248)
02-01 16:13:46.692 32340 32619 E JavaExceptionHandler: 	at androidx.compose.ui.platform.WrappedComposition$setContent$1$1.invoke(Wrapper.android.kt:138)
02-01 16:13:46.692 32340 32619 E JavaExceptionHandler: 	at androidx.compose.ui.platform.WrappedComposition$setContent$1$1.invoke(Wrapper.android.kt:123)
02-01 16:13:46.692 32340 32619 E JavaExceptionHandler: 	at androidx.compose.runtime.internal.ComposableLambdaImpl.invoke(ComposableLambda.jvm.kt:109)
02-01 16:13:46.692 32340 32619 E JavaExceptionHandler: 	at androidx.compose.runtime.internal.ComposableLambdaImpl.invoke(ComposableLambda.jvm.kt:35)
02-01 16:13:46.692 32340 32619 E JavaExceptionHandler: 	at androidx.compose.runtime.ActualJvm_jvmKt.invokeComposable(ActualJvm.jvm.kt:90)
02-01 16:13:46.692 32340 32619 E JavaExceptionHandler: 	at androidx.compose.runtime.ComposerImpl.doCompose(Composer.kt:3302)
02-01 16:13:46.692 32340 32619 E JavaExceptionHandler: 	at androidx.compose.runtime.ComposerImpl.composeContent$runtime_release(Composer.kt:3235)
02-01 16:13:46.692 32340 32619 E JavaExceptionHandler: 	at androidx.compose.runtime.CompositionImpl.composeContent(Composition.kt:723)
02-01 16:13:46.692 32340 32619 E JavaExceptionHandler: 	at androidx.compose.runtime.Recomposer.composeInitial$runtime_release(Recomposer.kt:1071)
02-01 16:13:46.692 32340 32619 E JavaExceptionHandler: 	at androidx.compose.runtime.CompositionImpl.composeInitial(Composition.kt:631)
02-01 16:13:46.692 32340 32619 E JavaExceptionHandler: 	at androidx.compose.runtime.CompositionImpl.setContent(Composition.kt:617)
02-01 16:13:46.692 32340 32619 E JavaExceptionHandler: 	at androidx.compose.ui.platform.WrappedComposition$setContent$1.invoke(Wrapper.android.kt:123)
02-01 16:13:46.692 32340 32619 E JavaExceptionHandler: 	at androidx.compose.ui.platform.WrappedComposition$setContent$1.invoke(Wrapper.android.kt:114)
02-01 16:13:46.692 32340 32619 E JavaExceptionHandler: 	at androidx.compose.ui.platform.AndroidComposeView.setOnViewTreeOwnersAvailable(AndroidComposeView.android.kt:1289)
02-01 16:13:46.692 32340 32619 E JavaExceptionHandler: 	at androidx.compose.ui.platform.WrappedComposition.setContent(Wrapper.android.kt:114)
02-01 16:13:46.692 32340 32619 E JavaExceptionHandler: 	at androidx.compose.ui.platform.WrappedComposition.onStateChanged(Wrapper.android.kt:164)
02-01 16:13:46.692 32340 32619 E JavaExceptionHandler: 	at androidx.lifecycle.LifecycleRegistry$ObserverWithState.dispatchEvent(LifecycleRegistry.kt:322)
02-01 16:13:46.692 32340 32619 E JavaExceptionHandler: 	at androidx.lifecycle.LifecycleRegistry.addObserver(LifecycleRegistry.kt:199)
02-01 16:13:46.692 32340 32619 E JavaExceptionHandler: 	at androidx.compose.ui.platform.WrappedComposition$setContent$1.invoke(Wrapper.android.kt:121)
02-01 16:13:46.692 32340 32619 E JavaExceptionHandler: 	at androidx.compose.ui.platform.WrappedComposition$setContent$1.invoke(Wrapper.android.kt:114)
02-01 16:13:46.692 32340 32619 E JavaExceptionHandler: 	at androidx.compose.ui.platform.AndroidComposeView.onAttachedToWindow(AndroidComposeView.android.kt:1364)
02-01 16:13:46.692 32340 32619 E JavaExceptionHandler: 	at android.view.View.dispatchAttachedToWindow(View.java:23744)
02-01 16:13:46.692 32340 32619 E JavaExceptionHandler: 	at android.view.ViewGroup.dispatchAttachedToWindow(ViewGroup.java:3545)
02-01 16:13:46.692 32340 32619 E JavaExceptionHandler: 	at android.view.ViewGroup.dispatchAttachedToWindow(ViewGroup.java:3552)
02-01 16:13:46.692 32340 32619 E JavaExceptionHandler: 	at android.view.ViewGroup.dispatchAttachedToWindow(ViewGroup.java:3552)
