02-01 16:16:35.550 26782 26782 D SystemWallpaperElement: animTo   zoomOut=1.14 useWallpaperAnim=true
02-01 16:16:35.550 26782 26782 D RecentBlurViewElement: animTo: params = RecentBlurParams(blurRadius=0.0, dimming=1.0, dampingRatio=0.95, response=0.3) blurView = null
02-01 16:16:35.551 26782 26782 D HomeLayerElement: animTo, enable = false params=HomeLayerParams(startAlpha=1.0, startScale=1.0, endAlpha=0.0, endScale=0.95)
02-01 16:16:35.551 26782 26782 D HomeLayerElement: java.lang.Exception
02-01 16:16:35.551 26782 26782 D HomeLayerElement: 	at com.miui.home.recents.anim.HomeLayerElement.animTo(HomeLayerElement.kt:174)
02-01 16:16:35.551 26782 26782 D HomeLayerElement: 	at com.miui.home.recents.anim.StateManager.handleAllElementParams(StateManager.kt:241)
02-01 16:16:35.551 26782 26782 D HomeLayerElement: 	at com.miui.home.recents.anim.StateManager.onAnimParamsReady(StateManager.kt:169)
02-01 16:16:35.551 26782 26782 D HomeLayerElement: 	at com.miui.home.recents.anim.WindowElement.startRemoteAnimation(WindowElement.kt:566)
02-01 16:16:35.551 26782 26782 D HomeLayerElement: 	at com.miui.home.recents.anim.WindowElement.openingWindowTransitionStart$lambda$37(WindowElement.kt:1725)
02-01 16:16:35.551 26782 26782 D HomeLayerElement: 	at com.miui.home.recents.anim.WindowElement.$r8$lambda$of48bMmvrQhR3dAZhTc_TvzmyNY(WindowElement.kt:0)
02-01 16:16:35.551 26782 26782 D HomeLayerElement: 	at com.miui.home.recents.anim.WindowElement$$ExternalSyntheticLambda16.run(R8$$SyntheticClass:0)
02-01 16:16:35.551 26782 26782 D HomeLayerElement: 	at com.miui.launcher.utils.LooperExecutor.execute(LooperExecutor.java:43)
02-01 16:16:35.551 26782 26782 D HomeLayerElement: 	at com.miui.home.recents.anim.WindowElement.openingWindowTransitionStart(WindowElement.kt:1721)
02-01 16:16:35.551 26782 26782 D HomeLayerElement: 	at com.miui.home.recents.anim.WindowElement$init$1.processOnOpeningWindowTransitionStart$lambda$1(WindowElement.kt:1708)
02-01 16:16:35.551 26782 26782 D HomeLayerElement: 	at com.miui.home.recents.anim.WindowElement$init$1.$r8$lambda$levpa8Vc1fq96QXYS7DunF1kz30(WindowElement.kt:0)
02-01 16:16:35.551 26782 26782 D HomeLayerElement: 	at com.miui.home.recents.anim.WindowElement$init$1$$ExternalSyntheticLambda1.run(R8$$SyntheticClass:0)
02-01 16:16:35.551 26782 26782 D HomeLayerElement: 	at android.os.Handler.handleCallback(Handler.java:995)
02-01 16:16:35.551 26782 26782 D HomeLayerElement: 	at android.os.Handler.dispatchMessage(Handler.java:103)
02-01 16:16:35.551 26782 26782 D HomeLayerElement: 	at android.os.Looper.loopOnce(Looper.java:265)
02-01 16:16:35.551 26782 26782 D HomeLayerElement: 	at android.os.Looper.loop(Looper.java:358)
02-01 16:16:35.551 26782 26782 D HomeLayerElement: 	at android.app.ActivityThread.main(ActivityThread.java:10049)
02-01 16:16:35.551 26782 26782 D HomeLayerElement: 	at java.lang.reflect.Method.invoke(Native Method)
02-01 16:16:35.551 26782 26782 D HomeLayerElement: 	at com.android.internal.os.RuntimeInit$MethodAndArgsCaller.run(RuntimeInit.java:616)
02-01 16:16:35.551 26782 26782 D HomeLayerElement: 	at com.android.internal.os.ZygoteInit.main(ZygoteInit.java:1115)
02-01 16:16:35.551 26782 26782 I AnimStateManager: go to state com.miui.home.recents.anim.StateManager$AppState@aac1444
02-01 16:16:35.551 26782 26782 E Launcher.application: setClickAppWaitForCallback = false
02-01 16:16:35.551  3229  3385 I DisplayPolicyStubImpl: com.android.server.wm.WindowState hide ime, enable touchboost
02-01 16:16:35.551  1817  2005 I SDM     : HWDeviceDRM::SetDisplaySwitchMode: Mode 0 already set
02-01 16:16:35.551 26782 27007 D TaskSnapshotCompatVV: getIsInvalidateFromTaskSnapshot, return, mTaskSnapshot=null, mTaskSnapshotClazz=null
02-01 16:16:35.551 26782 27007 D RecentsTaskLoader: reloadTasksData [TaskKey{id=1274, stackId=0, baseIntent=Intent { act=android.intent.action.MAIN cat=[android.intent.category.LAUNCHER] flg=0x10200000 cmp=org.telegram.messenger/.DefaultIcon }, userId=0, lastActiveTime=1436844941, windowingMode=1, isThumbnailBlur=false, isAccessLocked=false, isScreening=false, topActivity=ComponentInfo{org.telegram.messenger/org.telegram.ui.LaunchActivity}, mHashCode=38877286}, title=Telegram, titleDescription=Telegram, bounds=null, isLaunchTarget=false, isStackTask=true, isSystemApp=false, isDockable=true, baseActivity=ComponentInfo{org.telegram.messenger/org.telegram.ui.LaunchActivity}, isLocked=false, mNeedHide=false, hasMultipleTasks=false, cti1Key=, cti2Key=] 
02-01 16:16:35.551 26782 27007 D RecentsTaskLoader: reloadTasksData [TaskKey{id=1322, stackId=0, baseIntent=Intent { act=android.intent.action.MAIN cat=[android.intent.category.LAUNCHER] flg=0x10200000 cmp=com.android.settings/.MainSettings }, userId=0, lastActiveTime=1436828593, windowingMode=1, isThumbnailBlur=false, isAccessLocked=false, isScreening=false, topActivity=ComponentInfo{com.android.settings/com.android.settings.MiuiSettings}, mHashCode=40307254}, title=Settings, titleDescription=Settings, bounds=null, isLaunchTarget=false, isStackTask=true, isSystemApp=true, isDockable=true, baseActivity=ComponentInfo{com.android.settings/com.android.settings.MiuiSettings}, isLocked=false, mNeedHide=false, hasMultipleTasks=false, cti1Key=, cti2Key=] 
02-01 16:16:35.551  1817  2158 I SDM     : QServiceBackend::notifyCallback: calling qservice command 5
02-01 16:16:35.551 26782 27007 D RecentsTaskLoader: reloadTasksData [TaskKey{id=1306, stackId=0, baseIntent=Intent { act=android.intent.action.MAIN cat=[android.intent.category.LAUNCHER] flg=0x10200000 cmp=com.android.vending/.AssetBrowserActivity }, userId=0, lastActiveTime=1435844236, windowingMode=1, isThumbnailBlur=false, isAccessLocked=false, isScreening=false, topActivity=ComponentInfo{com.android.vending/com.google.android.finsky.activities.MainActivity}, mHashCode=39830598}, title=Play Store, titleDescription=Google Play Store Play Store, bounds=null, isLaunchTarget=false, isStackTask=true, isSystemApp=true, isDockable=true, baseActivity=ComponentInfo{com.android.vending/com.google.android.finsky.activities.MainActivity}, isLocked=false, mNeedHide=false, hasMultipleTasks=false, cti1Key=, cti2Key=] 
02-01 16:16:35.551  1817  2158 I SDM     : SDMServices::notifyCallback: sdmclient qservice command 5
02-01 16:16:35.551 26782 27007 D RecentsTaskLoader: reloadTasksData [TaskKey{id=1296, stackId=0, baseIntent=Intent { act=android.intent.action.VIEW_DOWNLOADS flg=0x10088000 cmp=com.google.android.documentsui/com.android.documentsui.ViewDownloadsActivity }, userId=0, lastActiveTime=1435725474, windowingMode=1, isThumbnailBlur=false, isAccessLocked=false, isScreening=false, topActivity=ComponentInfo{com.google.android.documentsui/com.android.documentsui.files.FilesActivity}, mHashCode=39532688}, title=Files, titleDescription=Files, bounds=null, isLaunchTarget=false, isStackTask=true, isSystemApp=true, isDockable=true, baseActivity=ComponentInfo{com.google.android.documentsui/com.android.documentsui.files.FilesActivity}, isLocked=false, mNeedHide=false, hasMultipleTasks=false, cti1Key=, cti2Key=] 
02-01 16:16:35.552  3229  1494 D MiuiWallpaperAnimationManager: startScaleAnimation  from: 1.0 to: 1.14 by window: Window{d27e15a u0 com.miui.home/com.miui.home.launcher.Launcher}
02-01 16:16:35.552  3229  1494 D MiuiWallpaperSurfaceAnimation: setAnimationState curState: INITIALIZED
02-01 16:16:35.552  3229  3386 D MiuiWallpaperSurfaceAnimation: setAnimationState curState: STARTED
02-01 16:16:35.552  3229  4283 D ExternalInterface: setUidState, uid = 10101 allow = false
02-01 16:16:35.552  1873  2006 D FPSMonitor: threadFuncFpsMonitor display 0, fps 120
02-01 16:16:35.553 26451 26466 E ndroid.settings: Invalid resource ID 0x00000000.
02-01 16:16:35.553 26451 26466 I ndroid.settings: MiResources: find entry failed for resource 00000000
02-01 16:16:35.553 26451 26466 I asset   : MiResources: Not found for resource 00000000
02-01 16:16:35.553 26451 26466 I MiResource: invalid cookie from nativeGetResourceValue, cookie = -1, origValue = TypedValue{t=0x3/d=0x3bd7 "Data usage" a=17 r=0x7f150ded}, value =TypedValue{t=0x3/d=0x3bd7 "Data usage" a=17 r=0x7f150ded}
02-01 16:16:35.553 26451 26466 I MiResource: got NFE for resource ID #0x0(0) , isResourceCached = true
02-01 16:16:35.553 32710  3037 V OsAgent : broadcastSystemEvent - 7
02-01 16:16:35.553 32369  5963 D ForegroundUtils: Foreground UID status:
02-01 16:16:35.553 26451 26466 E ndroid.settings: Invalid resource ID 0x00000000.
02-01 16:16:35.553 32369  5963 D ForegroundUtils: UID: 1002 is in foreground: true
02-01 16:16:35.554  3229  4157 I MiuiNetworkPolicy: updateUidState uid = 10458, uidState = 19
02-01 16:16:35.555 26451 26466 I ndroid.settings: MiResources: find entry failed for resource 00000000
02-01 16:16:35.555 26451 26466 I asset   : MiResources: Not found for resource 00000000
02-01 16:16:35.555 26451 26466 I MiResource: invalid cookie from nativeGetResourceValue, cookie = -1, origValue = TypedValue{t=0x3/d=0x3bd7 "Data usage" a=17 r=0x7f150ded}, value =TypedValue{t=0x3/d=0x3bd7 "Data usage" a=17 r=0x7f150ded}
02-01 16:16:35.555 26451 26466 I MiResource: got NFE for resource ID #0x0(0) , isResourceCached = true
02-01 16:16:35.556  5169  5642 D VRI[cafe]: vri.reportDrawFinished 0 0 Rect(0, 0 - 1280, 2772)
02-01 16:16:35.556  3229  4346 V WindowManager: Finishing drawing window Window{f128f8d u0 Splash Screen com.myshop.cafe}: mDrawState=DRAW_PENDING
02-01 16:16:35.556  3229  4346 D WindowManager: Finishing drawing starting window: Window{f128f8d u0 Splash Screen com.myshop.cafe} mDrawState: DRAW_PENDING
02-01 16:16:35.556  3229  4346 V WindowManager: Draw state now committed in Window{f128f8d u0 Splash Screen com.myshop.cafe}
02-01 16:16:35.556  3229  4283 D ExternalInterface: setUidState, uid = 10276 allow = false
02-01 16:16:35.557  3229  3385 D BarFollowAnimation: pairAppearanceRegionAndWin win=Window{f128f8d u0 Splash Screen com.myshop.cafe} 0
02-01 16:16:35.557  3229  3385 D BarFollowAnimation: isAppTaskBarOnTop win:Window{f128f8d u0 Splash Screen com.myshop.cafe} (mCurrentTopTask:Task{a33419d #1332 type=standard A=10458:com.myshop.cafe} : true); (mAssociatedTask:Task{a33419d #1332 type=standard A=10458:com.myshop.cafe} : true); (mHomeTask:Task{8549e9a #882 type=home} : true); mReparentToOriginParent:false mLastAppBarVisible:true mLastHomeBarVisible:false
02-01 16:16:35.557  3229  3385 D MiuiRefreshRatePolicy: reset
02-01 16:16:35.557  3229  4157 I MiuiNetworkPolicy: updateUidState uid = 10233, uidState = 10
02-01 16:16:35.557 26451 26466 E ndroid.settings: Invalid resource ID 0x00000000.
02-01 16:16:35.557 26451 26466 I ndroid.settings: MiResources: find entry failed for resource 00000000
02-01 16:16:35.557 26451 26466 I asset   : MiResources: Not found for resource 00000000
02-01 16:16:35.557 26451 26466 I MiResource: invalid cookie from nativeGetResourceValue, cookie = -1, origValue = TypedValue{t=0x3/d=0x3bd7 "Data usage" a=17 r=0x7f150ded}, value =TypedValue{t=0x3/d=0x3bd7 "Data usage" a=17 r=0x7f150ded}
02-01 16:16:35.557 26451 26466 I MiResource: got NFE for resource ID #0x0(0) , isResourceCached = true
02-01 16:16:35.557  3229  4346 D BroadcastQueue: Logging broadcast for com.qualcomm.qti.workloadclassifier, stopped=false, firstLaunch=false
02-01 16:16:35.557 26451 26466 E ndroid.settings: Invalid resource ID 0x00000000.
02-01 16:16:35.557 26451 26466 I ndroid.settings: MiResources: find entry failed for resource 00000000
02-01 16:16:35.557 26451 26466 I asset   : MiResources: Not found for resource 00000000
02-01 16:16:35.557 26451 26466 I MiResource: invalid cookie from nativeGetResourceValue, cookie = -1, origValue = TypedValue{t=0x3/d=0x3bd7 "Data usage" a=17 r=0x7f150ded}, value =TypedValue{t=0x3/d=0x3bd7 "Data usage" a=17 r=0x7f150ded}
02-01 16:16:35.557 26451 26466 I MiResource: got NFE for resource ID #0x0(0) , isResourceCached = true
02-01 16:16:35.558  3229  1494 I ShortcutService: Detected launcher: com.miui.home user: 0 from callingPackage: com.google.android.gms u1000/3229
02-01 16:16:35.558 32369  5963 D ForegroundUtils: UID: 10137 is in foreground: false
02-01 16:16:35.559  3229  4157 I MiuiNetworkPolicy: updateUidState uid = 10233, uidState = 10
02-01 16:16:35.559 30694 25154 I Icing   : Usage reports ok 0, Failed Usage reports 0, indexed 0, rejected 0
02-01 16:16:35.560 32369  5963 D ForegroundUtils: UID: 10140 is in foreground: true
02-01 16:16:35.560 32369  5963 D ForegroundUtils: UID: 10207 is in foreground: false
02-01 16:16:35.560 32369  5963 D ForegroundUtils: UID: 10217 is in foreground: true
02-01 16:16:35.560 32369  5963 D ForegroundUtils: UID: 10225 is in foreground: true
02-01 16:16:35.560 32369  5963 D ForegroundUtils: UID: 10257 is in foreground: false
02-01 16:16:35.560 32369  5963 D ForegroundUtils: UID: 10314 is in foreground: false
02-01 16:16:35.560 32369  5963 D ForegroundUtils: UID: 10326 is in foreground: false
02-01 16:16:35.560 32369  5963 D ForegroundUtils: UID: 10436 is in foreground: false
02-01 16:16:35.561  3229  4283 D ExternalInterface: setUidState, uid = 10314 allow = false
02-01 16:16:35.562 26782 26782 D Launcher.Lifecycle: onWindowFocusChanged:false,UserHandle{0},285734d,true
02-01 16:16:35.562 26782 26782 D EditorStubImpl: Type = 2, RectF = RectF(254.0, 1652.0, 394.0, 1792.0), mInsertionHandleData = [HandleData{mIsShow=false, mPosition=RectF(254.0, 1652.0, 394.0, 1792.0)}]
02-01 16:16:35.562  7202 28558 E VA_MapUtil: isInstalled NameNotFound com.autonavi.minimap
02-01 16:16:35.562  3229  4283 D ExternalInterface: setUidState, uid = 10248 allow = false
02-01 16:16:35.563  7202 28558 E VA_MapUtil: isInstalled NameNotFound com.baidu.BaiduMap
02-01 16:16:35.563  5169  5566 I MiuiDecorationSamplingHelper: CompositionSamplingListener.unregister mAttached=false, mSamplingEnabled=false, mSamplingRect=Rect(416, 2739 - 864, 2752), mView=MiuiBottomBarView#91641259
02-01 16:16:35.563  7202 28558 E VA_MapUtil: isInstalled NameNotFound com.tencent.map
02-01 16:16:35.563  5169  5566 I MiuiDecorationSamplingHelper: CompositionSamplingListener.unregister mAttached=false, mSamplingEnabled=true, mSamplingRect=Rect(416, 2739 - 864, 2752), mView=MiuiBottomBarView#91641259
02-01 16:16:35.563  7202 28558 E VA_PackageUtils: getVersionName: error not installed pkgName = com.xiaomi.drivemode
02-01 16:16:35.563  7202 28558 W VA_PackageUtilsV2: getVersionCode: error
02-01 16:16:35.563  5169  5765 D HWUI    : [HWUI] Flag vulkan_enhance_pipeline_cache enabled
02-01 16:16:35.563  5169  5765 D HWUI    : [HWUI] EnhanceVkPipelineCache is enabled
02-01 16:16:35.563  5169  5765 D HWUI    : [HWUI] Flag ddre enabled
02-01 16:16:35.564  3229  4346 I ATMSImpl: cacheTasksForDefaultDisplay size=6 topId=1332
02-01 16:16:35.564  3229  4283 D ExternalInterface: setUidState, uid = 10199 allow = false
02-01 16:16:35.564  3229  5798 D ActivityManager: Logging startService for com.qualcomm.qti.workloadclassifier, stopped=false, firstLaunch=false, intent=Intent { act=com.qualcomm.qti.workloadclassifier.APP_LAUNCH flg=0x30 xflg=0x4 pkg=com.qualcomm.qti.workloadclassifier cmp=com.qualcomm.qti.workloadclassifier/.WLCService (has extras) }, r.app=ProcessRecord{9403db7 29459:com.qualcomm.qti.workloadclassifier/u0a233}
02-01 16:16:35.564  7202 28558 D VA_speech_recognize_DynamicContext: ScreenRecognitionActivity excluded
02-01 16:16:35.565  7202 28558 D VA_speech_recognize_DynamicContext: displayId:0
02-01 16:16:35.565  3229  4283 D ExternalInterface: setUidState, uid = 10263 allow = false
02-01 16:16:35.565  7202 28558 E VA_MapUtil: isInstalled NameNotFound com.sankuai.meituan
02-01 16:16:35.565 26451 26466 E ndroid.settings: Invalid resource ID 0x00000000.
02-01 16:16:35.565 26451 26466 I ndroid.settings: MiResources: find entry failed for resource 00000000
02-01 16:16:35.565 26451 26466 I asset   : MiResources: Not found for resource 00000000
02-01 16:16:35.565 26451 26466 I MiResource: invalid cookie from nativeGetResourceValue, cookie = -1, origValue = TypedValue{t=0x3/d=0x3bd7 "Data usage" a=17 r=0x7f150ded}, value =TypedValue{t=0x3/d=0x3bd7 "Data usage" a=17 r=0x7f150ded}
02-01 16:16:35.565 26451 26466 I MiResource: got NFE for resource ID #0x0(0) , isResourceCached = true
02-01 16:16:35.566 26451 26466 E ndroid.settings: Invalid resource ID 0x00000000.
02-01 16:16:35.566 26451 26466 I ndroid.settings: MiResources: find entry failed for resource 00000000
02-01 16:16:35.566 26451 26466 I asset   : MiResources: Not found for resource 00000000
02-01 16:16:35.566 26451 26466 I MiResource: invalid cookie from nativeGetResourceValue, cookie = -1, origValue = TypedValue{t=0x3/d=0x3bd7 "Data usage" a=17 r=0x7f150ded}, value =TypedValue{t=0x3/d=0x3bd7 "Data usage" a=17 r=0x7f150ded}
02-01 16:16:35.566 26451 26466 I MiResource: got NFE for resource ID #0x0(0) , isResourceCached = true
02-01 16:16:35.566  7202 28558 E VA_MapUtil: isInstalled NameNotFound com.sankuai.meituan.takeoutnew
02-01 16:16:35.566  7202 28558 E VA_MapUtil: isInstalled NameNotFound me.ele
02-01 16:16:35.566  3229  4283 D ExternalInterface: setUidState, uid = 10159 allow = false
02-01 16:16:35.567 26451 26466 E ndroid.settings: Invalid resource ID 0x00000000.
02-01 16:16:35.567 26451 26466 I ndroid.settings: MiResources: find entry failed for resource 00000000
02-01 16:16:35.567 26451 26466 I asset   : MiResources: Not found for resource 00000000
02-01 16:16:35.567 26451 26466 I MiResource: invalid cookie from nativeGetResourceValue, cookie = -1, origValue = TypedValue{t=0x3/d=0x3bd7 "Data usage" a=17 r=0x7f150ded}, value =TypedValue{t=0x3/d=0x3bd7 "Data usage" a=17 r=0x7f150ded}
02-01 16:16:35.567 26451 26466 I MiResource: got NFE for resource ID #0x0(0) , isResourceCached = true
02-01 16:16:35.567  3229  4196 D NetworkMetricsTracker: handleMessage:4
02-01 16:16:35.567 26451 26466 E ndroid.settings: Invalid resource ID 0x00000000.
02-01 16:16:35.567 26451 26466 I ndroid.settings: MiResources: find entry failed for resource 00000000
02-01 16:16:35.567 26451 26466 I asset   : MiResources: Not found for resource 00000000
02-01 16:16:35.567 26451 26466 I MiResource: invalid cookie from nativeGetResourceValue, cookie = -1, origValue = TypedValue{t=0x3/d=0x3bd7 "Data usage" a=17 r=0x7f150ded}, value =TypedValue{t=0x3/d=0x3bd7 "Data usage" a=17 r=0x7f150ded}
02-01 16:16:35.567 26451 26466 I MiResource: got NFE for resource ID #0x0(0) , isResourceCached = true
02-01 16:16:35.567  7202 28558 I VA_ThirdAppStateHelper: getPrivacyApps USE CACHE 
02-01 16:16:35.567 30694 25154 I Icing   : Indexing com.google.android.gms-apps from com.google.android.gms
02-01 16:16:35.567  7202 28558 I VA_speech_recognize_DynamicContext: [forbidden_apps]  size=0, pkgs=[]
02-01 16:16:35.568 26451 26466 E ndroid.settings: Invalid resource ID 0x00000000.
02-01 16:16:35.568 26451 26466 I ndroid.settings: MiResources: find entry failed for resource 00000000
02-01 16:16:35.568 26451 26466 I asset   : MiResources: Not found for resource 00000000
02-01 16:16:35.568 26451 26466 I MiResource: invalid cookie from nativeGetResourceValue, cookie = -1, origValue = TypedValue{t=0x3/d=0x3bd7 "Data usage" a=17 r=0x7f150ded}, value =TypedValue{t=0x3/d=0x3bd7 "Data usage" a=17 r=0x7f150ded}
02-01 16:16:35.568 26451 26466 I MiResource: got NFE for resource ID #0x0(0) , isResourceCached = true
02-01 16:16:35.568 26451 26466 E ndroid.settings: Invalid resource ID 0x00000000.
02-01 16:16:35.568 26451 26466 I ndroid.settings: MiResources: find entry failed for resource 00000000
02-01 16:16:35.568 26451 26466 I asset   : MiResources: Not found for resource 00000000
02-01 16:16:35.568 26451 26466 I MiResource: invalid cookie from nativeGetResourceValue, cookie = -1, origValue = TypedValue{t=0x3/d=0x3bd7 "Data usage" a=17 r=0x7f150ded}, value =TypedValue{t=0x3/d=0x3bd7 "Data usage" a=17 r=0x7f150ded}
02-01 16:16:35.568 26451 26466 I MiResource: got NFE for resource ID #0x0(0) , isResourceCached = true
02-01 16:16:35.569  3229  3384 I DisplayDeviceRepository: Display device changed render timings: "Built-in Screen", renderFrameRate=120.00001, presentationDeadlineNanos=11333333, appVsyncOffsetNanos=1000000, frameRateOverrides=[]
02-01 16:16:35.569 26451 26466 E ndroid.settings: Invalid resource ID 0x00000000.
02-01 16:16:35.569 26451 26466 I ndroid.settings: MiResources: find entry failed for resource 00000000
02-01 16:16:35.569 26451 26466 I asset   : MiResources: Not found for resource 00000000
02-01 16:16:35.569 26451 26466 I MiResource: invalid cookie from nativeGetResourceValue, cookie = -1, origValue = TypedValue{t=0x3/d=0x3bd7 "Data usage" a=17 r=0x7f150ded}, value =TypedValue{t=0x3/d=0x3bd7 "Data usage" a=17 r=0x7f150ded}
02-01 16:16:35.569 26451 26466 I MiResource: got NFE for resource ID #0x0(0) , isResourceCached = true
02-01 16:16:35.569 29459 29545 W SQLiteLog: (28) double-quoted string literal: "com.myshop.cafe"
02-01 16:16:35.569 26451 26466 E ndroid.settings: Invalid resource ID 0x00000000.
02-01 16:16:35.569 26451 26466 I ndroid.settings: MiResources: find entry failed for resource 00000000
02-01 16:16:35.569 26451 26466 I asset   : MiResources: Not found for resource 00000000
02-01 16:16:35.569 26451 26466 I MiResource: invalid cookie from nativeGetResourceValue, cookie = -1, origValue = TypedValue{t=0x3/d=0x3bd7 "Data usage" a=17 r=0x7f150ded}, value =TypedValue{t=0x3/d=0x3bd7 "Data usage" a=17 r=0x7f150ded}
02-01 16:16:35.569 26451 26466 I MiResource: got NFE for resource ID #0x0(0) , isResourceCached = true
02-01 16:16:35.569  2045  2045 D MI-SF   : isSupportLowBrightnessFpsSwitch current_setting_fps: 120
02-01 16:16:35.569  2045  2045 D MI-SF   : isTpIdleScene ,mAverageFrameRate is 0, 0 
02-01 16:16:35.569  2045  2045 D MI-SF   : modeGroup0 mIsSupportAutomodeForMaxFpsSetting is 0(0), getCurrentBrightness() = 1619(1080), mIsKeepAutoMode 0 isAutoModeAllowed() 1
02-01 16:16:35.569  2045  2045 D RefreshRateSelector: fixedMode_group: 0, isFindModeGroup 0
02-01 16:16:35.569  2045  2045 D RefreshRateSelector: find max refresh rate:120, mode Group:0
02-01 16:16:35.570  3229  3381 D WindowManager: DeferredDisplayUpdater: partially applying DisplayInfo(1280 x 2772) immediately
02-01 16:16:35.570  3229  3381 W DisplayContentStubImpl:  displayMetricsChanged=false physicalDisplayChanged=false displayId=0 newUniqueId=local:4630947258895476883 currentUnique=local:4630947258895476883
02-01 16:16:35.570  3229  3381 D DisplayContentStubImpl: Display{#0 state=ON size=1280x2772 ROTATION_0} isActivityEmbeddingSplitEnable false
02-01 16:16:35.570  3229  3381 D BarFollowAnimation: pairAppearanceRegionAndWin win=Window{f128f8d u0 Splash Screen com.myshop.cafe} 0
02-01 16:16:35.570  3229  3381 D BarFollowAnimation: isAppTaskBarOnTop win:Window{f128f8d u0 Splash Screen com.myshop.cafe} (mCurrentTopTask:Task{a33419d #1332 type=standard A=10458:com.myshop.cafe} : true); (mAssociatedTask:Task{a33419d #1332 type=standard A=10458:com.myshop.cafe} : true); (mHomeTask:Task{8549e9a #882 type=home} : true); mReparentToOriginParent:false mLastAppBarVisible:true mLastHomeBarVisible:false
02-01 16:16:35.570  3229  3381 D MiuiRefreshRatePolicy: reset
02-01 16:16:35.571  1817  2158 I SDM     : QServiceBackend::notifyCallback: calling qservice command 5
02-01 16:16:35.571  1817  2158 I SDM     : SDMServices::notifyCallback: sdmclient qservice command 5
02-01 16:16:35.572  1696  4327 D AudioFlingerImpl: setGameParameters keyvalue: screen_state=on
02-01 16:16:35.572  1696  4327 D DeviceHalAidl: [default] setParameters: parameters: "screen_state=on"
02-01 16:16:35.572  1756  4289 D PAL: API: pal_set_param: 1544: Enter: param id 8 (PAL_PARAM_ID_SCREEN_STATE)
02-01 16:16:35.572  1756  4289 D PAL: ResourceManager: setParameter: 11847: Enter param id: 8 (PAL_PARAM_ID_SCREEN_STATE)
02-01 16:16:35.572  1756  4289 I PAL: ResourceManager: setParameter: 11874: Screen State:1
02-01 16:16:35.572  1756  4289 D PAL: ResourceManager: setParameter: 13555: Exit status: 0
02-01 16:16:35.572  1756  4289 D PAL: API: pal_set_param: 1561: Exit, status 0
02-01 16:16:35.572  1696  4327 D DeviceHalAidl: [usb] setParameters: parameters: "screen_state=on"
02-01 16:16:35.573  1756  4289 D AHAL_Module: updateScreenState: usb: 1
02-01 16:16:35.573  1696  4327 D DeviceHalAidl: [r_submix] setParameters: parameters: "screen_state=on"
02-01 16:16:35.573  1756  4289 D AHAL_Module: updateScreenState: r_submix: 1
02-01 16:16:35.573  1696  4327 D DeviceHalAidl: [bluetooth] setParameters: parameters: "screen_state=on"
02-01 16:16:35.573  1756  4289 D AHAL_Module: updateScreenState: bluetooth: 1
02-01 16:16:35.573  3229  4283 D ExternalInterface: setUidState, uid = 10131 allow = false
02-01 16:16:35.573 26782 26782 W Launcher: onDisplayChanged: newRotation=0, mCurrentRotation=0
02-01 16:16:35.574  5169  5566 I MiuiDecorationSamplingHelper: CompositionSamplingListener.register mSamplingRect=Rect(416, 2739 - 864, 2752), stopLayer=null, mView=MiuiBottomBarView#91641259
02-01 16:16:35.574 26782 26903 W GestureStubView_Left: onDisplayChanged
02-01 16:16:35.574 26782 26903 W GestureStubView_Left: adaptRotation   currentRotation=0   mRotation=0
02-01 16:16:35.574 26782 26903 W GestureStubView_Right: onDisplayChanged
02-01 16:16:35.574 26782 26903 W GestureStubView_Right: adaptRotation   currentRotation=0   mRotation=0
02-01 16:16:35.574  5169  6346 D MiuiGxzwAnimView: onDisplayChanged: oldState = 2, newState = 2
02-01 16:16:35.574  3229  3229 D NetworkMetricsTracker: onDisplayChanged mIsScreenOn=true
02-01 16:16:35.574  3229  4193 D NetworkMetricsTracker: onUpdateDeviceState mIsScreenOn=true,mIsMobileDataOn=false,mIsCallStateIdle=true,mIsFeatureEnable=true,mIsStaticStatus=false,mIsCallStateLingering=false,mIsSelfStudyEnabled=false
02-01 16:16:35.574  5169  5169 V AutoDensityController: on display changed 0 context dpi:510 origin dpi:520 target dpi:510
02-01 16:16:35.574  5169  5169 D ControlCenterWindowViewController: on display changed 0
02-01 16:16:35.574  5169  5169 V AODAutoDensityController: on display changed 0 context dpi:510 origin dpi:520 target dpi:510
02-01 16:16:35.575  1696  4327 D AudioFlingerImpl: setGameParameters keyvalue: musicCanStopFlag=false
02-01 16:16:35.575  1696  4327 D DeviceHalAidl: [default] setParameters: parameters: "musicCanStopFlag=false"
02-01 16:16:35.575  1756  4289 I AHAL_ModulePrimary_MI: setVendorParameters: parameter count 1, async: 0
02-01 16:16:35.575  1756  4289 D AHAL_ModulePrimary_MI: setVendorParameters parameters id = musicCanStopFlag val false
02-01 16:16:35.575  1756  4289 D AHAL_ModulePrimary_QTI: setVendorParameters: parameter count 1, async: 0
02-01 16:16:35.575  1756  4289 D AHAL_HFP_QTI: hfp_set_parameters enter
02-01 16:16:35.575  1756  4289 D AHAL_HFP_QTI: hfp_set_parameters Exit
02-01 16:16:35.575  1696  4327 D DeviceHalAidl: [usb] setParameters: parameters: "musicCanStopFlag=false"
02-01 16:16:35.575  1696  4327 E ConversionHelperAidl: Function: parseAndSetVendorParameters Line: 94 Failed 
02-01 16:16:35.575  1696  4327 D DeviceHalAidl: [r_submix] setParameters: parameters: "musicCanStopFlag=false"
02-01 16:16:35.575  1756  4289 D AHAL_ModuleRemoteSubmix: setVendorParameters: parameter count 1, async: 0
02-01 16:16:35.575  1756  4289 D AHAL_ModuleRemoteSubmix: setVendorParameters parameters id = musicCanStopFlag val false
02-01 16:16:35.576  1696  4327 E ConversionHelperAidl: Function: parseAndSetVendorParameters Line: 94 Failed 
02-01 16:16:35.576  1696  4327 D DeviceHalAidl: [bluetooth] setParameters: parameters: "musicCanStopFlag=false"
02-01 16:16:35.576  1696  4327 E ConversionHelperAidl: Function: parseAndSetVendorParameters Line: 94 Failed 
02-01 16:16:35.576  5091  6090 D HighSpeedTrainModeController: msg.what = 7
02-01 16:16:35.577  3229  3385 I WindowManager: wms.showSurfaceRobustly mWin:Window{f128f8d u0 Splash Screen com.myshop.cafe} in Surface(name=Splash Screen com.myshop.cafe#249223)/@0xc673a9a
02-01 16:16:35.577  5169  5169 D DynamicIslandTopActivityController: fullscreen: com.myshop.cafe
02-01 16:16:35.577  5169  5169 D DynamicIslandController: onTopActivityChanged: ComponentInfo{com.myshop.cafe/com.myshop.cafe.MainActivity}
02-01 16:16:35.577  5169  5169 D DynamicIslandWindowViewController: handleDynamicIsland: action_top_activity_changed
02-01 16:16:35.578  5169  5169 D DynamicIslandWindowViewController: onTopActivityChange: topActivity ComponentInfo{com.myshop.cafe/com.myshop.cafe.MainActivity}, inSmallWindow false, isSupportPip false, isFocus false fullScreenPkg com.myshop.cafe
02-01 16:16:35.578  5169  5169 D DynamicIslandWindowViewController: openAppFromIsland: null, null, null false
02-01 16:16:35.578  5169  5169 D DynamicIslandSafeguardsController: cancelDelayEnterApp com.myshop.cafe miui.systemui.plugin
02-01 16:16:35.578  5169  5169 D DynamicIslandSafeguardsController: cancelDelayEnterMiniWindow com.myshop.cafe com.myshop.cafe null
02-01 16:16:35.578  5169  5169 D DynamicIslandSafeguardsController: cancelDelayExitApp com.myshop.cafe com.miui.home
02-01 16:16:35.578  5169  5169 D DynamicIslandSafeguardsController: cancelDelayExitMiniWindow com.myshop.cafe null
02-01 16:16:35.578  5169  5169 D DynamicIslandWindowViewController: lastTopActivityIsSmallWindow false
02-01 16:16:35.578  5169  5169 D DynamicIslandSafeguardsController: delayExitApp com.myshop.cafe
02-01 16:16:35.578  5169  5169 D DynamicIslandSafeguardsController: cancelDelayExitApp com.myshop.cafe com.myshop.cafe
02-01 16:16:35.578  3229  4283 D GreezeManager: iso uid:10131 p:{14599} :true
02-01 16:16:35.579  5091  6137 D ServiceStateMonitor: handleMessage=2
02-01 16:16:35.580  5091  6072 D TelephonySensorManager: msg.what = 5
02-01 16:16:35.580 26451 29609 D TileFetcher: Authority is missing or empty.
02-01 16:16:35.580  5091  6055 D NetworkSpeedTracker: onDisplayChanged mIsScreenOn=true
02-01 16:16:35.580  5091  6055 D NetworkSpeedTracker: onUpdateDeviceState eventType=4,mIsScreenOn=true,mIsMobileDataOn=false
02-01 16:16:35.580  5091  6055 D NetworkSpeedTracker: stopDataPoll
02-01 16:16:35.580  5091  6044 D FiveGPowerController: onDisplayChanged to STATE ON
02-01 16:16:35.580  5091  6044 D FiveGPowerController: onDisplayChanged isLastScreenOn is still on,ignore current displayChanged!!!
02-01 16:16:35.581  5091  6090 D HighSpeedTrainModeController: msg.what = 6
02-01 16:16:35.582  5091  6072 D TelephonySensorManager: already registered:33171034
02-01 16:16:35.582  5091  6072 D TelephonySensorManager: already registered:33171122
02-01 16:16:35.582  5091  6072 D TelephonySensorManager: insterenSim: true, airplaneMode: false, screenOn: true, enabled: true, cloudDisabled: false
02-01 16:16:35.582  5091  6072 D TelephonySensorManager: already registered:33171094
02-01 16:16:35.583 26451 29611 D TileFetcher: Authority is missing or empty.
02-01 16:16:35.583 30694 25154 I Icing   : Indexing done com.google.android.gms-apps
02-01 16:16:35.584  5091  5091 D QtiLinkBandwidthEstimator-0: handleMessage: 1
02-01 16:16:35.584  5091  5091 D QtiLinkBandwidthEstimator-1: handleMessage: 1
02-01 16:16:35.584  5169  5566 D VRI[Miui Bottom Caption of Task=882]: getMiuiFreeformStackInfo mTmpFrames.miuiFreeFormStackInfo: null
02-01 16:16:35.585  1845  1845 I vendor.qti.hardware.servicetrackeraidl-service: destroyService is called for service : com.google.android.gms/.icing.service.IndexWorkerService
02-01 16:16:35.585 26451 29611 I ndroid.settings: AssetManager2(0xb4000071df889198) locale list changing from [] to [en-US]
02-01 16:16:35.586 26451 29608 D TileFetcher: Authority is missing or empty.
02-01 16:16:35.586  5169  5566 I MiuiDecorationSamplingHelper: CompositionSamplingListener.register mSamplingRect=Rect(416, 2739 - 864, 2752), stopLayer=Surface(name=Miui Bottom Caption of Task=1332#249230)/@0xebec408, mView=MiuiBottomBarView#91641259
02-01 16:16:35.586  2045  2340 I BpBinder: onLastStrongRef automatically unlinking death recipients: 
02-01 16:16:35.587  1817  2158 I SDM     : QServiceBackend::notifyCallback: calling qservice command 5
02-01 16:16:35.588  1817  2158 I SDM     : SDMServices::notifyCallback: sdmclient qservice command 5
02-01 16:16:35.588 26451 29613 D TileFetcher: Authority is missing or empty.
02-01 16:16:35.589  4718  5634 D JavaheapMonitor: Java heap used=13M max=256M, proc: com.miui.powerkeeper
02-01 16:16:35.589  4718  5634 V JavaheapMonitor: Check java heap usage finished! Next check delay: 300000
02-01 16:16:35.590 26451 29614 D TileFetcher: Authority is missing or empty.
02-01 16:16:35.590 26451 29615 D TileFetcher: Authority is missing or empty.
02-01 16:16:35.592 26451 29609 D TileFetcher: key : ai_voice_translate
02-01 16:16:35.592 26451 29608 D TileFetcher: key : ai_voice_translate
02-01 16:16:35.594  2045  2045 D MI-SF   : isSupportLowBrightnessFpsSwitch current_setting_fps: 120
02-01 16:16:35.594  2045  2045 D MI-SF   : isTpIdleScene ,mAverageFrameRate is 0, 0 
02-01 16:16:35.594  2045  2045 D MI-SF   : modeGroup0 mIsSupportAutomodeForMaxFpsSetting is 0(0), getCurrentBrightness() = 1619(1080), mIsKeepAutoMode 0 isAutoModeAllowed() 1
02-01 16:16:35.594  2045  2045 D RefreshRateSelector: fixedMode_group: 0, isFindModeGroup 0
02-01 16:16:35.594  2045  2045 D RefreshRateSelector: find max refresh rate:120, mode Group:0
02-01 16:16:35.597  1817  2271 I MiClstc : StageLayers No adding layer_name[FramebufferSurface], layer_id 1
02-01 16:16:35.597  1817  2271 I MiClstc : RetrieveConfig Unknown layer 1, skip
02-01 16:16:35.598  1817  2158 I SDM     : QServiceBackend::notifyCallback: calling qservice command 5
02-01 16:16:35.598  1817  2158 I SDM     : SDMServices::notifyCallback: sdmclient qservice command 5
02-01 16:16:35.599  2045  2045 I MI-SF   : surfaceflinger setAffinity mode=1
02-01 16:16:35.599  2045  2045 E MI-SF   : surfaceflinger setAffinity success
02-01 16:16:35.599  2045  2045 I MI-SF   : surfaceflinger setreAffinity reTid=2351
02-01 16:16:35.599  2045  2045 E MI-SF   : surfaceflinger setAffinity success
02-01 16:16:35.600 26451 29609 D SettingsFeatures: isFoldDevice: false
02-01 16:16:35.600 26451 29609 D SettingsFeatures: isFlipDevice: false
02-01 16:16:35.600 26451 29609 D TileFetcher: getSummaryKey: com.android.settings.ai.enhanced.summary
02-01 16:16:35.600 26451 29609 D TileFetcher: metaData contain key: true
02-01 16:16:35.600 26451 29608 D SettingsFeatures: isFoldDevice: false
02-01 16:16:35.600 26451 29608 D SettingsFeatures: isFlipDevice: false
02-01 16:16:35.600 26451 29608 D TileFetcher: getSummaryKey: com.android.settings.ai.enhanced.summary
02-01 16:16:35.600 26451 29608 D TileFetcher: metaData contain key: true
02-01 16:16:35.601 26451 29615 D TileFetcher: key : ai_voice_translate
02-01 16:16:35.601 26451 29611 D TileFetcher: key : ai_voice_translate
02-01 16:16:35.601 26451 29615 D SettingsFeatures: isFoldDevice: false
02-01 16:16:35.601 26451 29614 D TileFetcher: key : ai_voice_translate
02-01 16:16:35.601 26451 29613 D TileFetcher: key : ai_voice_translate
02-01 16:16:35.602 26451 29613 D SettingsFeatures: isFoldDevice: false
02-01 16:16:35.602 26451 29613 D SettingsFeatures: isFlipDevice: false
02-01 16:16:35.602 26451 29613 D TileFetcher: getSummaryKey: com.android.settings.ai.enhanced.summary
02-01 16:16:35.602 26451 29613 D TileFetcher: metaData contain key: true
02-01 16:16:35.602 26451 29613 D TileFetcher: Tile already exists: ai_voice_translate
02-01 16:16:35.602 26451 29611 D SettingsFeatures: isFoldDevice: false
02-01 16:16:35.602 26451 29611 D SettingsFeatures: isFlipDevice: false
02-01 16:16:35.602 26451 29611 D TileFetcher: getSummaryKey: com.android.settings.ai.enhanced.summary
02-01 16:16:35.602 26451 29611 D TileFetcher: metaData contain key: true
02-01 16:16:35.602 26451 29611 D TileFetcher: Tile already exists: ai_voice_translate
02-01 16:16:35.602 26451 29609 D TileFetcher: Tile already exists: ai_voice_translate
02-01 16:16:35.602 26451 29614 D SettingsFeatures: isFoldDevice: false
02-01 16:16:35.602 26451 29614 D SettingsFeatures: isFlipDevice: false
02-01 16:16:35.602 26451 29614 D TileFetcher: getSummaryKey: com.android.settings.ai.enhanced.summary
02-01 16:16:35.602 26451 29614 D TileFetcher: metaData contain key: true
02-01 16:16:35.602  2045  2045 D MI-SF   : isSupportLowBrightnessFpsSwitch current_setting_fps: 120
02-01 16:16:35.602  2045  2045 D MI-SF   : isTpIdleScene ,mAverageFrameRate is 0, 0 
02-01 16:16:35.602  2045  2045 D MI-SF   : modeGroup0 mIsSupportAutomodeForMaxFpsSetting is 0(0), getCurrentBrightness() = 1619(1080), mIsKeepAutoMode 0 isAutoModeAllowed() 1
02-01 16:16:35.602 26451 29614 D TileFetcher: Tile already exists: ai_voice_translate
02-01 16:16:35.602  2045  2045 D RefreshRateSelector: fixedMode_group: 0, isFindModeGroup 0
02-01 16:16:35.602  2045  2045 D RefreshRateSelector: find max refresh rate:120, mode Group:0
02-01 16:16:35.603 26451 29615 D SettingsFeatures: isFlipDevice: false
02-01 16:16:35.603 26451 29615 D TileFetcher: getSummaryKey: com.android.settings.ai.enhanced.summary
02-01 16:16:35.603 26451 29615 D TileFetcher: metaData contain key: true
02-01 16:16:35.603 26451 29615 D TileFetcher: Tile already exists: ai_voice_translate
02-01 16:16:35.603  3229  5882 I SmartPower: com.xiaomi.aicr:cognitionService/10128(1046): idle->background(19290ms) R(content provider start ContentProviderRecord{4a947b6 u0 com.xiaomi.aicr/.provider.OpenCapabilityProvider}) adj=200.
02-01 16:16:35.604  1817  2158 I SDM     : QServiceBackend::notifyCallback: calling qservice command 5
02-01 16:16:35.604  1817  2158 I SDM     : SDMServices::notifyCallback: sdmclient qservice command 5
02-01 16:16:35.604  1817  2247 I vendor.qti.hardware.display.composer-service: Sensor: notify citsensorservice to trigger cwb, misForced = 0
02-01 16:16:35.605  1817  2271 I SDM     : CWB config passed by cwb_client : tappoint 1  CWB_ROI : (686.000000 -1.000000 837.000000 240.000000) for display-0
02-01 16:16:35.606  1046  4753 I AiCrEngine_OpenCapabilityProvider: call capCode=9000, isSupportCapability=true, method=method_llm_support, arg=com.miui.notification
02-01 16:16:35.606  1046  4753 I AiCrEngine_OpenCapabilityProvider: isLLMCapabiltySupport, taskType: 9001
02-01 16:16:35.606  1046  4753 I AiCrEngine_LLMManager: isLLMSupport: 9001
02-01 16:16:35.606  1046  4753 I AiCrEngine_LLMManager: getLLMCloudConfig: 9001
02-01 16:16:35.606  1046  4753 I AiCrEngine_LLMManager: task 9001 is not support
02-01 16:16:35.608 26451 29608 D TileFetcher: Authority is missing or empty.
02-01 16:16:35.608  1046  4753 I AiCrEngine_OpenCapabilityProvider: call capCode=9000, isSupportCapability=true, method=method_llm_support, arg=com.miui.notification
02-01 16:16:35.608  1046  4753 I AiCrEngine_OpenCapabilityProvider: isLLMCapabiltySupport, taskType: 9001
02-01 16:16:35.608  1046  4753 I AiCrEngine_LLMManager: isLLMSupport: 9001
02-01 16:16:35.608  1046  4753 I AiCrEngine_LLMManager: getLLMCloudConfig: 9001
02-01 16:16:35.608  1046  4753 I AiCrEngine_LLMManager: task 9001 is not support
02-01 16:16:35.609  1046  4753 I AiCrEngine_OpenCapabilityProvider: call capCode=9000, isSupportCapability=true, method=method_llm_support, arg=com.miui.notification
02-01 16:16:35.609  1046  4753 I AiCrEngine_OpenCapabilityProvider: isLLMCapabiltySupport, taskType: 9001
02-01 16:16:35.609  1046  4753 I AiCrEngine_LLMManager: isLLMSupport: 9001
02-01 16:16:35.609  1046  4753 I AiCrEngine_LLMManager: getLLMCloudConfig: 9001
02-01 16:16:35.609  1046  4753 I AiCrEngine_LLMManager: task 9001 is not support
02-01 16:16:35.609 26451 29609 D TileFetcher: Authority is missing or empty.
02-01 16:16:35.611  2045  2045 D MI-SF   : isSupportLowBrightnessFpsSwitch current_setting_fps: 120
02-01 16:16:35.611  2045  2045 D MI-SF   : isTpIdleScene ,mAverageFrameRate is 0, 0 
02-01 16:16:35.611  2045  2045 D MI-SF   : modeGroup0 mIsSupportAutomodeForMaxFpsSetting is 0(0), getCurrentBrightness() = 1619(1080), mIsKeepAutoMode 0 isAutoModeAllowed() 1
02-01 16:16:35.611  2045  2045 D RefreshRateSelector: fixedMode_group: 0, isFindModeGroup 0
02-01 16:16:35.611  2045  2045 D RefreshRateSelector: find max refresh rate:120, mode Group:0
02-01 16:16:35.612 26451 29609 I ndroid.settings: AssetManager2(0xb4000071df88ec38) locale list changing from [] to [en-US]
02-01 16:16:35.613 26451 29614 D TileFetcher: Authority is missing or empty.
02-01 16:16:35.615  1046  4753 I AiCrEngine_OpenCapabilityProvider: call capCode=9000, isSupportCapability=true, method=method_llm_support, arg=com.miui.notification
02-01 16:16:35.615  1046  4753 I AiCrEngine_OpenCapabilityProvider: isLLMCapabiltySupport, taskType: 9001
02-01 16:16:35.615  1046  4753 I AiCrEngine_LLMManager: isLLMSupport: 9001
02-01 16:16:35.615  1046  4753 I AiCrEngine_LLMManager: getLLMCloudConfig: 9001
02-01 16:16:35.615  1046  4753 I AiCrEngine_LLMManager: task 9001 is not support
02-01 16:16:35.614  1817  2158 I SDM     : QServiceBackend::notifyCallback: calling qservice command 5
02-01 16:16:35.616  1817  2158 I SDM     : SDMServices::notifyCallback: sdmclient qservice command 5
02-01 16:16:35.616 26451 29613 D TileFetcher: Authority is missing or empty.
02-01 16:16:35.616 26451 29613 D TileFetcher: key : ai_anti_fraud
02-01 16:16:35.617 26451 29613 D SettingsFeatures: isFoldDevice: false
02-01 16:16:35.617 26451 29613 D SettingsFeatures: isFlipDevice: false
02-01 16:16:35.617 26451 29613 D TileFetcher: getSummaryKey: com.android.settings.ai.enhanced.summary
02-01 16:16:35.617 26451 29613 D TileFetcher: metaData contain key: true
02-01 16:16:35.617   392   424 I SCTaskStackListener: onTaskStackChanged! inSplit = false
02-01 16:16:35.617 26451 29613 D TileFetcher: Authority is missing or empty.
02-01 16:16:35.617  4718  5301 I MultiScreenObserver: onTaskStackChanged, splitScreenMode: false isSmallScreen: false
02-01 16:16:35.617 26782 15447 D EventBus: No subscribers registered for event class com.miui.home.recents.messages.RecentTasksChangedEvent
02-01 16:16:35.617 26782 15447 D EventBus: No subscribers registered for event class org.greenrobot.eventbus.NoSubscriberEvent
02-01 16:16:35.617 26782 27007 E ActivityManagerWrapper: get all recent tasks force including -1 userId =0
02-01 16:16:35.617  3229  4734 I ATMSImpl: cacheTasksForDefaultDisplay size=6 topId=1332
02-01 16:16:35.618  1046  4753 I AiCrEngine_OpenCapabilityProvider: call capCode=9000, isSupportCapability=true, method=method_llm_support, arg=com.miui.notification
02-01 16:16:35.618  1046  4753 I AiCrEngine_OpenCapabilityProvider: isLLMCapabiltySupport, taskType: 9001
02-01 16:16:35.618  1046  4753 I AiCrEngine_LLMManager: isLLMSupport: 9001
02-01 16:16:35.618  1046  4753 I AiCrEngine_LLMManager: getLLMCloudConfig: 9001
02-01 16:16:35.618  1046  4753 I AiCrEngine_LLMManager: task 9001 is not support
02-01 16:16:35.618 26451 29608 D TileFetcher: key : ai_anti_fraud
02-01 16:16:35.618 26451 29608 D SettingsFeatures: isFoldDevice: false
02-01 16:16:35.618 26451 29608 D SettingsFeatures: isFlipDevice: false
02-01 16:16:35.618 26451 29608 D TileFetcher: getSummaryKey: com.android.settings.ai.enhanced.summary
02-01 16:16:35.618 26451 29608 D TileFetcher: metaData contain key: true
02-01 16:16:35.618 26451 29614 D TileFetcher: key : ai_anti_fraud
02-01 16:16:35.618 26782 26782 D RecentsImpl: mTaskStackChangeListener, onTaskStackChanged
02-01 16:16:35.618   392   424 I SCTaskStackListener: onTaskStackChanged! inSplit = false
02-01 16:16:35.619  3229  1494 I ATMSImpl: cacheTasksForDefaultDisplay size=6 topId=1332
02-01 16:16:35.619 26451 29611 D TileFetcher: Authority is missing or empty.
02-01 16:16:35.619  2045  2045 D MI-SF   : isSupportLowBrightnessFpsSwitch current_setting_fps: 120
02-01 16:16:35.619  2045  2045 D MI-SF   : isTpIdleScene ,mAverageFrameRate is 0, 0 
02-01 16:16:35.619  2045  2045 D MI-SF   : modeGroup0 mIsSupportAutomodeForMaxFpsSetting is 0(0), getCurrentBrightness() = 1619(1080), mIsKeepAutoMode 0 isAutoModeAllowed() 1
02-01 16:16:35.619  2045  2045 D RefreshRateSelector: fixedMode_group: 0, isFindModeGroup 0
02-01 16:16:35.619  2045  2045 D RefreshRateSelector: find max refresh rate:120, mode Group:0
02-01 16:16:35.620  3229  5882 I ATMSImpl: cacheTasksForDefaultDisplay size=6 topId=1332
02-01 16:16:35.620  1046  4753 I AiCrEngine_OpenCapabilityProvider: call capCode=9000, isSupportCapability=true, method=method_llm_support, arg=com.miui.notification
02-01 16:16:35.620  1046  4753 I AiCrEngine_OpenCapabilityProvider: isLLMCapabiltySupport, taskType: 9001
02-01 16:16:35.620  1046  4753 I AiCrEngine_LLMManager: isLLMSupport: 9001
02-01 16:16:35.620  1046  4753 I AiCrEngine_LLMManager: getLLMCloudConfig: 9001
02-01 16:16:35.620  1046  4753 I AiCrEngine_LLMManager: task 9001 is not support
02-01 16:16:35.621  1817  2005 I SDM     : HWDeviceDRM::SetupConcurrentWriteback: Tear down the Concurrent Writeback topology
02-01 16:16:35.621 26451 29614 D SettingsFeatures: isFoldDevice: false
02-01 16:16:35.621 26451 29614 D SettingsFeatures: isFlipDevice: false
02-01 16:16:35.621 26451 29614 D TileFetcher: getSummaryKey: com.android.settings.ai.enhanced.summary
02-01 16:16:35.621 26451 29614 D TileFetcher: metaData contain key: true
02-01 16:16:35.621 26451 29614 D TileFetcher: Tile already exists: ai_anti_fraud
02-01 16:16:35.621 26451 29614 D TileFetcher: Authority is missing or empty.
02-01 16:16:35.621 26451 29609 D TileFetcher: key : ai_anti_fraud
02-01 16:16:35.621 26451 29609 D SettingsFeatures: isFoldDevice: false
02-01 16:16:35.621 26451 29609 D SettingsFeatures: isFlipDevice: false
02-01 16:16:35.621 26451 29609 D TileFetcher: getSummaryKey: com.android.settings.ai.enhanced.summary
02-01 16:16:35.621 26451 29609 D TileFetcher: metaData contain key: true
02-01 16:16:35.621 26451 29609 D TileFetcher: Tile already exists: ai_anti_fraud
02-01 16:16:35.621 26451 29609 D TileFetcher: Authority is missing or empty.
02-01 16:16:35.622  1817  2158 I SDM     : QServiceBackend::notifyCallback: calling qservice command 5
02-01 16:16:35.622  1817  2158 I SDM     : SDMServices::notifyCallback: sdmclient qservice command 5
02-01 16:16:35.622 26451 29615 D TileFetcher: Authority is missing or empty.
02-01 16:16:35.622 26451 29615 D TileFetcher: key : ai_anti_fraud
02-01 16:16:35.622 26451 29615 D SettingsFeatures: isFoldDevice: false
02-01 16:16:35.622 26451 29615 D SettingsFeatures: isFlipDevice: false
02-01 16:16:35.622 26451 29615 D TileFetcher: getSummaryKey: com.android.settings.ai.enhanced.summary
02-01 16:16:35.622 26451 29615 D TileFetcher: metaData contain key: true
02-01 16:16:35.622 26451 29615 D TileFetcher: Tile already exists: ai_anti_fraud
02-01 16:16:35.622 26451 29615 D TileFetcher: Authority is missing or empty.
02-01 16:16:35.622 26451 29611 D TileFetcher: key : ai_anti_fraud
02-01 16:16:35.622 26451 29611 D SettingsFeatures: isFoldDevice: false
02-01 16:16:35.622 26451 29611 D SettingsFeatures: isFlipDevice: false
02-01 16:16:35.622 26451 29611 D TileFetcher: getSummaryKey: com.android.settings.ai.enhanced.summary
02-01 16:16:35.622 26451 29611 D TileFetcher: metaData contain key: true
02-01 16:16:35.623 26451 29611 D TileFetcher: Tile already exists: ai_anti_fraud
02-01 16:16:35.623 26451 29611 D TileFetcher: Authority is missing or empty.
02-01 16:16:35.623 26451 29608 D TileFetcher: Tile already exists: ai_anti_fraud
02-01 16:16:35.623 26451 29608 D TileFetcher: Authority is missing or empty.
02-01 16:16:35.624 26782 27007 E ActivityManagerWrapper: getRecentTasksForceIncludingTaskIdIfValid: getRecentTasks: size=5
02-01 16:16:35.624 26782 27007 E ActivityManagerWrapper:  mainTaskId=1332   userId=0   windowMode=1   isExcludedFromRecents=false   baseIntent=Intent { act=null flag=268435456 cmp=ComponentInfo{com.myshop.cafe/com.myshop.cafe.MainActivity} }
02-01 16:16:35.624 26782 27007 E ActivityManagerWrapper:  mainTaskId=1274   userId=0   windowMode=1   isExcludedFromRecents=false   baseIntent=Intent { act=android.intent.action.MAIN flag=270532608 cmp=ComponentInfo{org.telegram.messenger/org.telegram.messenger.DefaultIcon} }
02-01 16:16:35.624 26782 27007 E ActivityManagerWrapper:  mainTaskId=1322   userId=0   windowMode=1   isExcludedFromRecents=false   baseIntent=Intent { act=android.intent.action.MAIN flag=270532608 cmp=ComponentInfo{com.android.settings/com.android.settings.MainSettings} }
02-01 16:16:35.624 26782 27007 E ActivityManagerWrapper:  mainTaskId=1306   userId=0   windowMode=1   isExcludedFromRecents=false   baseIntent=Intent { act=android.intent.action.MAIN flag=270532608 cmp=ComponentInfo{com.android.vending/com.android.vending.AssetBrowserActivity} }
02-01 16:16:35.624 26782 27007 E ActivityManagerWrapper:  mainTaskId=1296   userId=0   windowMode=1   isExcludedFromRecents=false   baseIntent=Intent { act=android.intent.action.VIEW_DOWNLOADS flag=268992512 cmp=ComponentInfo{com.google.android.documentsui/com.android.documentsui.ViewDownloadsActivity} }
02-01 16:16:35.625 26782 27007 D RecentsTaskLoader: reloadTasksData [TaskKey{id=1332, stackId=0, baseIntent=Intent { flg=0x10000000 cmp=com.myshop.cafe/.MainActivity }, userId=0, lastActiveTime=1436849246, windowingMode=1, isThumbnailBlur=false, isAccessLocked=false, isScreening=false, topActivity=ComponentInfo{com.myshop.cafe/com.myshop.cafe.MainActivity}, mHashCode=40605164}, title=myShop Coffee, titleDescription=myShop Coffee, bounds=null, isLaunchTarget=false, isStackTask=true, isSystemApp=false, isDockable=true, baseActivity=ComponentInfo{com.myshop.cafe/com.myshop.cafe.MainActivity}, isLocked=false, mNeedHide=false, hasMultipleTasks=false, cti1Key=, cti2Key=] 
02-01 16:16:35.625 26782 27007 D TaskSnapshotCompatVV: getIsInvalidateFromTaskSnapshot, return, mTaskSnapshot=null, mTaskSnapshotClazz=null
