02-01 16:16:35.494 26451 26466 I MiResource: invalid cookie from nativeGetResourceValue, cookie = -1, origValue = TypedValue{t=0x3/d=0x3bd7 "Data usage" a=17 r=0x7f150ded}, value =TypedValue{t=0x3/d=0x3bd7 "Data usage" a=17 r=0x7f150ded}
02-01 16:16:35.494 26451 26466 I MiResource: got NFE for resource ID #0x0(0) , isResourceCached = true
02-01 16:16:35.494 26451 26466 E ndroid.settings: Invalid resource ID 0x00000000.
02-01 16:16:35.494 26451 26466 I ndroid.settings: MiResources: find entry failed for resource 00000000
02-01 16:16:35.494 26451 26466 I asset   : MiResources: Not found for resource 00000000
02-01 16:16:35.494 26451 26466 I MiResource: invalid cookie from nativeGetResourceValue, cookie = -1, origValue = TypedValue{t=0x3/d=0x3bd7 "Data usage" a=17 r=0x7f150ded}, value =TypedValue{t=0x3/d=0x3bd7 "Data usage" a=17 r=0x7f150ded}
02-01 16:16:35.494 26451 26466 I MiResource: got NFE for resource ID #0x0(0) , isResourceCached = true
02-01 16:16:35.494 26915 26931 W System  : A resource failed to call close. 
02-01 16:16:35.495 26451 26466 E ndroid.settings: Invalid resource ID 0x00000000.
02-01 16:16:35.495 26451 26466 I ndroid.settings: MiResources: find entry failed for resource 00000000
02-01 16:16:35.495 26451 26466 I asset   : MiResources: Not found for resource 00000000
02-01 16:16:35.495 26451 26466 I MiResource: invalid cookie from nativeGetResourceValue, cookie = -1, origValue = TypedValue{t=0x3/d=0x3bd7 "Data usage" a=17 r=0x7f150ded}, value =TypedValue{t=0x3/d=0x3bd7 "Data usage" a=17 r=0x7f150ded}
02-01 16:16:35.495 26451 26466 I MiResource: got NFE for resource ID #0x0(0) , isResourceCached = true
02-01 16:16:35.495 26451 26466 E ndroid.settings: Invalid resource ID 0x00000000.
02-01 16:16:35.495 26451 26466 I ndroid.settings: MiResources: find entry failed for resource 00000000
02-01 16:16:35.495 26451 26466 I asset   : MiResources: Not found for resource 00000000
02-01 16:16:35.495 26451 26466 I MiResource: invalid cookie from nativeGetResourceValue, cookie = -1, origValue = TypedValue{t=0x3/d=0x3bd7 "Data usage" a=17 r=0x7f150ded}, value =TypedValue{t=0x3/d=0x3bd7 "Data usage" a=17 r=0x7f150ded}
02-01 16:16:35.495 26451 26466 I MiResource: got NFE for resource ID #0x0(0) , isResourceCached = true
02-01 16:16:35.495  7202 28558 W VA_PackageUtilsV2: getVersionCode: error
02-01 16:16:35.495  7202 28558 E VA_PackageUtils: getVersionName: error not installed pkgName = cn.kuwo.player
02-01 16:16:35.495  7202 28558 W VA_PackageUtilsV2: getVersionCode: error
02-01 16:16:35.495  7202 28558 E VA_PackageUtils: getVersionName: error not installed pkgName = com.netease.cloudmusic
02-01 16:16:35.495  7202 28558 W VA_PackageUtilsV2: getVersionCode: error
02-01 16:16:35.495  7202 28558 E VA_PackageUtils: getVersionName: error not installed pkgName = com.kugou.android
02-01 16:16:35.496 26451 26466 E ndroid.settings: Invalid resource ID 0x00000000.
02-01 16:16:35.496 26451 26466 I ndroid.settings: MiResources: find entry failed for resource 00000000
02-01 16:16:35.496 26451 26466 I asset   : MiResources: Not found for resource 00000000
02-01 16:16:35.496 26451 26466 I MiResource: invalid cookie from nativeGetResourceValue, cookie = -1, origValue = TypedValue{t=0x3/d=0x3bd7 "Data usage" a=17 r=0x7f150ded}, value =TypedValue{t=0x3/d=0x3bd7 "Data usage" a=17 r=0x7f150ded}
02-01 16:16:35.496 26451 26466 I MiResource: got NFE for resource ID #0x0(0) , isResourceCached = true
02-01 16:16:35.496 26451 26466 E ndroid.settings: Invalid resource ID 0x00000000.
02-01 16:16:35.496 26451 26466 I ndroid.settings: MiResources: find entry failed for resource 00000000
02-01 16:16:35.496 26451 26466 I asset   : MiResources: Not found for resource 00000000
02-01 16:16:35.496 26451 26466 I MiResource: invalid cookie from nativeGetResourceValue, cookie = -1, origValue = TypedValue{t=0x3/d=0x3bd7 "Data usage" a=17 r=0x7f150ded}, value =TypedValue{t=0x3/d=0x3bd7 "Data usage" a=17 r=0x7f150ded}
02-01 16:16:35.496 26451 26466 I MiResource: got NFE for resource ID #0x0(0) , isResourceCached = true
02-01 16:16:35.496  7202 28955 W VA_PackageUtilsV2: getVersionCode: error
02-01 16:16:35.496  7202 28955 E VA_PackageUtils: getVersionName: error not installed pkgName = cn.kuwo.player
02-01 16:16:35.496  7202 28558 D HWUI    : ImageDecoder_nDecodeBitmap: width = 118, height = 118, encodedFormat = 6
02-01 16:16:35.496  7202 28955 W VA_PackageUtilsV2: getVersionCode: error
02-01 16:16:35.497  7202 28955 E VA_PackageUtils: getVersionName: error not installed pkgName = com.netease.cloudmusic
02-01 16:16:35.497  7202 29451 I VA_GlobalContext: appVersionCode = 1712206501   last version = 1712206501
02-01 16:16:35.497  7202 28955 W VA_PackageUtilsV2: getVersionCode: error
02-01 16:16:35.497  7202 28955 E VA_PackageUtils: getVersionName: error not installed pkgName = com.kugou.android
02-01 16:16:35.497 30694 25154 I gle.android.gms: AssetManager2(0xb4000071df8c3e38) locale list changing from [] to [en-US]
02-01 16:16:35.497  7202 29451 I VA_GlobalContext: createLocalAppsJson size:143
02-01 16:16:35.498  7202 28955 D HWUI    : ImageDecoder_nDecodeBitmap: width = 118, height = 118, encodedFormat = 6
02-01 16:16:35.498  3229  5795 I SecurityManagerService: isVirtualDisplayActive caller=com.android.shell~2000, target=com.myshop.cafe~10458~0
02-01 16:16:35.498  7202 28558 W HWUI    : Image decoding logging dropped!
02-01 16:16:35.498  7202 28955 W HWUI    : Image decoding logging dropped!
02-01 16:16:35.498  3229  5795 I SecurityManagerService: find uiagent virtual display id=0
02-01 16:16:35.498  3229  5795 I SecurityManagerService: no uiagent display, return
02-01 16:16:35.498  3229  5795 I SecurityManagerService: isVirtualDisplayActive, should not intercept
02-01 16:16:35.498  3229  5795 W ActivityTaskManager: callingPackage for (uid=2000, pid=29593) has no WPC
02-01 16:16:35.499  2045  2740 E HwcComposer: getLuts failed Status(-129, EX_TRANSACTION_FAILED): 'UNKNOWN_TRANSACTION: '
02-01 16:16:35.499 26451 26466 E ndroid.settings: Invalid resource ID 0x00000000.
02-01 16:16:35.499 26451 26466 I ndroid.settings: MiResources: find entry failed for resource 00000000
02-01 16:16:35.499 26451 26466 I asset   : MiResources: Not found for resource 00000000
02-01 16:16:35.499 26451 26466 I MiResource: invalid cookie from nativeGetResourceValue, cookie = -1, origValue = TypedValue{t=0x3/d=0x3bd7 "Data usage" a=17 r=0x7f150ded}, value =TypedValue{t=0x3/d=0x3bd7 "Data usage" a=17 r=0x7f150ded}
02-01 16:16:35.499 26451 26466 I MiResource: got NFE for resource ID #0x0(0) , isResourceCached = true
02-01 16:16:35.499 26451 26466 E ndroid.settings: Invalid resource ID 0x00000000.
02-01 16:16:35.499 26451 26466 I ndroid.settings: MiResources: find entry failed for resource 00000000
02-01 16:16:35.499 26451 26466 I asset   : MiResources: Not found for resource 00000000
02-01 16:16:35.499  7202 28955 E VA_PackageUtils: getVersionName: error not installed pkgName = smart
02-01 16:16:35.499 26451 26466 I MiResource: invalid cookie from nativeGetResourceValue, cookie = -1, origValue = TypedValue{t=0x3/d=0x3bd7 "Data usage" a=17 r=0x7f150ded}, value =TypedValue{t=0x3/d=0x3bd7 "Data usage" a=17 r=0x7f150ded}
02-01 16:16:35.499 26451 26466 I MiResource: got NFE for resource ID #0x0(0) , isResourceCached = true
02-01 16:16:35.499  1817  2158 I SDM     : QServiceBackend::notifyCallback: calling qservice command 5
02-01 16:16:35.499  1817  2158 I SDM     : SDMServices::notifyCallback: sdmclient qservice command 5
02-01 16:16:35.499  7202 28955 W VA_PackageUtilsV2: getVersionCode: error
02-01 16:16:35.499 30694 25154 I gle.android.gms: AssetManager2(0xb4000071df879dd8) locale list changing from [] to [en-US]
02-01 16:16:35.500  7202 28558 E VA_PackageUtils: getVersionName: error not installed pkgName = smart
02-01 16:16:35.500  7202 28558 W VA_PackageUtilsV2: getVersionCode: error
02-01 16:16:35.500 26451 26466 E ndroid.settings: Invalid resource ID 0x00000000.
02-01 16:16:35.500 26451 26466 I ndroid.settings: MiResources: find entry failed for resource 00000000
02-01 16:16:35.500 26451 26466 I asset   : MiResources: Not found for resource 00000000
02-01 16:16:35.500 26451 26466 I MiResource: invalid cookie from nativeGetResourceValue, cookie = -1, origValue = TypedValue{t=0x3/d=0x3bd7 "Data usage" a=17 r=0x7f150ded}, value =TypedValue{t=0x3/d=0x3bd7 "Data usage" a=17 r=0x7f150ded}
02-01 16:16:35.500 26451 26466 I MiResource: got NFE for resource ID #0x0(0) , isResourceCached = true
02-01 16:16:35.500 26451 26466 E ndroid.settings: Invalid resource ID 0x00000000.
02-01 16:16:35.500 26451 26466 I ndroid.settings: MiResources: find entry failed for resource 00000000
02-01 16:16:35.500 26451 26466 I asset   : MiResources: Not found for resource 00000000
02-01 16:16:35.500 26451 26466 I MiResource: invalid cookie from nativeGetResourceValue, cookie = -1, origValue = TypedValue{t=0x3/d=0x3bd7 "Data usage" a=17 r=0x7f150ded}, value =TypedValue{t=0x3/d=0x3bd7 "Data usage" a=17 r=0x7f150ded}
02-01 16:16:35.500 26451 26466 I MiResource: got NFE for resource ID #0x0(0) , isResourceCached = true
02-01 16:16:35.501  3229  5795 V GrammaticalInflectionUtils: AttributionSource: android.content.AttributionSource@1e4833a0 does not have READ_SYSTEM_GRAMMATICAL_GENDER permission.
02-01 16:16:35.501   876  1567 I PermissionManagerProvider: call method : 14 Binder.getCallingUid() 10207 Binder.getCallingUid() 876
02-01 16:16:35.501  7202 28955 W VA_PackageUtilsV2: getVersionCode: error
02-01 16:16:35.501  3229  5795 W OptProp : Cannot read opt property android.window.PROPERTY_COMPAT_ALLOW_RESIZEABLE_ACTIVITY_OVERRIDES
02-01 16:16:35.501  7202 28955 W VA_PackageUtilsV2: getVersionCode: error
02-01 16:16:35.501  3229  5795 W OptProp : Cannot read opt property android.window.PROPERTY_COMPAT_ALLOW_MIN_ASPECT_RATIO_OVERRIDE
02-01 16:16:35.501  7202 28558 W VA_PackageUtilsV2: getVersionCode: error
02-01 16:16:35.501  7202 28558 W VA_PackageUtilsV2: getVersionCode: error
02-01 16:16:35.501  7202 28558 W VA_PackageUtilsV2: getVersionCode: error
02-01 16:16:35.501  7202 28955 W VA_PackageUtilsV2: getVersionCode: error
02-01 16:16:35.502  3229  5795 I AnimInterruptController: FIS notify Foresee interrupt start:9370
02-01 16:16:35.502  3229  5795 I AnimInterruptController: remove FO timeout
02-01 16:16:35.502  3229  5795 D DisplayContentStubImpl: Remove FixedRotationTimeoutRunnable
02-01 16:16:35.502  7202 28955 W VA_PackageUtilsV2: getVersionCode: error
02-01 16:16:35.502 26451 26466 E ndroid.settings: Invalid resource ID 0x00000000.
02-01 16:16:35.502 26451 26466 I ndroid.settings: MiResources: find entry failed for resource 00000000
02-01 16:16:35.502 26451 26466 I asset   : MiResources: Not found for resource 00000000
02-01 16:16:35.502 26451 26466 I MiResource: invalid cookie from nativeGetResourceValue, cookie = -1, origValue = TypedValue{t=0x3/d=0x3bd7 "Data usage" a=17 r=0x7f150ded}, value =TypedValue{t=0x3/d=0x3bd7 "Data usage" a=17 r=0x7f150ded}
02-01 16:16:35.502 26451 26466 I MiResource: got NFE for resource ID #0x0(0) , isResourceCached = true
02-01 16:16:35.502  3229  5795 D BLASTSyncEngine: [DH_DEBUG]scheduleTimeout #9371 success=true timeoutMs=5000 callback=com.android.server.wm.BLASTSyncEngine$SyncGroup$$ExternalSyntheticLambda2@8178568
02-01 16:16:35.502  3229  5795 D AurogonImmobulusMode: launch app processName = com.myshop.cafe uid = 10458
02-01 16:16:35.502 26451 26466 E ndroid.settings: Invalid resource ID 0x00000000.
02-01 16:16:35.502 26451 26466 I ndroid.settings: MiResources: find entry failed for resource 00000000
02-01 16:16:35.502 26451 26466 I asset   : MiResources: Not found for resource 00000000
02-01 16:16:35.502 26451 26466 I MiResource: invalid cookie from nativeGetResourceValue, cookie = -1, origValue = TypedValue{t=0x3/d=0x3bd7 "Data usage" a=17 r=0x7f150ded}, value =TypedValue{t=0x3/d=0x3bd7 "Data usage" a=17 r=0x7f150ded}
02-01 16:16:35.502  3229  5795 I ActivityStarterImpl: isKeyguardEditor: false, newTransition: TransitionRecord{319ad81 id=9371 type=OPEN flags=0x0}
02-01 16:16:35.502 26451 26466 I MiResource: got NFE for resource ID #0x0(0) , isResourceCached = true
02-01 16:16:35.502  3229  5795 D WindowManager: Collecting in transition 9371: ActivityRecord{127032870 u0 com.myshop.cafe/.MainActivity init visibleRequested:false dc:null
02-01 16:16:35.502  3229  5795 I ActivityStarterImpl: boost cold start activity for com.myshop.cafe
02-01 16:16:35.502  3229  5795 D MiuiFreeformServiceImpl: addLaunchFreeformActivityOptionIfNeed skip due to not find sourceTask: null sourceFfas: null sourceFreeFormActivity: null
02-01 16:16:35.502  3229  3285 V Configuration: Updating configuration, locales updated from [] to [en_US]
02-01 16:16:35.502 30694 25154 I gle.android.gms: AssetManager2(0xb4000071df8755f8) locale list changing from [] to [en-US]
02-01 16:16:35.502  7202 29451 I VA_AivsSDK-[AIVS 77533-IO_task_42] EngineImpl-main_db6e916ff5ef48c6ac0950de78b63aca: updateAppData: not update
02-01 16:16:35.502  3229  3285 V Configuration: Updating configuration, locales updated from [] to [en_US]
02-01 16:16:35.502  3229  3285 V Configuration: Updating configuration, locales updated from [] to [en_US]
02-01 16:16:35.502  3229  3285 V Configuration: Updating configuration, locales updated from [] to [en_US]
02-01 16:16:35.502  3229  5795 D PerfMTKStubImpl: initBoostParamByDevice
02-01 16:16:35.502  3229  3285 V Configuration: Updating configuration, locales updated from [] to [en_US]
02-01 16:16:35.503  7202 28558 W VA_PackageUtilsV2: getVersionCode: error
02-01 16:16:35.503  3229  3285 V Configuration: Updating configuration, locales updated from [] to [en_US]
02-01 16:16:35.503  3229  3285 V Configuration: Updating configuration, locales updated from [] to [en_US]
02-01 16:16:35.504 26451 26466 E ndroid.settings: Invalid resource ID 0x00000000.
02-01 16:16:35.504 26451 26466 I ndroid.settings: MiResources: find entry failed for resource 00000000
02-01 16:16:35.504 26451 26466 I asset   : MiResources: Not found for resource 00000000
02-01 16:16:35.504 26451 26466 I MiResource: invalid cookie from nativeGetResourceValue, cookie = -1, origValue = TypedValue{t=0x3/d=0x3bd7 "Data usage" a=17 r=0x7f150ded}, value =TypedValue{t=0x3/d=0x3bd7 "Data usage" a=17 r=0x7f150ded}
02-01 16:16:35.504 26451 26466 I MiResource: got NFE for resource ID #0x0(0) , isResourceCached = true
02-01 16:16:35.504 26451 26466 E ndroid.settings: Invalid resource ID 0x00000000.
02-01 16:16:35.504 26451 26466 I ndroid.settings: MiResources: find entry failed for resource 00000000
02-01 16:16:35.504 26451 26466 I asset   : MiResources: Not found for resource 00000000
02-01 16:16:35.504 26451 26466 I MiResource: invalid cookie from nativeGetResourceValue, cookie = -1, origValue = TypedValue{t=0x3/d=0x3bd7 "Data usage" a=17 r=0x7f150ded}, value =TypedValue{t=0x3/d=0x3bd7 "Data usage" a=17 r=0x7f150ded}
02-01 16:16:35.504  3229  5795 D BarFollowAnimation: onTaskAppearedForCaptionBar Task{a33419d #1332 type=standard}
02-01 16:16:35.504 26451 26466 I MiResource: got NFE for resource ID #0x0(0) , isResourceCached = true
02-01 16:16:35.504  3229  5795 D WindowManager: Collecting in transition 9371: Task{a33419d #1332 type=standard A=10458:com.myshop.cafe} init visibleRequested:false dc:Display{#0 state=ON size=1280x2772 ROTATION_0}
02-01 16:16:35.504  3229  3285 V Configuration: Updating configuration, locales updated from [] to [en_US]
02-01 16:16:35.504  3229  3285 V Configuration: Updating configuration, locales updated from [] to [en_US]
02-01 16:16:35.505  3229  5795 D BarFollowAnimation: onTaskInfoChanedForCaptionBar Task{a33419d #1332 type=standard A=10458:com.myshop.cafe} shouldbeVisible:true isVisible:false windowMode:1 mCaptionAssociatedTask:null mIsTouchedInCaption:false
02-01 16:16:35.505  3229  5795 D BarFollowAnimation: onTaskInfoChanedForCaptionBar Task{a33419d #1332 type=standard A=10458:com.myshop.cafe} shouldbeVisible:true isVisible:false windowMode:1 mCaptionAssociatedTask:null mIsTouchedInCaption:false
02-01 16:16:35.505  3229  4562 D BarFollowAnimation:  CreateBarRunnable  mTask = Task{a33419d #1332 type=standard A=10458:com.myshop.cafe} mSurfaceControl = Surface(name=Task=1332#249210)/@0x60a874 currentPid = 3229 currentThread name = BarFollowAnimation Thread currentThread id = 371
02-01 16:16:35.505  3229  3285 V Configuration: Updating configuration, locales updated from [] to [en_US]
02-01 16:16:35.505  3229  5795 W OptProp : Cannot read opt property android.window.PROPERTY_COMPAT_ALLOW_ORIENTATION_OVERRIDE
02-01 16:16:35.505 26451 26466 E ndroid.settings: Invalid resource ID 0x00000000.
02-01 16:16:35.505 26451 26466 I ndroid.settings: MiResources: find entry failed for resource 00000000
02-01 16:16:35.505 26451 26466 I asset   : MiResources: Not found for resource 00000000
02-01 16:16:35.505 26451 26466 I MiResource: invalid cookie from nativeGetResourceValue, cookie = -1, origValue = TypedValue{t=0x3/d=0x3bd7 "Data usage" a=17 r=0x7f150ded}, value =TypedValue{t=0x3/d=0x3bd7 "Data usage" a=17 r=0x7f150ded}
02-01 16:16:35.505 26451 26466 I MiResource: got NFE for resource ID #0x0(0) , isResourceCached = true
02-01 16:16:35.505  3229  3285 V Configuration: Updating configuration, locales updated from [] to [en_US]
02-01 16:16:35.505 26451 26466 E ndroid.settings: Invalid resource ID 0x00000000.
02-01 16:16:35.505 26451 26466 I ndroid.settings: MiResources: find entry failed for resource 00000000
02-01 16:16:35.505 26451 26466 I asset   : MiResources: Not found for resource 00000000
02-01 16:16:35.505 26451 26466 I MiResource: invalid cookie from nativeGetResourceValue, cookie = -1, origValue = TypedValue{t=0x3/d=0x3bd7 "Data usage" a=17 r=0x7f150ded}, value =TypedValue{t=0x3/d=0x3bd7 "Data usage" a=17 r=0x7f150ded}
02-01 16:16:35.505 26451 26466 I MiResource: got NFE for resource ID #0x0(0) , isResourceCached = true
02-01 16:16:35.506  3229  5795 D BarFollowAnimation: onTaskInfoChanedForCaptionBar Task{a33419d #1332 type=standard A=10458:com.myshop.cafe} shouldbeVisible:true isVisible:false windowMode:1 mCaptionAssociatedTask:null mIsTouchedInCaption:false
02-01 16:16:35.506  3229  5795 D MiuiFreeFormManagerService: onStartActivityInner as = Task{a33419d #1332 type=standard A=10458:com.myshop.cafe} op = null
02-01 16:16:35.506  3229  5795 D TaskStubImpl: setToBackByHome false for Task#1332
02-01 16:16:35.506  3229  3285 V Configuration: Updating configuration, locales updated from [] to [en_US]
02-01 16:16:35.506  3229  3285 V Configuration: Updating configuration, locales updated from [] to [en_US]
02-01 16:16:35.506  3229  5795 I ActivityTaskManager: moveTaskToFront: Task{a33419d #1332 type=standard A=10458:com.myshop.cafe} caller trace:com.android.server.wm.TaskDisplayArea.onTaskMoved:461 com.android.server.wm.Task.updateTaskMovement:1753 com.android.server.wm.TaskDisplayArea.positionChildTaskAt:425 com.android.server.wm.TaskDisplayArea.positionChildAt:386 com.android.server.wm.Task.moveToFront:6214 com.android.server.wm.Task.moveToFront:6184 com.android.server.wm.ActivityStarter.startActivityInner:2433 com.android.server.wm.ActivityStarter.startActivityUnchecked:1945 com.android.server.wm.ActivityStarter.executeRequest:1757 com.android.server.wm.ActivityStarter.execute:987 
02-01 16:16:35.506  3229  3285 V Configuration: Updating configuration, locales updated from [] to [en_US]
02-01 16:16:35.506  3229  3285 V Configuration: Updating configuration, locales updated from [] to [en_US]
02-01 16:16:35.506  3229  5795 D As.ActivityMmReduceLoadHelper: onTaskMovedToFront: mTopActivityPackageName: com.myshop.cafe mTopActivityClassName: com.myshop.cafe.MainActivity
02-01 16:16:35.506  3229  3285 V Configuration: Updating configuration, locales updated from [] to [en_US]
02-01 16:16:35.506  3229  3285 V Configuration: Updating configuration, locales updated from [] to [en_US]
02-01 16:16:35.506  3229  3285 V Configuration: Updating configuration, locales updated from [] to [en_US]
02-01 16:16:35.506  3229  3285 V Configuration: Updating configuration, locales updated from [] to [en_US]
02-01 16:16:35.506  3229  3320 D AS.ReduceMmLoadingHelper: ReduceMmLoadingListener, onActivityMmReduceLoad isReduceLoad = false
02-01 16:16:35.506  3229  3320 D As.ActivityMmReduceLoadHelper: onCheckIfActivtyReduceLoad topAppName is not in foreground. Done
02-01 16:16:35.506  3229  3285 V Configuration: Updating configuration, locales updated from [] to [en_US]
02-01 16:16:35.507  3229  5795 D As.ActivityMmReduceLoadHelper: onTaskMovedToFront End
02-01 16:16:35.507  1825  1882 E PERFHAL-RESOURCEQS: PERFHAL-RESOURCEQS: AddAndApply() 136: Resource value ffffffff is not supported
02-01 16:16:35.507  3229  3285 V Configuration: Updating configuration, locales updated from [] to [en_US]
02-01 16:16:35.507  3229  3285 V Configuration: Updating configuration, locales updated from [] to [en_US]
02-01 16:16:35.507 30694 25154 I gle.android.gms: AssetManager2(0xb4000071df8833d8) locale list changing from [] to [en-US]
02-01 16:16:35.507  3229  3285 V Configuration: Updating configuration, locales updated from [] to [en_US]
02-01 16:16:35.507 26451 26466 E ndroid.settings: Invalid resource ID 0x00000000.
02-01 16:16:35.507 26451 26466 I ndroid.settings: MiResources: find entry failed for resource 00000000
02-01 16:16:35.507 26451 26466 I asset   : MiResources: Not found for resource 00000000
02-01 16:16:35.507 26451 26466 I MiResource: invalid cookie from nativeGetResourceValue, cookie = -1, origValue = TypedValue{t=0x3/d=0x3bd7 "Data usage" a=17 r=0x7f150ded}, value =TypedValue{t=0x3/d=0x3bd7 "Data usage" a=17 r=0x7f150ded}
02-01 16:16:35.507 26451 26466 I MiResource: got NFE for resource ID #0x0(0) , isResourceCached = true
02-01 16:16:35.507 26451 26466 E ndroid.settings: Invalid resource ID 0x00000000.
02-01 16:16:35.507 26451 26466 I ndroid.settings: MiResources: find entry failed for resource 00000000
02-01 16:16:35.507  3229  3285 V Configuration: Updating configuration, locales updated from [] to [en_US]
02-01 16:16:35.507 26451 26466 I asset   : MiResources: Not found for resource 00000000
02-01 16:16:35.507 26451 26466 I MiResource: invalid cookie from nativeGetResourceValue, cookie = -1, origValue = TypedValue{t=0x3/d=0x3bd7 "Data usage" a=17 r=0x7f150ded}, value =TypedValue{t=0x3/d=0x3bd7 "Data usage" a=17 r=0x7f150ded}
02-01 16:16:35.507  3229  3285 V Configuration: Updating configuration, locales updated from [] to [en_US]
02-01 16:16:35.508 26451 26466 I MiResource: got NFE for resource ID #0x0(0) , isResourceCached = true
02-01 16:16:35.508  3229  5795 D ActivityTaskManager: Task#startActivityLocked isThisOrHasChildTask=true newTask=true
02-01 16:16:35.508  3229  5795 V WindowManager: Checking theme of starting window: 0x7f100274
02-01 16:16:35.508  3229  5795 V WindowManager: Translucent=false Floating=false ShowWallpaper=false Disable=false
02-01 16:16:35.508 26451 26466 E ndroid.settings: Invalid resource ID 0x00000000.
02-01 16:16:35.508 26451 26466 I ndroid.settings: MiResources: find entry failed for resource 00000000
02-01 16:16:35.508  5169  5443 D OneHandedController: stopOneHanded state is 0
02-01 16:16:35.508 26451 26466 I asset   : MiResources: Not found for resource 00000000
02-01 16:16:35.508 26451 26466 I MiResource: invalid cookie from nativeGetResourceValue, cookie = -1, origValue = TypedValue{t=0x3/d=0x3bd7 "Data usage" a=17 r=0x7f150ded}, value =TypedValue{t=0x3/d=0x3bd7 "Data usage" a=17 r=0x7f150ded}
02-01 16:16:35.508  3229  5795 I WindowManager: Try to add startingWindow type = STARTING_WINDOW_TYPE_SPLASH_SCREEN this = ActivityRecord{127032870 u0 com.myshop.cafe/.MainActivity t1332} mOccludesParent = true preAllowTaskSnapshot = true afterAllowTaskSnapshot = true newTask = true taskSwitch = false processRunning = false activityCreated = false activityAllDrawn = false isSnapshotCompatible = false snapshotRotation = NaN resolvedTheme = 2131755636 theme = 2131755636
02-01 16:16:35.508 26451 26466 I MiResource: got NFE for resource ID #0x0(0) , isResourceCached = true
02-01 16:16:35.508 26451 26466 E ndroid.settings: Invalid resource ID 0x00000000.
02-01 16:16:35.508 26451 26466 I ndroid.settings: MiResources: find entry failed for resource 00000000
02-01 16:16:35.508 26451 26466 I asset   : MiResources: Not found for resource 00000000
02-01 16:16:35.508 26451 26466 I MiResource: invalid cookie from nativeGetResourceValue, cookie = -1, origValue = TypedValue{t=0x3/d=0x3bd7 "Data usage" a=17 r=0x7f150ded}, value =TypedValue{t=0x3/d=0x3bd7 "Data usage" a=17 r=0x7f150ded}
02-01 16:16:35.508 26451 26466 I MiResource: got NFE for resource ID #0x0(0) , isResourceCached = true
02-01 16:16:35.508  3229  5795 V WindowManager: Creating SplashScreenStartingData
02-01 16:16:35.508  3229  5795 V WindowManager: Add starting ActivityRecord{127032870 u0 com.myshop.cafe/.MainActivity t1332}: startingData=SplashScreenStartingData{61db0ca removeAfterTransaction= 0}
02-01 16:16:35.509  3229  6820 V Configuration: Updating configuration, locales updated from [] to [en_US]
02-01 16:16:35.509  3229  5795 V WindowManager: Added starting ActivityRecord{127032870 u0 com.myshop.cafe/.MainActivity t1332}: startingWindow=null startingView=com.android.server.wm.StartingSurfaceController$StartingSurface@3972991
02-01 16:16:35.509  3229  6820 V Configuration: Updating configuration, locales updated from [] to [en_US]
02-01 16:16:35.509  3229  6820 V Configuration: Updating configuration, locales updated from [] to [en_US]
02-01 16:16:35.509  3229  4003 D PreStartingManager: Get background color: fff8f8f8  key: com.myshop.cafe_night  containColor: true
02-01 16:16:35.509  3229  5795 D ActivityTrigger: ActivityTrigger activityPauseTrigger 
02-01 16:16:35.509 26451 26466 E ndroid.settings: Invalid resource ID 0x00000000.
02-01 16:16:35.509 26451 26466 I ndroid.settings: MiResources: find entry failed for resource 00000000
02-01 16:16:35.509 26451 26466 I asset   : MiResources: Not found for resource 00000000
02-01 16:16:35.509 26451 26466 I MiResource: invalid cookie from nativeGetResourceValue, cookie = -1, origValue = TypedValue{t=0x3/d=0x3bd7 "Data usage" a=17 r=0x7f150ded}, value =TypedValue{t=0x3/d=0x3bd7 "Data usage" a=17 r=0x7f150ded}
02-01 16:16:35.509 26451 26466 I MiResource: got NFE for resource ID #0x0(0) , isResourceCached = true
02-01 16:16:35.509  1825  1889 E PERFHAL-LLLITE: PERFHAL-LLLITE: CheckOngoingLaunchScenario() 188: mBoostedPkgName is empty!
02-01 16:16:35.509 26451 26466 E ndroid.settings: Invalid resource ID 0x00000000.
02-01 16:16:35.509 26451 26466 I ndroid.settings: MiResources: find entry failed for resource 00000000
02-01 16:16:35.509 26451 26466 I asset   : MiResources: Not found for resource 00000000
02-01 16:16:35.509 26451 26466 I MiResource: invalid cookie from nativeGetResourceValue, cookie = -1, origValue = TypedValue{t=0x3/d=0x3bd7 "Data usage" a=17 r=0x7f150ded}, value =TypedValue{t=0x3/d=0x3bd7 "Data usage" a=17 r=0x7f150ded}
02-01 16:16:35.509 26451 26466 I MiResource: got NFE for resource ID #0x0(0) , isResourceCached = true
02-01 16:16:35.509  3229  5795 D Transition: setReady 9371 wc=Task{8362c1 #883 type=home I=com.miui.home/.launcher.Launcher} ready=false
02-01 16:16:35.510  3229  4003 D PreStartingManager: Successfully loaded mColorSurfaceControl. color: fff8f8f8  isNextTransitionForward: true  isLetterboxed: false  colorSurfaceControl: Surface(name=PreColorStarting#249214)/@0xd2d10f6  ColorSurfaceSize: 2
02-01 16:16:35.510  3229  4003 D PreStartingManager: Not fully loaded bitmap yet
02-01 16:16:35.510  3229  5795 I ActivityTaskManager: removedForAddTask notifyTaskRemoved Task{5bbe998 #1328 type=standard A=10458:com.myshop.cafe}, call from com.android.server.wm.ActivityStarter.startActivityUnchecked:1945 com.android.server.wm.ActivityStarter.executeRequest:1757 com.android.server.wm.ActivityStarter.execute:987 com.android.server.wm.ActivityTaskManagerService.startActivityAsUser:1561 com.android.server.wm.ActivityTaskManagerService.startActivityAsUser:1479 com.android.server.am.ActivityManagerService.startActivityAsUserWithFeature:3689 com.android.server.am.ActivityManagerShellCommand.runStartActivity:980 com.android.server.am.ActivityManagerShellCommand.onCommand:278 
02-01 16:16:35.510  3229  5795 D WindowManager: Collecting in transition 9371: ActivityRecord{127032870 u0 com.myshop.cafe/.MainActivity t1332} init visibleRequested:false dc:Display{#0 state=ON size=1280x2772 ROTATION_0}
02-01 16:16:35.510 26451 26466 E ndroid.settings: Invalid resource ID 0x00000000.
02-01 16:16:35.510 26451 26466 I ndroid.settings: MiResources: find entry failed for resource 00000000
02-01 16:16:35.510 26451 26466 I asset   : MiResources: Not found for resource 00000000
02-01 16:16:35.510 26451 26466 I MiResource: invalid cookie from nativeGetResourceValue, cookie = -1, origValue = TypedValue{t=0x3/d=0x3bd7 "Data usage" a=17 r=0x7f150ded}, value =TypedValue{t=0x3/d=0x3bd7 "Data usage" a=17 r=0x7f150ded}
02-01 16:16:35.510 26451 26466 I MiResource: got NFE for resource ID #0x0(0) , isResourceCached = true
02-01 16:16:35.510  3229  5795 I AnimInterruptController: mark Foresee interrupt start 9370
02-01 16:16:35.510  3229  5795 I AnimInterruptController: remove FO timeout
02-01 16:16:35.510  3229  5795 D DisplayContentStubImpl: Remove FixedRotationTimeoutRunnable
02-01 16:16:35.510 26451 26466 E ndroid.settings: Invalid resource ID 0x00000000.
02-01 16:16:35.510 26451 26466 I ndroid.settings: MiResources: find entry failed for resource 00000000
02-01 16:16:35.510 26451 26466 I asset   : MiResources: Not found for resource 00000000
02-01 16:16:35.510 26451 26466 I MiResource: invalid cookie from nativeGetResourceValue, cookie = -1, origValue = TypedValue{t=0x3/d=0x3bd7 "Data usage" a=17 r=0x7f150ded}, value =TypedValue{t=0x3/d=0x3bd7 "Data usage" a=17 r=0x7f150ded}
02-01 16:16:35.510 26451 26466 I MiResource: got NFE for resource ID #0x0(0) , isResourceCached = true
02-01 16:16:35.510  4827  4855 W DynamicDDSService: appName is running in background.com.miui.home
02-01 16:16:35.510 30694 25154 I Icing   : Usage reports ok 7, Failed Usage reports 0, indexed 0, rejected 0
02-01 16:16:35.511  4827  4940 I DynamicDDSService: handleMessage(ACTIVITY_INVOKE{appInfo=com.myshop.cafe isFullScreen=}true)
02-01 16:16:35.511  3229  5795 I ActivityTaskManager: START u0 {flg=0x10000000 xflg=0x5 cmp=com.myshop.cafe/.MainActivity} with LAUNCH_MULTIPLE from uid 2000 from pid 29593 callingPackage com.android.shell (BAL_ALLOW_PERMISSION) result code=0
02-01 16:16:35.511  3229  5795 I Perf[AppStartScene]: onSceneChangeNotify:Bundle[{uid=10458, name=com.myshop.cafe.MainActivity, type=1, preStartProc=false, begin=true, state=0, processName=com.myshop.cafe, packageName=com.myshop.cafe, appSwitch=true}]
02-01 16:16:35.512  5169  5443 V WindowManagerShell: Transition requested (#9371): android.os.BinderProxy@ca8ecba TransitionRequestInfo { type = OPEN, triggerTask = TaskInfo{userId=0 taskId=1332 effectiveUid=10458 displayId=0 isRunning=true baseIntent=Intent { flg=0x10000000 cmp=com.myshop.cafe/.MainActivity } baseActivity=ComponentInfo{com.myshop.cafe/com.myshop.cafe.MainActivity} topActivity=ComponentInfo{com.myshop.cafe/com.myshop.cafe.MainActivity} origActivity=null realActivity=ComponentInfo{com.myshop.cafe/com.myshop.cafe.MainActivity} numActivities=1 lastActiveTime=1436849246 supportsSplitScreenMultiWindow=true mSoScDisplayMode=-1 supportsMultiWindow=true resizeMode=1 isResizeable=true minWidth=-1 minHeight=-1 defaultMinSize=200 token=WCT{android.window.IWindowContainerToken$Stub$Proxy@de9a76b} topActivityType=1 pictureInPictureParams=null shouldDockBigOverlays=false launchIntoPipHostTaskId=-1 lastParentTaskIdBeforePip=-1 displayCutoutSafeInsets=Rect(0, 152 - 0, 0) topActivityInfo=ActivityInfo{54112c8 com.myshop.cafe.MainActivity} launchCookies=[] positionInParent=Point(0, 0) parentTaskId=-1 isFocused=false isVisible=false isVisibleRequested=false isTopActivityNoDisplay=false isSleeping=false locusId=null displayAreaFeatureId=1 isTopActivityTransparent=false isActivityStackTransparent=false lastNonFullscreenBounds=null capturedLink=null capturedLinkTimestamp=0 requestedVisibleTypes=-9 topActivityRequestOpenInBrowserEducationTimestamp=0 appCompatTaskInfo=AppCompatTaskInfo { topActivityInSizeCompat=false eligibleForLetterboxEducation= false topActivityInMiuiSizeCompat=false isLetterboxEducationEnabled= false isLetterboxDoubleTapEnabled= false eligibleForUserAspectRatioButton= false topActivityBoundsLetterboxed= false isFromLetterboxDoubleTap= false topActivityLetterboxVerticalPosition= -1 topActivityLetterboxHorizontalPosition= -1 topActivityLetterboxWidth=-1 topActivityLetterboxHeight=-1 topActivityAppBounds=Rect(0, 152 - 1280, 2720) isUserFullscreenOverrideEnabled=false isSystemFullscreenOverrideEnabled=false hasMinAspectRatioOverride=false topActivityLetterboxBounds=null cameraCompatTaskInfo=CameraCompatTaskInfo { freeformCameraCompatMode=inactive}} isImmersive=false mTopActivityRequestOrientation=-2 mStatusBarParent=null mNavBarParent=null mBehindAppLockPkg=null mOriginatingUid=0 isEmbedded=false shouldBeVisible=true isCreatedByOrganizer=false mIsCastMode=false mTopActivityMediaSize=null mTopActivityRecordName=ActivityRecord{127032870 u0 com.myshop.cafe/.MainActivity t1332} mTopActivityOrientation=-2 topActivityMainWindowFrame=null}, pipChange = null, remoteTransition = null, displayChange = null, flags = 0, debugId = 9371 }
02-01 16:16:35.512 26782 26782 D Launcher.Lifecycle: onPause:UserHandle{0},285734d,true
02-01 16:16:35.512 26782 26782 D FinishToAppAndWaitTaskStackChange: onLauncherActivityPause
02-01 16:16:35.512 26782 26782 D Launcher_UnlockAnimationStateMachine: onPause = IDLE
02-01 16:16:35.512 26451 26466 E ndroid.settings: Invalid resource ID 0x00000000.
02-01 16:16:35.512 26782 26782 D Launcher_UnlockAnimationStateMachine: setState:PAUSE_WAIT
02-01 16:16:35.512  5169  5443 D ShellSplitScreen: logExit: no-op, mLoggerSessionId is null
02-01 16:16:35.512 26451 26466 I ndroid.settings: MiResources: find entry failed for resource 00000000
02-01 16:16:35.512 26451 26466 I asset   : MiResources: Not found for resource 00000000
02-01 16:16:35.512 26451 26466 I MiResource: invalid cookie from nativeGetResourceValue, cookie = -1, origValue = TypedValue{t=0x3/d=0x3bd7 "Data usage" a=17 r=0x7f150ded}, value =TypedValue{t=0x3/d=0x3bd7 "Data usage" a=17 r=0x7f150ded}
02-01 16:16:35.512 26451 26466 I MiResource: got NFE for resource ID #0x0(0) , isResourceCached = true
02-01 16:16:35.512  5169  5642 V ShellStartingWindow: preferredStartingWindowType newTask=true, taskSwitch=false, processRunning=false, allowTaskSnapshot=true, activityCreated=false, isSolidColorSplashScreen=false, legacySplashScreen=false, activityDrawn=false, windowless=false, topIsHome=false
02-01 16:16:35.512 26451 26466 E ndroid.settings: Invalid resource ID 0x00000000.
02-01 16:16:35.512  5169  5642 V ShellStartingWindow: addSplashScreen for package: com.myshop.cafe with theme: 7f100274 for task: 1332, suggestType: 1
02-01 16:16:35.512 26451 26466 I ndroid.settings: MiResources: find entry failed for resource 00000000
02-01 16:16:35.512 26451 26466 I asset   : MiResources: Not found for resource 00000000
02-01 16:16:35.512 26451 26466 I MiResource: invalid cookie from nativeGetResourceValue, cookie = -1, origValue = TypedValue{t=0x3/d=0x3bd7 "Data usage" a=17 r=0x7f150ded}, value =TypedValue{t=0x3/d=0x3bd7 "Data usage" a=17 r=0x7f150ded}
02-01 16:16:35.512 26451 26466 I MiResource: got NFE for resource ID #0x0(0) , isResourceCached = true
02-01 16:16:35.512  5169  5443 I SoScStageCoordinator: Transition requested:TransitionRequestInfo { type = OPEN, triggerTask = TaskInfo{userId=0 taskId=1332 effectiveUid=10458 displayId=0 isRunning=true baseIntent=Intent { flg=0x10000000 cmp=com.myshop.cafe/.MainActivity } baseActivity=ComponentInfo{com.myshop.cafe/com.myshop.cafe.MainActivity} topActivity=ComponentInfo{com.myshop.cafe/com.myshop.cafe.MainActivity} origActivity=null realActivity=ComponentInfo{com.myshop.cafe/com.myshop.cafe.MainActivity} numActivities=1 lastActiveTime=1436849246 supportsSplitScreenMultiWindow=true mSoScDisplayMode=-1 supportsMultiWindow=true resizeMode=1 isResizeable=true minWidth=-1 minHeight=-1 defaultMinSize=200 token=WCT{android.window.IWindowContainerToken$Stub$Proxy@de9a76b} topActivityType=1 pictureInPictureParams=null shouldDockBigOverlays=false launchIntoPipHostTaskId=-1 lastParentTaskIdBeforePip=-1 displayCutoutSafeInsets=Rect(0, 152 - 0, 0) topActivityInfo=ActivityInfo{54112c8 com.myshop.cafe.MainActivity} launchCookies=[] positionInParent=Point(0, 0) parentTaskId=-1 isFocused=false isVisible=false isVisibleRequested=false isTopActivityNoDisplay=false isSleeping=false locusId=null displayAreaFeatureId=1 isTopActivityTransparent=false isActivityStackTransparent=false lastNonFullscreenBounds=null capturedLink=null capturedLinkTimestamp=0 requestedVisibleTypes=-9 topActivityRequestOpenInBrowserEducationTimestamp=0 appCompatTaskInfo=AppCompatTaskInfo { topActivityInSizeCompat=false eligibleForLetterboxEducation= false topActivityInMiuiSizeCompat=false isLetterboxEducationEnabled= false isLetterboxDoubleTapEnabled= false eligibleForUserAspectRatioButton= false topActivityBoundsLetterboxed= false isFromLetterboxDoubleTap= false topActivityLetterboxVerticalPosition= -1 topActivityLetterboxHorizontalPosition= -1 topActivityLetterboxWidth=-1 topActivityLetterboxHeight=-1 topActivityAppBounds=Rect(0, 152 - 1280, 2720) isUserFullscreenOverrideEnabled=false isSystemFullscreenOverrideEnabled=false hasMinAspectRatioOverride=false topActivityLetterboxBounds=null cameraCompatTaskInfo=CameraCompatTaskInfo { freeformCameraCompatMode=inactive}} isImmersive=false mTopActivityRequestOrientation=-2 mStatusBarParent=null mNavBarParent=null mBehindAppLockPkg=null mOriginatingUid=0 isEmbedded=false shouldBeVisible=true isCreatedByOrganizer=false mIsCastMode=false mTopActivityMediaSize=null mTopActivityRecordName=ActivityRecord{127032870 u0 com.myshop.cafe/.MainActivity t1332} mTopActivityOrientation=-2 topActivityMainWindowFrame=null}, pipChange = null, remoteTransition = null, displayChange = null, flags = 0, debugId = 9371 } isSoScActive:false triggerTask:TaskInfo{userId=0 taskId=1332 effectiveUid=10458 displayId=0 isRunning=true baseIntent=Intent { flg=0x10000000 cmp=com.myshop.cafe/.MainActivity } baseActivity=ComponentInfo{com.myshop.cafe/com.myshop.cafe.MainActivity} topActivity=ComponentInfo{com.myshop.cafe/com.myshop.cafe.MainActivity} origActivity=null realActivity=ComponentInfo{com.myshop.cafe/com.myshop.cafe.MainActivity} numActivities=1 lastActiveTime=1436849246 supportsSplitScreenMultiWindow=true mSoScDisplayMode=-1 supportsMultiWindow=true resizeMode=1 isResizeable=true minWidth=-1 minHeight=-1 defaultMinSize=200 token=WCT{android.window.IWindowContainerToken$Stub$Proxy@de9a76b} topActivityType=1 pictureInPictureParams=null shouldDockBigOverlays=false launchIntoPipHostTaskId=-1 lastParentTaskIdBeforePip=-1 displayCutoutSafeInsets=Rect(0, 152 - 0, 0) topActivityInfo=ActivityInfo{54112c8 com.myshop.cafe.MainActivity} launchCookies=[] positionInParent=Point(0, 0) parentTaskId=-1 isFocused=false isVisible=false isVisibleRequested=false isTopActivityNoDisplay=false isSleeping=false locusId=null displayAreaFeatureId=1 isTopActivityTransparent=false isActivityStackTransparent=false lastNonFullscreenBounds=null capturedLink=null capturedLinkTimestamp=0 requestedVisibleTypes=-9 topActivityRequestOpenInBrowserEducationTimestamp=0 appCompatTaskInfo=AppCompatTaskInfo { topActivityInSizeCompat=false eligibleForLetterboxEducation= false topActivityInMiuiS
02-01 16:16:35.512 26782 26782 D ServiceDeliveryReplaceHelper: onPause: widget to serviceDeliver isReplace true
02-01 16:16:35.512  3229  6821 D WindowManager: Set transition=TransitionRecord{319ad81 id=9371 type=OPEN flags=0x0 c=[
02-01 16:16:35.512  3229  6821 D WindowManager:    ChangeInfo{d8e8e65 container=ActivityRecord{127032870 u0 com.myshop.cafe/.MainActivity t1332} flags=0x0}
02-01 16:16:35.512  3229  6821 D WindowManager:    ChangeInfo{c33973a container=Task{a33419d #1332 type=standard A=10458:com.myshop.cafe} flags=0x0}
02-01 16:16:35.512  3229  6821 D WindowManager:    ChangeInfo{ae73feb container=Display{#0 state=ON size=1280x2772 ROTATION_0} flags=0x0}
02-01 16:16:35.512  3229  6821 D WindowManager:    ChangeInfo{4b20148 container=DefaultTaskDisplayArea@200565417 flags=0x0}
02-01 16:16:35.512  3229  6821 D WindowManager: ]
02-01 16:16:35.512  3229  6821 D WindowManager: }, ready=false, SyncId=9371 info=used=true, override=false, defer=0, states=Display{#0 state=ON size=1280x2772 ROTATION_0}:false reason=com.android.server.wm.Transition.applyReady:1260 com.android.server.wm.Transition.start:886 com.android.server.wm.WindowOrganizerController.startTransition:526 com.android.server.wm.WindowOrganizerController.startTransition:401 android.window.IWindowOrganizerController$Stub.onTransact:285 com.android.server.wm.WindowOrganizerController.onTransact:267 android.os.Binder.execTransactInternal:1433 android.os.Binder.execTransact:1372 
02-01 16:16:35.512  3229  6821 D SystemPerformanceHinter: startSession#HighPerfSession-d0-Transition
02-01 16:16:35.513 13524 13549 D LauncherOverlay: setActivityState:1
02-01 16:16:35.513  3229  4429 I DisplayModeDirectorImpl: setSmartDisplayUpRefreshRatePolicy [0.0,120.0]
02-01 16:16:35.513  2045 32547 D MI-SF   : updateScene: module = 268 (Animation), value = 1, pkg = perf_interaction, Vrr = 1, mSetTpIdleFlag = 1
02-01 16:16:35.513  2045 32547 D MI-SF   : isIdleTimerSkip is 1,mSetIdleForceFlag = 0
02-01 16:16:35.513  2045 32547 D MI-SF   : updateScene mSetAnimationFlag status 1, vsync 120
02-01 16:16:35.513  5169  5642 I ndroid.systemui: AssetManager2(0xb4000071dfa421d8) locale list changing from [] to [en-US]
02-01 16:16:35.513  1825  1889 E PERFHAL-LLLITE: PERFHAL-LLLITE: CheckOngoingLaunchScenario() 188: mBoostedPkgName is empty!
02-01 16:16:35.514  2045  2045 I BpBinder: onLastStrongRef automatically unlinking death recipients: 
02-01 16:16:35.514 13524 13524 D SearchOverlayWindow: onPause
02-01 16:16:35.514 13524 13524 D LauncherOverlay.Window: onPause
02-01 16:16:35.514 13524 13524 D LifecycleOverlayWindow:  onPause:false
02-01 16:16:35.514 32750   313 D LauncherOverlay: setActivityState:1
02-01 16:16:35.514  3229  3922 D WindowManager: Collecting in transition 9371: ActivityRecord{127032870 u0 com.myshop.cafe/.MainActivity t1332} init visibleRequested:false dc:Display{#0 state=ON size=1280x2772 ROTATION_0}
02-01 16:16:35.514  3229  3922 D Transition: setReady 9371 wc=Display{#0 state=ON size=1280x2772 ROTATION_0} ready=true
02-01 16:16:35.514 32750 32750 I LauncherOverlayCallback: handleMessage WHAT_ACTIVITY_STATE_CHANGED what1
02-01 16:16:35.514 32750 32750 D LauncherOverlay.Window: onPause
02-01 16:16:35.514 32750 32750 I LauncherOverlayCallback: handleMessage WHAT_LAUNCHER_STATE what1
02-01 16:16:35.514 32750 32750 D LauncherOverlay.Window: launcherState 1
02-01 16:16:35.514 32750 32750 D LauncherOverlay.Window: resumedStateNow 1,resumedStateNew = 0
02-01 16:16:35.514 32750 32750 D LauncherOverlay.Window: launcherPause 
02-01 16:16:35.514 32750 32750 I AssistantOverlayWindow: lockToHideOverlay
02-01 16:16:35.514 32750 32750 I AssistantOverlayWindow: lockToHideOverlay overlay idle do nothing
02-01 16:16:35.514  3229  3922 D WindowManager: Set transition=TransitionRecord{319ad81 id=9371 type=OPEN flags=0x0 c=[
02-01 16:16:35.514  3229  3922 D WindowManager:    ChangeInfo{d8e8e65 container=ActivityRecord{127032870 u0 com.myshop.cafe/.MainActivity t1332} flags=0x0}
02-01 16:16:35.514  3229  3922 D WindowManager:    ChangeInfo{c33973a container=Task{a33419d #1332 type=standard A=10458:com.myshop.cafe} flags=0x0}
02-01 16:16:35.514  3229  3922 D WindowManager:    ChangeInfo{ae73feb container=Display{#0 state=ON size=1280x2772 ROTATION_0} flags=0x0}
02-01 16:16:35.514  3229  3922 D WindowManager:    ChangeInfo{4b20148 container=DefaultTaskDisplayArea@200565417 flags=0x0}
02-01 16:16:35.514  3229  3922 D WindowManager: ]
02-01 16:16:35.514  3229  3922 D WindowManager: }, ready=true, SyncId=9371 info=used=true, override=false, defer=0, states=Display{#0 state=ON size=1280x2772 ROTATION_0}:true reason=com.android.server.wm.Transition.applyReady:1260 com.android.server.wm.Transition.setReady:1242 com.android.server.wm.TransitionController.setReady:1168 com.android.server.wm.TransitionController.setReady:1173 com.android.server.wm.DisplayContent.executeAppTransition:6212 com.android.server.wm.PreStartingManager.setReadyForPreStarting:284 com.android.server.wm.ActivityRecordImpl.setReadyForStartingWindow:2347 com.android.server.wm.ActivityRecord.setVisibleRequested:6142 
02-01 16:16:35.514  3229  3922 D PreStartingManager: Execute transition immediately.
02-01 16:16:35.514  3229  3922 W Transition: Transition already started id=9371 state=1
02-01 16:16:35.514  3229  3922 D WindowManager: Collecting in transition 9371: ActivityRecord{109763923 u0 com.miui.home/.launcher.Launcher t883} init visibleRequested:true dc:Display{#0 state=ON size=1280x2772 ROTATION_0}
02-01 16:16:35.514  3229  3922 D WindowManager: Collecting in transition 9371: WallpaperWindowToken{dc4b2b5 showWhenLocked=true} init visibleRequested:false dc:Display{#0 state=ON size=1280x2772 ROTATION_0}
02-01 16:16:35.514  3229  4283 D ExternalInterface: setUidState, uid = 10350 allow = false
02-01 16:16:35.515  3229  3922 D WindowManager: Collecting in transition 9371: WallpaperWindowToken{32bdd52 showWhenLocked=false} init visibleRequested:true dc:Display{#0 state=ON size=1280x2772 ROTATION_0}
02-01 16:16:35.515  3229  3922 I ATMSImpl: cacheTasksForDefaultDisplay size=6 topId=1332
02-01 16:16:35.515  3229  3922 D As.ActivityMmReduceLoadHelper: onMultiScreenChanged is not change, Done, isMultiScreen: false
02-01 16:16:35.515  3229  3922 I As.ActivityMmReduceLoadHelper: updateMultiScreenState, splitScreenMode: false isSmallScreen: false
02-01 16:16:35.515  5169  5645 V ShellStartingWindow: getWindowAttrs: window attributes color: 0, replace icon: false
02-01 16:16:35.516  3229  3922 D WindowManager: New home screen wallpaper: Window{26ea07b u0 com.miui.miwallpaper.wallpaperservice.ImageWallpaper}, prev: null
02-01 16:16:35.516  3229  3922 D WindowManager: New lock/shared screen wallpaper: Window{46db758 u0 com.miui.miwallpaper.wallpaperservice.MiuiKeyguardPictorialWallpaper}, prev: null
02-01 16:16:35.516  3229  3922 V WindowManager: updateWallpaperTokens requestedVisibility=false on keyguardLocked=false
02-01 16:16:35.516  3229  3922 I WallpaperControllerImpl: updateWallpaperTokens requestedVisibility=false on keyguardLocked=false topWallpaper=Window{26ea07b u0 com.miui.miwallpaper.wallpaperservice.ImageWallpaper}
02-01 16:16:35.516  3229  3922 D WindowManager: Wallpaper token android.os.Binder@d323ddd visible=false
02-01 16:16:35.516  3229  3922 D WindowManager: Collecting in transition 9371: WallpaperWindowToken{32bdd52 showWhenLocked=false} init visibleRequested:true dc:Display{#0 state=ON size=1280x2772 ROTATION_0}
02-01 16:16:35.516  3229  3922 E TransitionController: Set visible without transition WallpaperWindowToken{32bdd52 showWhenLocked=false} playing=false caller=com.android.server.wm.WallpaperControllerImpl.updateWallpaperTokens:180 
02-01 16:16:35.516  3229  3922 E TransitionController: Set visible without transition WallpaperWindowToken{dc4b2b5 showWhenLocked=true} playing=false caller=com.android.server.wm.WallpaperControllerImpl.updateWallpaperTokens:180 
02-01 16:16:35.516  3229  3922 V WindowManager: Wallpaper at display 0 - visibility: true, keyguardLocked: false
02-01 16:16:35.516  3229  3922 D WindowManager: Wallpaper target=Window{d27e15a u0 com.miui.home/com.miui.home.launcher.Launcher} prev=null
02-01 16:16:35.516  1817  2158 I SDM     : QServiceBackend::notifyCallback: calling qservice command 5
02-01 16:16:35.516  1817  2158 I SDM     : SDMServices::notifyCallback: sdmclient qservice command 5
02-01 16:16:35.516  5169  5642 D MiuiCameraCoveredManager: java.lang.NullPointerException: Attempt to invoke virtual method 'java.lang.String android.provider.MiuiSettings$SettingsCloudData$CloudData.getString(java.lang.String, java.lang.String)' on a null object reference
02-01 16:16:35.516  3229  3922 D BarFollowAnimation: pairAppearanceRegionAndWin win=Window{d27e15a u0 com.miui.home/com.miui.home.launcher.Launcher} 0
02-01 16:16:35.516  3229  3922 D BarFollowAnimation: isAppTaskBarOnTop win:Window{d27e15a u0 com.miui.home/com.miui.home.launcher.Launcher} (mCurrentTopTask:Task{a33419d #1332 type=standard A=10458:com.myshop.cafe} : true); (mAssociatedTask:Task{dbf14a3 #1274 type=standard A=10326:org.telegram.messenger} : false); (mHomeTask:Task{8549e9a #882 type=home} : true); mReparentToOriginParent:false mLastAppBarVisible:false mLastHomeBarVisible:true
02-01 16:16:35.516  3229  3922 D MiuiRefreshRatePolicy: reset
02-01 16:16:35.517  3229  4283 D ExternalInterface: setUidState, uid = 10215 allow = false
02-01 16:16:35.517  3229  3922 D WindowManager: isSyncFinished true. ar: ActivityRecord{127032870 u0 com.myshop.cafe/.MainActivity t1332}
02-01 16:16:35.517  3229  3922 D WindowManager: isSyncFinished true. ar: ActivityRecord{127032870 u0 com.myshop.cafe/.MainActivity t1332}
02-01 16:16:35.517  3229  3922 I AnimInterruptController: FIS reset Foresee interrupt status
02-01 16:16:35.517  3229  3922 D PreStartingManager: showPreStarting, colorSurfaceControl: Surface(name=PreColorStarting#249214)/@0xd2d10f6  preSurfaceControl: null
02-01 16:16:35.517  3229  3922 I SmartPower: com.myshop.cafe/10458(20319): died->visible(168795ms) R(become visible) adj=-10000.
02-01 16:16:35.517  3229  3922 D BarFollowAnimation: onTaskInfoChanedForCaptionBar Task{a33419d #1332 type=standard A=10458:com.myshop.cafe} shouldbeVisible:true isVisible:true windowMode:1 mCaptionAssociatedTask:null mIsTouchedInCaption:false
