02-01 16:13:45.942  2045  4645 D MI-SF   : updateScene: module = 268 (Animation), value = 1, pkg = perf_interaction, Vrr = 1, mSetTpIdleFlag = 0
02-01 16:13:45.942  2045  4645 D MI-SF   : isIdleTimerSkip is 1,mSetIdleForceFlag = 0
02-01 16:13:45.942  2045  4645 D MI-SF   : updateScene mSetAnimationFlag status 1, vsync 120
02-01 16:13:45.942 29310 20529 I SettingsFeatures: isSupportSettingsHaptic: true
02-01 16:13:45.943  2045  2045 I BpBinder: onLastStrongRef automatically unlinking death recipients: 
02-01 16:13:45.943  3229  4658 I ATMSImpl: cacheTasksForDefaultDisplay size=6 topId=1328
02-01 16:13:45.943 29310 20529 I SettingsFeatures: isSupportSettingsHaptic: true
02-01 16:13:45.943  3229  4658 D As.ActivityMmReduceLoadHelper: onMultiScreenChanged is not change, Done, isMultiScreen: false
02-01 16:13:45.943  3229  4658 I As.ActivityMmReduceLoadHelper: updateMultiScreenState, splitScreenMode: false isSmallScreen: false
02-01 16:13:45.943  3229  3922 I DataHub : unregisterUIAgentListener packageName: com.android.settings~1000
02-01 16:13:45.943  3229  3922 I RemoteCallbackList: unregister success, remove callback for com.android.settings~1000
02-01 16:13:45.943 29310 20529 I SettingsFeatures: isSupportSettingsHaptic: true
02-01 16:13:45.944  3229  4658 D BarFollowAnimation: pairAppearanceRegionAndWin win=Window{63df4ff u0 com.android.settings/com.android.settings.MainSettings} 0
02-01 16:13:45.944  1817 30472 I SDM     : CWB config passed by cwb_client : tappoint 1  CWB_ROI : (686.000000 -1.000000 837.000000 240.000000) for display-0
02-01 16:13:45.944  3229  4658 D BarFollowAnimation: isAppTaskBarOnTop win:Window{63df4ff u0 com.android.settings/com.android.settings.MainSettings} (mCurrentTopTask:Task{5bbe998 #1328 type=standard A=10458:com.myshop.cafe} : true); (mAssociatedTask:Task{e2d8077 #1322 type=standard A=1000:com.android.settings.root} : true); (mHomeTask:Task{8549e9a #882 type=home} : false); mReparentToOriginParent:false mLastAppBarVisible:true mLastHomeBarVisible:false
02-01 16:13:45.944 29310 20529 I SettingsFeatures: isSupportSettingsHaptic: true
02-01 16:13:45.944  3229  4658 D BarFollowAnimation: updateSystemBarAttributes index=0 statusId=0 key=1
02-01 16:13:45.944  3229  4658 D MiuiRefreshRatePolicy: reset
02-01 16:13:45.944 29310 20529 I SettingsFeatures: isSupportSettingsHaptic: true
02-01 16:13:45.944 29310 20529 I SettingsFeatures: isSupportSettingsHaptic: true
02-01 16:13:45.944  3229  4658 D WindowManager: isSyncFinished true. ar: ActivityRecord{59773706 u0 com.myshop.cafe/.MainActivity t1328}
02-01 16:13:45.944  3229  4658 D WindowManager: isSyncFinished true. ar: ActivityRecord{59773706 u0 com.myshop.cafe/.MainActivity t1328}
02-01 16:13:45.944  3229  4658 I AnimInterruptController: FIS reset Foresee interrupt status
02-01 16:13:45.944  3229  4658 D PreStartingManager: showPreStarting, colorSurfaceControl: Surface(name=PreColorStarting#248946)/@0xc8d3af3  preSurfaceControl: null
02-01 16:13:45.944  3229  4658 I SmartPower: com.myshop.cafe/10458(12431): died->visible(176298ms) R(become visible) adj=-10000.
02-01 16:13:45.944  3229  4658 D BarFollowAnimation: onTaskInfoChanedForCaptionBar Task{5bbe998 #1328 type=standard A=10458:com.myshop.cafe} shouldbeVisible:true isVisible:true windowMode:1 mCaptionAssociatedTask:null mIsTouchedInCaption:false
02-01 16:13:45.945  3229  4658 D BarFollowAnimation: onTaskAppearedForCaptionBar Task{5bbe998 #1328 type=standard A=10458:com.myshop.cafe}
02-01 16:13:45.945  3229  4658 D miuiBarFollowAnimation:  BarFollowAnimation core services Flag is effective！
02-01 16:13:45.945  3229  4658 D miuiElementAnimation:  ElementAnimation core services Flag is effective！
02-01 16:13:45.945  3229  4658 I Transition: calculateTargets isHomeOpen = false, isHomeLaunchApp = true
02-01 16:13:45.945 29310 20529 I SettingsFeatures: isSupportSettingsHaptic: true
02-01 16:13:45.945  3229  4658 D TransitionImpl: forceAddToTransition
02-01 16:13:45.945  3229  4658 D TransitionImpl: forceAddToTransition
02-01 16:13:45.945  3229  4658 D WindowManager: Final targets: [ChangeInfo{85a07e5 container=Task{5bbe998 #1328 type=standard A=10458:com.myshop.cafe} flags=0x10}, ChangeInfo{3a83d61 container=Task{e2d8077 #1322 type=standard A=1000:com.android.settings.root} flags=0x10}]
02-01 16:13:45.945 29310 20529 I SettingsFeatures: isSupportSettingsHaptic: true
02-01 16:13:45.945  3229  4003 D PreStartingManager: The real or pre StartingWindow has been displayed. pkg: com.myshop.cafe
02-01 16:13:45.946  3229  4658 I DynamicIslandService: elementSurfaceTransition is null for:com.android.settings
02-01 16:13:45.946 29310 20529 I SettingsFeatures: isSupportSettingsHaptic: true
02-01 16:13:45.946 29310 20529 I SettingsFeatures: isSupportSettingsHaptic: true
02-01 16:13:45.946 29310 20529 I SettingsFeatures: isSupportSettingsHaptic: true
02-01 16:13:45.946  3229  4658 D WindowManager: Calling onTransitionReady info={id=9357 t=OPEN f=0x0 trk=0 r=[0@Point(0, 0)] c=[{WCT{RemoteToken{94a4e9d Task{5bbe998 #1328 type=standard A=10458:com.myshop.cafe}}} m=OPEN f=NONE leash=Surface(name=Task=1328#248942)/@0xde1577b sb=Rect(0, 0 - 1280, 2772) eb=Rect(0, 0 - 1280, 2772) epz=Point(1280, 2772) d=0 taskParent=-1 v=trueMiuiChangeImpl {miuiEmbedding:false, scale:1.0}},{WCT{RemoteToken{e7c4eb9 Task{e2d8077 #1322 type=standard A=1000:com.android.settings.root}}} m=TO_BACK f=NONE leash=Surface(name=Task=1322#248317)/@0x1579276 sb=Rect(0, 0 - 1280, 2772) eb=Rect(0, 0 - 1280, 2772) epz=Point(1280, 2772) d=0 taskParent=-1 v=falseMiuiChangeImpl {miuiEmbedding:false, scale:1.0}}] mk=[false] noAni=[false] df=[false] rsa=[false] oa=[false] nc=[0] ho=[false] hla=[true] iSync=[-1]}, mToken=Token{3057f12 TransitionRecord{4035775 id=9357 type=OPEN flags=0x0 c=[
02-01 16:13:45.946  3229  4658 D WindowManager:    ChangeInfo{ffac6e3 container=ActivityRecord{45924625 u0 com.android.settings/.MainSettings t1322} flags=0x0}
02-01 16:13:45.946  3229  4658 D WindowManager:    ChangeInfo{7b8fadc container=ActivityRecord{59773706 u0 com.myshop.cafe/.MainActivity t1328} flags=0x0}
02-01 16:13:45.946  3229  4658 D WindowManager:    ChangeInfo{85a07e5 container=Task{5bbe998 #1328 type=standard A=10458:com.myshop.cafe} flags=0x10}
02-01 16:13:45.946  3229  4658 D WindowManager:    ChangeInfo{cdb52ba container=Display{#0 state=ON size=1280x2772 ROTATION_0} flags=0x0}
02-01 16:13:45.946  3229  4658 D WindowManager:    ChangeInfo{273156b container=DefaultTaskDisplayArea@200565417 flags=0x0}
02-01 16:13:45.946  3229  4658 D WindowManager:    ChangeInfo{3a83d61 container=Task{e2d8077 #1322 type=standard A=1000:com.android.settings.root} flags=0x10}
02-01 16:13:45.946  3229  4658 D WindowManager: ]
02-01 16:13:45.946  3229  4658 D WindowManager: }}
02-01 16:13:45.946  3229  4562 D BarFollowAnimation: disableBarAnimation change={WCT{RemoteToken{94a4e9d Task{5bbe998 #1328 type=standard A=10458:com.myshop.cafe}}} m=OPEN f=NONE leash=Surface(name=Task=1328#248942)/@0xde1577b sb=Rect(0, 0 - 1280, 2772) eb=Rect(0, 0 - 1280, 2772) epz=Point(1280, 2772) d=0 taskParent=-1 v=trueMiuiChangeImpl {miuiEmbedding:false, scale:1.0}} 1 1
02-01 16:13:45.947  3229  4562 D BarFollowAnimation: disableBarAnimation change={WCT{RemoteToken{e7c4eb9 Task{e2d8077 #1322 type=standard A=1000:com.android.settings.root}}} m=TO_BACK f=NONE leash=Surface(name=Task=1322#248317)/@0x1579276 sb=Rect(0, 0 - 1280, 2772) eb=Rect(0, 0 - 1280, 2772) epz=Point(1280, 2772) d=0 taskParent=-1 v=falseMiuiChangeImpl {miuiEmbedding:false, scale:1.0}} 1 1
02-01 16:13:45.947  3229  4562 D BarFollowAnimation: startStatusBarAnimation change= {WCT{RemoteToken{94a4e9d Task{5bbe998 #1328 type=standard A=10458:com.myshop.cafe}}} m=OPEN f=NONE leash=Surface(name=Task=1328#248942)/@0xde1577b sb=Rect(0, 0 - 1280, 2772) eb=Rect(0, 0 - 1280, 2772) epz=Point(1280, 2772) d=0 taskParent=-1 v=trueMiuiChangeImpl {miuiEmbedding:false, scale:1.0}} isRecent=false startWindowMode=1 endWindowMode=1 statusState=-1 isRotationAnimation=false
02-01 16:13:45.947  3229  4562 D BarFollowAnimation: startStatusBarAnimation change= {WCT{RemoteToken{e7c4eb9 Task{e2d8077 #1322 type=standard A=1000:com.android.settings.root}}} m=TO_BACK f=NONE leash=Surface(name=Task=1322#248317)/@0x1579276 sb=Rect(0, 0 - 1280, 2772) eb=Rect(0, 0 - 1280, 2772) epz=Point(1280, 2772) d=0 taskParent=-1 v=falseMiuiChangeImpl {miuiEmbedding:false, scale:1.0}} isRecent=false startWindowMode=1 endWindowMode=1 statusState=-1 isRotationAnimation=false
02-01 16:13:45.947 29310 20529 I SettingsFeatures: isSupportSettingsHaptic: true
02-01 16:13:45.947  3229  4562 D BarFollowAnimation: startStatusBarAnimation task=Task{5bbe998 #1328 type=standard A=10458:com.myshop.cafe}
02-01 16:13:45.947  3229  4562 D BarFollowAnimation: startStatusBarAnimation mAppSurface=Surface(name=StatusBar Container of Task = 1328#248944)/@0xaa455d6
02-01 16:13:45.947  3229  4562 D BarFollowAnimation: bindAssociatedTask task=Task{5bbe998 #1328 type=standard A=10458:com.myshop.cafe}
02-01 16:13:45.947  3229  4562 D BarFollowAnimation: bindAssociatedTask task=Task{5bbe998 #1328 type=standard A=10458:com.myshop.cafe}
02-01 16:13:45.947  3229  4658 E WindowManager:  source = Task{e2d8077 #1322 type=standard A=1000:com.android.settings.root} excludeMiuiNavBar = true excludeMiuiStatusBar = true excludeIme = false excludeNavBar = true miuiNavSurfaceControl = Surface(name=NavigationBar Container of Task = 1322#248318)/@0x98e24e4 miuiStatusSurfaceControl = Surface(name=StatusBar Container of Task = 1322#248319)/@0xd1b5d4d
02-01 16:13:45.947  3229  4658 D ScreenCapture: SF-MICapture: captureLayers sourceCrop: Rect(0, 0 - 1280, 2772)
02-01 16:13:45.947 29310 20529 I SettingsFeatures: isSupportSettingsHaptic: true
02-01 16:13:45.947  2045  2045 I SurfaceFlinger: SF-MICapture: mode:0, layerNames:(no_layer_names), blurRadius:0, scale:(1.000000,1.000000), blends:(no_color_mode)
02-01 16:13:45.947  5169  6809 V WindowManagerShell: onTransitionReady(transaction=13868451577514)
02-01 16:13:45.947 29310 20529 I SettingsFeatures: isSupportSettingsHaptic: true
02-01 16:13:45.948  3229  4562 D BarFollowAnimation: startNavBarAnimation show  homeTypeCount = 0 standardTypeCount = 2 mAppSurface = Surface(name=NavigationBar Container of Task = 1328#248943)/@0x5bef5f1
02-01 16:13:45.948 29310 20529 I SettingsFeatures: isSupportSettingsHaptic: true
02-01 16:13:45.948  3229  4562 D BarFollowAnimation: startNavBarAnimation show  homeTypeCount = 0 standardTypeCount = 2 mAppSurface = Surface(name=NavigationBar Container of Task = 1328#248943)/@0x5bef5f1
02-01 16:13:45.948  3229  4562 D BarFollowAnimation:  navBarVisible source = InsetsSource: {9b140001 mType=navigationBars mFrame=[0,2720][1280,2772] mVisible=true mFlags=SUPPRESS_SCRIM mSideHint=BOTTOM mBoundingRects=null}
02-01 16:13:45.948  5169  5443 V WindowManagerShell: onTransitionReady (#9357) android.os.BinderProxy@6511552: {id=9357 t=OPEN f=0x0 trk=0 r=[0@Point(0, 0)] c=[
02-01 16:13:45.948  5169  5443 V WindowManagerShell:         {m=OPEN f=NONE leash=Surface(name=Task=1328#248942)/@0xa20df79 sb=Rect(0, 0 - 1280, 2772) eb=Rect(0, 0 - 1280, 2772) epz=Point(1280, 2772) d=0 taskParent=-1 v=trueMiuiChangeImpl {miuiEmbedding:false, scale:1.0}},
02-01 16:13:45.948  5169  5443 V WindowManagerShell:         {m=TO_BACK f=NONE leash=Surface(name=Task=1322#248317)/@0x274046c sb=Rect(0, 0 - 1280, 2772) eb=Rect(0, 0 - 1280, 2772) epz=Point(1280, 2772) d=0 taskParent=-1 v=falseMiuiChangeImpl {miuiEmbedding:false, scale:1.0}}] mk=[false] noAni=[false] df=[false] rsa=[false] oa=[false] nc=[0] ho=[false] hla=[true] iSync=[-1
02-01 16:13:45.948  5169  5443 V WindowManagerShell:     ]}
02-01 16:13:45.948 29310 20529 I SettingsFeatures: isSupportSettingsHaptic: true
02-01 16:13:45.948  3229  4562 D BarFollowAnimation: startNavBarAnimation  mIsFromApp = true mLastTransitionFinished = true mIsFromRecents = false isAppCrash = false isLandscapeActivity = false mHasHideAppSurface = false mNavBarState = -1
02-01 16:13:45.948 26782 15447 I IPCThreadState: oneway function results for code 5 on binder at 0xb40000733f920fc0 will be dropped but finished with status UNKNOWN_TRANSACTION
02-01 16:13:45.948  2045  2045 I SurfaceFlinger: SF-MICapture: mode:0, layerName:com.android.settings/com.android.settings.MainSettings#248910
02-01 16:13:45.948  5169  5443 D MultiTaskingTaskRepository: addOrMoveFullscreenTaskToTop::taskId = 1328
02-01 16:13:45.948  5169  5443 D MiuiMultiWindowUtils: supportMultiWindow: isSupportDevice = -1
02-01 16:13:45.948  5169  5443 D MiuiMultiWindowUtils: supportMultiWindow: isSupportDevice = -1
02-01 16:13:45.948  5169  5443 D MiuiMultiWindowRecommendHelper: device not support split screen recommend
02-01 16:13:45.948  5169  5443 D MultiTaskingTaskRepository: putOrUpdateTaskInfo::taskInfo.taskId = 1328 current mMultiTaskingTaskInfoList:  ,1322 ,1306 ,1296 ,1274 ,5 ,4
02-01 16:13:45.948  5169  5443 D MultiTaskingTaskRepository: java.lang.Throwable
02-01 16:13:45.948  5169  5443 D MultiTaskingTaskRepository: 	at com.android.wm.shell.multitasking.common.taskmanager.MultiTaskingTaskRepository.updateMultiTaskingTaskInfo(go/retraceme a76872c0cca63111507a066b717e45e36bf3721782c020a9ee74ad218a8186ed:71)
02-01 16:13:45.948  5169  5443 D MultiTaskingTaskRepository: 	at com.android.wm.shell.multitasking.common.taskmanager.MultiTaskingTaskRepository.putOrUpdateTaskInfo(go/retraceme a76872c0cca63111507a066b717e45e36bf3721782c020a9ee74ad218a8186ed:40)
02-01 16:13:45.948  5169  5443 D MultiTaskingTaskRepository: 	at com.android.wm.shell.multitasking.common.taskmanager.MultiTaskingTaskRepository.onOpenTransitionReady(go/retraceme a76872c0cca63111507a066b717e45e36bf3721782c020a9ee74ad218a8186ed:2)
02-01 16:13:45.948  5169  5443 D MultiTaskingTaskRepository: 	at com.android.wm.shell.multitasking.common.taskmanager.MultiTaskingTransitionObserver.onOpenTransitionReady(go/retraceme a76872c0cca63111507a066b717e45e36bf3721782c020a9ee74ad218a8186ed:11)
02-01 16:13:45.948  5169  5443 D MultiTaskingTaskRepository: 	at com.android.wm.shell.multitasking.common.taskmanager.MultiTaskingTransitionObserver.onTransitionReady(go/retraceme a76872c0cca63111507a066b717e45e36bf3721782c020a9ee74ad218a8186ed:58)
02-01 16:13:45.948  5169  5443 D MultiTaskingTaskRepository: 	at com.android.wm.shell.transition.Transitions.dispatchReady(go/retraceme a76872c0cca63111507a066b717e45e36bf3721782c020a9ee74ad218a8186ed:237)
02-01 16:13:45.948  5169  5443 D MultiTaskingTaskRepository: 	at com.android.wm.shell.transition.Transitions.onTransitionReady(go/retraceme a76872c0cca63111507a066b717e45e36bf3721782c020a9ee74ad218a8186ed:269)
02-01 16:13:45.948  5169  5443 D MultiTaskingTaskRepository: 	at com.android.wm.shell.transition.Transitions$TransitionPlayerImpl$$ExternalSyntheticLambda1.run(go/retraceme a76872c0cca63111507a066b717e45e36bf3721782c020a9ee74ad218a8186ed:48)
02-01 16:13:45.948  5169  5443 D MultiTaskingTaskRepository: 	at android.os.Handler.handleCallback(Handler.java:995)
02-01 16:13:45.948  5169  5443 D MultiTaskingTaskRepository: 	at android.os.Handler.dispatchMessage(Handler.java:103)
02-01 16:13:45.948  5169  5443 D MultiTaskingTaskRepository: 	at android.os.Looper.loopOnce(Looper.java:265)
02-01 16:13:45.948  5169  5443 D MultiTaskingTaskRepository: 	at android.os.Looper.loop(Looper.java:358)
02-01 16:13:45.948  5169  5443 D MultiTaskingTaskRepository: 	at android.os.HandlerThread.run(HandlerThread.java:85)
02-01 16:13:45.948  5169  5443 I MultiTaskingTaskInfo: MultiTaskingBaseTaskInfo::MultiTaskingBaseTaskInfo::mTaskBounds = Rect(0, 0 - 1280, 2772), mTaskId = 1328
02-01 16:13:45.948  1814  1875 I SnapAlloc: Using graphics libs for alignment calculations
02-01 16:13:45.949 29310 20529 D SettingsFeatures: is_show_camera_grip: usb 0 bluetooth 0
02-01 16:13:45.949  5169  5543 I MultiTaskingCoverLayerController: create cover layer, tag = 1328
02-01 16:13:45.949  5169  5443 D MultiTaskingAnimTarget: setAnimParam bounds: Rect(0, 0 - 1280, 2772) scaleX: 1.0 scaleY: 1.0
02-01 16:13:45.949  5169  5443 D MultiTaskingAnimTarget: java.lang.Throwable
02-01 16:13:45.949  5169  5443 D MultiTaskingAnimTarget: 	at com.android.wm.shell.multitasking.common.animation.MultiTaskingAnimTarget.setAnimParam(go/retraceme a76872c0cca63111507a066b717e45e36bf3721782c020a9ee74ad218a8186ed:35)
02-01 16:13:45.949  5169  5443 D MultiTaskingAnimTarget: 	at com.android.wm.shell.multitasking.common.animation.MultiTaskingFolmeControl.updateBaseAnimParam(go/retraceme a76872c0cca63111507a066b717e45e36bf3721782c020a9ee74ad218a8186ed:15)
02-01 16:13:45.949  5169  5443 D MultiTaskingAnimTarget: 	at com.android.wm.shell.multitasking.common.taskmanager.MultiTaskingTaskInfo.<init>(go/retraceme a76872c0cca63111507a066b717e45e36bf3721782c020a9ee74ad218a8186ed:35)
02-01 16:13:45.949  5169  5443 D MultiTaskingAnimTarget: 	at com.android.wm.shell.multitasking.common.taskmanager.MultiTaskingTaskRepository.updateMultiTaskingTaskInfo(go/retraceme a76872c0cca63111507a066b717e45e36bf3721782c020a9ee74ad218a8186ed:102)
02-01 16:13:45.949  5169  5443 D MultiTaskingAnimTarget: 	at com.android.wm.shell.multitasking.common.taskmanager.MultiTaskingTaskRepository.putOrUpdateTaskInfo(go/retraceme a76872c0cca63111507a066b717e45e36bf3721782c020a9ee74ad218a8186ed:40)
02-01 16:13:45.949  5169  5443 D MultiTaskingAnimTarget: 	at com.android.wm.shell.multitasking.common.taskmanager.MultiTaskingTaskRepository.onOpenTransitionReady(go/retraceme a76872c0cca63111507a066b717e45e36bf3721782c020a9ee74ad218a8186ed:2)
02-01 16:13:45.949  5169  5443 D MultiTaskingAnimTarget: 	at com.android.wm.shell.multitasking.common.taskmanager.MultiTaskingTransitionObserver.onOpenTransitionReady(go/retraceme a76872c0cca63111507a066b717e45e36bf3721782c020a9ee74ad218a8186ed:11)
02-01 16:13:45.949  5169  5443 D MultiTaskingAnimTarget: 	at com.android.wm.shell.multitasking.common.taskmanager.MultiTaskingTransitionObserver.onTransitionReady(go/retraceme a76872c0cca63111507a066b717e45e36bf3721782c020a9ee74ad218a8186ed:58)
02-01 16:13:45.949  5169  5443 D MultiTaskingAnimTarget: 	at com.android.wm.shell.transition.Transitions.dispatchReady(go/retraceme a76872c0cca63111507a066b717e45e36bf3721782c020a9ee74ad218a8186ed:237)
02-01 16:13:45.949  5169  5443 D MultiTaskingAnimTarget: 	at com.android.wm.shell.transition.Transitions.onTransitionReady(go/retraceme a76872c0cca63111507a066b717e45e36bf3721782c020a9ee74ad218a8186ed:269)
02-01 16:13:45.949  5169  5443 D MultiTaskingAnimTarget: 	at com.android.wm.shell.transition.Transitions$TransitionPlayerImpl$$ExternalSyntheticLambda1.run(go/retraceme a76872c0cca63111507a066b717e45e36bf3721782c020a9ee74ad218a8186ed:48)
02-01 16:13:45.949  5169  5443 D MultiTaskingAnimTarget: 	at android.os.Handler.handleCallback(Handler.java:995)
02-01 16:13:45.949  5169  5443 D MultiTaskingAnimTarget: 	at android.os.Handler.dispatchMessage(Handler.java:103)
02-01 16:13:45.949  5169  5443 D MultiTaskingAnimTarget: 	at android.os.Looper.loopOnce(Looper.java:265)
02-01 16:13:45.949  5169  5443 D MultiTaskingAnimTarget: 	at android.os.Looper.loop(Looper.java:358)
02-01 16:13:45.949  5169  5443 D MultiTaskingAnimTarget: 	at android.os.HandlerThread.run(HandlerThread.java:85)
02-01 16:13:45.949  5169  5443 D MultiTaskingFolmeControl: updateBaseAnimParam taskId = 1328 taskBounds : Rect(0, 0 - 1280, 2772)
02-01 16:13:45.949  5169  5443 D MulWinSwitchDecorViewModel: createWindowDecoration: taskId=1328, isHome=false, windowingMode=1, mWindowDecorByTaskId.size()=6, callers=com.android.wm.shell.multitasking.miuimultiwinswitch.miuiwindowdecor.MulWinSwitchDecorViewModel.onTaskOpening:7 com.android.wm.shell.freeform.FreeformTaskTransitionObserver.onTransitionReady:262 com.android.wm.shell.transition.Transitions.dispatchReady:237 com.android.wm.shell.transition.Transitions.onTransitionReady:269 com.android.wm.shell.transition.Transitions$TransitionPlayerImpl$$ExternalSyntheticLambda1.run:48 
02-01 16:13:45.949  5169  5443 D MiuiDecorationController: relayout::taskId=1328, visible=true, bounds=Rect(0, 0 - 1280, 2772), focused=false, oldImmersive=false, newImmersive=false, windowMode=1, activityType=1, displayId=0, baseActivity=ComponentInfo{com.myshop.cafe/com.myshop.cafe.MainActivity}, topActivity=ComponentInfo{com.myshop.cafe/com.myshop.cafe.MainActivity}, callers=com.android.wm.shell.multitasking.miuimultiwinswitch.miuiwindowdecor.MulWinSwitchDecorViewModel.createWindowDecoration:317 com.android.wm.shell.multitasking.miuimultiwinswitch.miuiwindowdecor.MulWinSwitchDecorViewModel.onTaskOpening:7 com.android.wm.shell.freeform.FreeformTaskTransitionObserver.onTransitionReady:262 com.android.wm.shell.transition.Transitions.dispatchReady:237 com.android.wm.shell.transition.Transitions.onTransitionReady:269 
02-01 16:13:45.949 29310 20529 D MiuiFaceManager: inernational:false supportR:[CN] nowR:CN
02-01 16:13:45.949 29310 20529 D MiuiFaceManager: inernational:false supportR:[CN] nowR:CN
02-01 16:13:45.949  5169  5443 D MiuiDecorationDot: needTopCaption: isFullscreen = true isPadDevice = false isFoldInnerScreen = false canShowCaptionWhenCasting = false
02-01 16:13:45.950  5169  5443 D MiuiDecorationDot: releaseViews_TopCaption: taskId=1328
02-01 16:13:45.950  5169  5443 D MiuiDecorationDot: releaseViews_TopCaption: taskId=1328
02-01 16:13:45.950 29310 20529 D MiuiFaceManager: inernational:false supportR:[CN] nowR:CN
02-01 16:13:45.950  5169  5443 D MiuiDecorationBottom: updateRootView_BottomCaption: taskId = 1328 needBottomCaption = true bottomCaptionView = java.lang.Object@439dd70
02-01 16:13:45.950  5169  5443 D MiuiDecorationBottom: updateViews_BottomCaption: taskId=1328 scale=1.0 outResult = RelayoutResult{mRoot=java.lang.Object@439dd70, mCaptionX=416, mCaptionY=2739, mCaptionWidth=448.0, mCaptionHeight=52.0}
02-01 16:13:45.950  5169  5443 D MiuiDecorationBottom: updateViews_BottomCaption: taskId=1328 setParent mNavBarParent=Surface(name=NavigationBar Container of Task = 1328#248943)/@0xe58891f
02-01 16:13:45.950  5169  5443 D MiuiDecorationBase: updateSampling_BottomCaption: taskId = 1328 scale = 1.0 mTaskBounds = Rect(0, 0 - 1280, 2772) mCaptionVisibility = true isRunningAnim = false isDraggingRecent = false isFreeformElude = false isDecorationShowing = true shouldEnableSampling = true
02-01 16:13:45.950  5169  5443 D MiuiDecorationBase: updateSampling_BottomCaption: samplingRect = Rect(416, 2739 - 864, 2752)
02-01 16:13:45.950 29310 20529 D MiuiFaceManager: inernational:false supportR:[CN] nowR:CN
02-01 16:13:45.950  5169  5443 D MiuiDecorationBase: updateVisibility_BottomCaption: taskId=1328, isRotationAnimationRunning=false, mCaptionVisible=true, isCaptionVisible=true
02-01 16:13:45.950  5169  5443 D MiuiDecorationMoveHelper: BottomCaption tag = RESET, taskId=1328, posY=2739
02-01 16:13:45.950 29310 20529 D MiuiFaceManager: inernational:false supportR:[CN] nowR:CN
02-01 16:13:45.951  5169  5566 I MiuiDecorationRootViewHost: surfaceControl is null
02-01 16:13:45.951  5169  5443 D MiuiDecorationMoveHelper: periodicallyMoveUpFirst mTaskId=1328, windowingMode=1, caller=relayout
02-01 16:13:45.951  2045  4645 E HwcComposer: getLuts failed Status(-129, EX_TRANSACTION_FAILED): 'UNKNOWN_TRANSACTION: '
02-01 16:13:45.951  5169  5443 D MulWinSwitchDecorViewModel: onTaskChanging taskId:1322 decoration = com.android.wm.shell.multitasking.miuimultiwinswitch.miuiwindowdecor.decoration.MiuiDecorationController@14ba79a
02-01 16:13:45.951  5169  5443 D MiuiDecorationController: relayout:: taskId=1322 mRunningTaskInfo.mStatusBarParent=Surface(name=StatusBar Container of Task = 1322#248319)/@0x802168e taskInfo.mStatusBarParent=Surface(name=StatusBar Container of Task = 1322#248319)/@0xc46fa35
02-01 16:13:45.951 29310 20529 D MiuiFaceManager: inernational:false supportR:[CN] nowR:CN
02-01 16:13:45.951  5169  5443 D MiuiDecorationController: relayout:: taskId=1322 mRunningTaskInfo.mNavBarParent=Surface(name=NavigationBar Container of Task = 1322#248318)/@0xb970eaf taskInfo.mNavBarParent=Surface(name=NavigationBar Container of Task = 1322#248318)/@0x472deca
02-01 16:13:45.951  5169  5443 D MiuiDecorationController: relayout::taskId=1322, visible=true, bounds=Rect(0, 0 - 1280, 2772), focused=true, oldImmersive=false, newImmersive=false, windowMode=1, activityType=1, displayId=0, baseActivity=ComponentInfo{com.android.settings/com.android.settings.MiuiSettings}, topActivity=ComponentInfo{com.android.settings/com.android.settings.MiuiSettings}, callers=com.android.wm.shell.multitasking.miuimultiwinswitch.miuiwindowdecor.MulWinSwitchDecorViewModel.onTaskChanging:110 com.android.wm.shell.freeform.FreeformTaskTransitionObserver.onTransitionReady:187 com.android.wm.shell.transition.Transitions.dispatchReady:237 com.android.wm.shell.transition.Transitions.onTransitionReady:269 com.android.wm.shell.transition.Transitions$TransitionPlayerImpl$$ExternalSyntheticLambda1.run:48 
02-01 16:13:45.951 29310 20529 D MiuiFaceManager: inernational:false supportR:[CN] nowR:CN
02-01 16:13:45.952  5169  5443 D MiuiDecorationDot: needTopCaption: isFullscreen = true isPadDevice = false isFoldInnerScreen = false canShowCaptionWhenCasting = false
02-01 16:13:45.952 29310 20529 D MiuiFaceManager: inernational:false supportR:[CN] nowR:CN
02-01 16:13:45.952  5169  5443 D MiuiDecorationDot: releaseViews_TopCaption: taskId=1322
02-01 16:13:45.952  5169  5443 D MiuiDecorationDot: releaseViews_TopCaption: taskId=1322
02-01 16:13:45.952  5169  5443 D MiuiDecorationBottom: updateRootView_BottomCaption: taskId = 1322 needBottomCaption = true bottomCaptionView = java.lang.Object@5dbcf6b
02-01 16:13:45.952  5169  5443 D MiuiDecorationBottom: updateViews_BottomCaption: taskId=1322 scale=1.0 outResult = RelayoutResult{mRoot=java.lang.Object@5dbcf6b, mCaptionX=416, mCaptionY=2739, mCaptionWidth=448.0, mCaptionHeight=52.0}
02-01 16:13:45.952 29310 20529 D MiuiFaceManager: inernational:false supportR:[CN] nowR:CN
02-01 16:13:45.952  5169  5443 D MiuiDecorationBase: updateSampling_BottomCaption: taskId = 1322 scale = 1.0 mTaskBounds = Rect(0, 0 - 1280, 2772) mCaptionVisibility = true isRunningAnim = false isDraggingRecent = false isFreeformElude = false isDecorationShowing = true shouldEnableSampling = true
02-01 16:13:45.952  5169  5443 D MiuiDecorationBase: updateSampling_BottomCaption: samplingRect = Rect(416, 2739 - 864, 2752)
02-01 16:13:45.952  5169  5443 D MiuiDecorationBase: updateVisibility_BottomCaption: taskId=1322, isRotationAnimationRunning=false, mCaptionVisible=true, isCaptionVisible=true
02-01 16:13:45.952  5169  5443 D MiuiDecorationMoveHelper: periodicallyMoveUpFirst mTaskId=1322, windowingMode=1, caller=relayout
02-01 16:13:45.952 29310 20529 D MiuiFaceManager: inernational:false supportR:[CN] nowR:CN
02-01 16:13:45.952 29310 20529 D MiuiFaceManager: inernational:false supportR:[CN] nowR:CN
02-01 16:13:45.952  5169  5443 V WindowManagerShell: Playing animation for (#9357) android.os.BinderProxy@6511552@0
02-01 16:13:45.952  5169  5443 I ShellTransitions: Is abandon offsetY: false
02-01 16:13:45.952  5169  5443 I ShellTransitions: Is abandon offsetY: false
02-01 16:13:45.952  5169  5443 V ShellRecents: RecentsTransitionHandler.startAnimation: no controller found
02-01 16:13:45.952  5169  5443 D SoScStageCoordinator: inCloseTransition:false inSoScUnactivie:true mDeferUpdateSoScStateCount:0
02-01 16:13:45.952  5169  5443 D MultiTaskingTransitionHandler: startAnimation try handler: com.android.wm.shell.multitasking.miuifreeform.MiuiFreeformModeAnimation@928c307
02-01 16:13:45.952  5169  5443 D MultiTaskingTransitionHandler: startAnimation try handler: com.android.wm.shell.multitasking.miuimultiwinswitch.MulWinSwitchTransition@49e5c10
02-01 16:13:45.952  5169  5443 W MulWinSwitchTransition: startAnimation::receive an unknown transition:: token = android.os.BinderProxy@6511552 type = 1
02-01 16:13:45.952  5169  5443 D MultiTaskingTransitionHandler: startAnimation no handler
02-01 16:13:45.952  5169  5443 V WindowManagerShell: Transition doesn't have explicit remote, search filters for match for {id=9357 t=OPEN f=0x0 trk=0 r=[0@Point(0, 0)] c=[{m=OPEN f=NONE leash=Surface(name=Task=1328#248942)/@0xa20df79 sb=Rect(0, 0 - 1280, 2772) eb=Rect(0, 0 - 1280, 2772) epz=Point(1280, 2772) d=0 taskParent=-1 v=trueMiuiChangeImpl {miuiEmbedding:false, scale:1.0}},{m=TO_BACK f=NONE leash=Surface(name=Task=1322#248317)/@0x274046c sb=Rect(0, 0 - 1280, 2772) eb=Rect(0, 0 - 1280, 2772) epz=Point(1280, 2772) d=0 taskParent=-1 v=falseMiuiChangeImpl {miuiEmbedding:false, scale:1.0}}] mk=[false] noAni=[false] df=[false] rsa=[false] oa=[false] nc=[0] ho=[false] hla=[true] iSync=[-1]}
02-01 16:13:45.953 29310 20529 D MiuiFaceManager: inernational:false supportR:[CN] nowR:CN
02-01 16:13:45.953  5169  5443 V WindowManagerShell:  Checking filter Pair{{types=[] flags=0x0] notFlags=0xb900 checks=[{atype=standard independent=true modes=[OPEN,TO_FRONT] flags=NONE mustBeTask=false order=ANY topActivity=null launchCookie=null customAnim=false windowingMode=undefined},{atype=home independent=true modes=[CLOSE,TO_BACK] flags=NONE mustBeTask=false order=ANY topActivity=ComponentInfo{com.miui.home/com.miui.home.launcher.Launcher} launchCookie=null windowingMode=undefined},{NOT atype=undefined independent=true modes=[CHANGE] flags=NONE mustBeTask=false order=ANY topActivity=null launchCookie=null windowingMode=undefined},{NOT atype=undefined independent=true modes=[] flags=NO_ANIMATION mustBeTask=false order=ANY topActivity=null launchCookie=null windowingMode=undefined},{NOT atype=undefined independent=true modes=[] flags=TRANSLUCENT mustBeTask=false order=ANY topActivity=null launchCookie=null windowingMode=undefined},{NOT atype=undefined independent=true modes=[] flags=FILLS_TASK mustBeTask=false order=ANY topActivity=null launchCookie=null windowingMode=undefined}]} RemoteTransition { remoteTransition = android.window.IRemoteTransition$Stub$Proxy@335c8f4, appThread = null, debugName = 10140:26782-com.miui.home.recents.QuickstepAppTransitionManagerImpl$3, hyperRemoteTransition = null }}
02-01 16:13:45.953  5169  5443 V WindowManagerShell:  Checking filter Pair{{types=[] flags=0x0] notFlags=0xb900 checks=[{atype=undefined independent=true modes=[OPEN,TO_FRONT] flags=IS_ELEMENT mustBeTask=false order=ANY topActivity=null launchCookie=null windowingMode=undefined}]} RemoteTransition { remoteTransition = android.window.IRemoteTransition$Stub$Proxy@1d9181d, appThread = null, debugName = 10140:26782-com.miui.home.recents.QuickstepAppTransitionManagerImpl$2, hyperRemoteTransition = null }}
02-01 16:13:45.953  5169  5443 V WindowManagerShell:  Checking filter Pair{{types=[] flags=0x0] notFlags=0xb900 checks=[{NOT atype=undefined independent=true modes=[OPEN,TO_FRONT] flags=NONE mustBeTask=false order=ANY topActivity=null launchCookie=null windowingMode=undefined},{atype=standard independent=false modes=[CLOSE,TO_BACK] flags=FIRST_CUSTOM|FLAG_TRANSIT_IN_SOSC mustBeTask=false order=TOP topActivity=null launchCookie=null windowingMode=undefined}]} RemoteTransition { remoteTransition = android.window.IRemoteTransition$Stub$Proxy@2364a92, appThread = null, debugName = 10140:26782-com.miui.home.recents.QuickstepAppTransitionManagerImpl$1, hyperRemoteTransition = null }}
02-01 16:13:45.953  5169  5443 V WindowManagerShell:  Checking filter Pair{{types=[] flags=0x0] notFlags=0xb900 checks=[{atype=home independent=true modes=[OPEN,TO_FRONT] flags=NONE mustBeTask=false order=ANY topActivity=ComponentInfo{com.miui.home/com.miui.home.launcher.Launcher} launchCookie=null windowingMode=undefined},{atype=standard independent=false modes=[CLOSE,TO_BACK] flags=FIRST_CUSTOM|FLAG_TRANSIT_IN_SOSC mustBeTask=false order=ANY topActivity=null launchCookie=null windowingMode=undefined}]} RemoteTransition { remoteTransition = android.window.IRemoteTransition$Stub$Proxy@ac26c63, appThread = null, debugName = 10140:26782-com.miui.home.recents.QuickstepAppTransitionManagerImpl$1, hyperRemoteTransition = null }}
02-01 16:13:45.953  5169  5443 V WindowManagerShell:  Checking filter Pair{{types=[] flags=0x0] notFlags=0xb900 checks=[{atype=undefined independent=true modes=[CLOSE,TO_BACK] flags=IS_ELEMENT mustBeTask=false order=ANY topActivity=null launchCookie=null windowingMode=undefined}]} RemoteTransition { remoteTransition = android.window.IRemoteTransition$Stub$Proxy@9608060, appThread = null, debugName = 10140:26782-com.miui.home.recents.QuickstepAppTransitionManagerImpl$1, hyperRemoteTransition = null }}
02-01 16:13:45.953  5169  5443 V WindowManagerShell:  Checking filter Pair{{types=[] flags=0x0] notFlags=0xb900 checks=[{atype=home independent=true modes=[OPEN,TO_FRONT] flags=NONE mustBeTask=false order=TOP topActivity=ComponentInfo{com.miui.home/com.miui.home.launcher.Launcher} launchCookie=null windowingMode=undefined},{atype=standard independent=true modes=[CLOSE,TO_BACK] flags=NONE mustBeTask=false order=ANY topActivity=null launchCookie=null windowingMode=undefined},{NOT atype=undefined independent=true modes=[] flags=NONE mustBeTask=false order=ANY topActivity=ComponentInfo{com.android.settings/com.android.settings.provision.ProvisionCongratulationActivity} launchCookie=null windowingMode=undefined},{NOT atype=standard independent=true modes=[TO_FRONT] flags=NONE mustBeTask=false order=TOP topActivity=null launchCookie=null windowingMode=undefined}]} RemoteTransition { remoteTransition = android.window.IRemoteTransition$Stub$Proxy@f741919, appThread = null, debugName = 10140:26782-com.miui.home.recents.QuickstepAppTransitionManagerImpl$1, hyperRemoteTransition = null }}
02-01 16:13:45.953 29310 20529 D MiuiFaceManager: inernational:false supportR:[CN] nowR:CN
02-01 16:13:45.953  5169  5443 V WindowManagerShell:  Delegate animation for (#9357) to null
02-01 16:13:45.953  5169  5443 V WindowManagerShell: start default transition animation, info = {id=9357 t=OPEN f=0x0 trk=0 r=[0@Point(0, 0)] c=[{m=OPEN f=NONE leash=Surface(name=Task=1328#248942)/@0xa20df79 sb=Rect(0, 0 - 1280, 2772) eb=Rect(0, 0 - 1280, 2772) epz=Point(1280, 2772) d=0 taskParent=-1 v=trueMiuiChangeImpl {miuiEmbedding:false, scale:1.0}},{m=TO_BACK f=NONE leash=Surface(name=Task=1322#248317)/@0x274046c sb=Rect(0, 0 - 1280, 2772) eb=Rect(0, 0 - 1280, 2772) epz=Point(1280, 2772) d=0 taskParent=-1 v=falseMiuiChangeImpl {miuiEmbedding:false, scale:1.0}}] mk=[false] noAni=[false] df=[false] rsa=[false] oa=[false] nc=[0] ho=[false] hla=[true] iSync=[-1]}
02-01 16:13:45.953  5169  5443 D TransitionAnimationHelper:  load default animation  type = 1 enter = false animAttr = 9 isTask = true translucent = false
02-01 16:13:45.953 29310 20529 D MiuiFaceManager: inernational:false supportR:[CN] nowR:CN
02-01 16:13:45.953  5169  5443 V WindowManagerShell: loadAnimation: anim=android.view.animation.AnimationSet@23bf80f animAttr=0x9 type=OPEN isEntrance=false
02-01 16:13:45.953  3229  4658 D ScreenCapture: SF-MICapture: Successfully get screenshot results
02-01 16:13:45.953  3229  4658 D WindowManager: snapshot isNothing = false source = Task{e2d8077 #1322 type=standard A=1000:com.android.settings.root}
02-01 16:13:45.953 29310 20529 D MiuiFaceManager: inernational:false supportR:[CN] nowR:CN
02-01 16:13:45.954  5169  5443 I ndroid.systemui: AssetManager2(0xb4000071dfa598d8) locale list changing from [] to [en-US]
02-01 16:13:45.954  3229  4658 D BLASTSyncEngine: [DH_DEBUG]remove timeout #9357 callback=com.android.server.wm.BLASTSyncEngine$SyncGroup$$ExternalSyntheticLambda2@c9e8eac
02-01 16:13:45.954  3229  3313 V WindowManager: Sent Transition (#9357) createdAt=02-01 16:13:45.922 via request=TransitionRequestInfo { type = OPEN, triggerTask = TaskInfo{userId=0 taskId=1328 effectiveUid=10458 displayId=0 isRunning=true baseIntent=Intent { flg=0x10000000 cmp=com.myshop.cafe/.MainActivity } baseActivity=ComponentInfo{com.myshop.cafe/com.myshop.cafe.MainActivity} topActivity=ComponentInfo{com.myshop.cafe/com.myshop.cafe.MainActivity} origActivity=null realActivity=ComponentInfo{com.myshop.cafe/com.myshop.cafe.MainActivity} numActivities=1 lastActiveTime=1436679670 supportsSplitScreenMultiWindow=true mSoScDisplayMode=-1 supportsMultiWindow=true resizeMode=1 isResizeable=true minWidth=-1 minHeight=-1 defaultMinSize=200 token=WCT{RemoteToken{94a4e9d Task{5bbe998 #1328 type=standard A=10458:com.myshop.cafe}}} topActivityType=1 pictureInPictureParams=null shouldDockBigOverlays=false launchIntoPipHostTaskId=-1 lastParentTaskIdBeforePip=-1 displayCutoutSafeInsets=Rect(0, 152 - 0, 0) topActivityInfo=ActivityInfo{208ee3f com.myshop.cafe.MainActivity} launchCookies=[] positionInParent=Point(0, 0) parentTaskId=-1 isFocused=false isVisible=false isVisibleRequested=false isTopActivityNoDisplay=false isSleeping=false locusId=null displayAreaFeatureId=1 isTopActivityTransparent=false isActivityStackTransparent=false lastNonFullscreenBounds=null capturedLink=null capturedLinkTimestamp=0 requestedVisibleTypes=-9 topActivityRequestOpenInBrowserEducationTimestamp=0 appCompatTaskInfo=AppCompatTaskInfo { topActivityInSizeCompat=false eligibleForLetterboxEducation= false topActivityInMiuiSizeCompat=false isLetterboxEducationEnabled= false isLetterboxDoubleTapEnabled= false eligibleForUserAspectRatioButton= false topActivityBoundsLetterboxed= false isFromLetterboxDoubleTap= false topActivityLetterboxVerticalPosition= -1 topActivityLetterboxHorizontalPosition= -1 topActivityLetterboxWidth=-1 topActivityLetterboxHeight=-1 topActivityAppBounds=Rect(0, 152 - 1280, 2720) isUserFullscreenOverrideEnabled=false isSystemFullscreenOverrideEnabled=false hasMinAspectRatioOverride=false topActivityLetterboxBounds=null cameraCompatTaskInfo=CameraCompatTaskInfo { freeformCameraCompatMode=inactive}} isImmersive=false mTopActivityRequestOrientation=-2 mStatusBarParent=null mNavBarParent=null mBehindAppLockPkg=null mOriginatingUid=0 isEmbedded=false shouldBeVisible=true isCreatedByOrganizer=false mIsCastMode=false mTopActivityMediaSize=null mTopActivityRecordName=ActivityRecord{59773706 u0 com.myshop.cafe/.MainActivity t1328} mTopActivityOrientation=-2 topActivityMainWindowFrame=null}, pipChange = null, remoteTransition = null, displayChange = null, flags = 0, debugId = 9357 }
02-01 16:13:45.954  3229  3313 V WindowManager:     startWCT=WindowContainerTransaction { changes= {} hops= [] errorCallbackToken=null taskFragmentOrganizer=null }
02-01 16:13:45.954  3229  3313 V WindowManager:     info={id=9357 t=OPEN f=0x0 trk=0 r=[0@Point(0, 0)] c=[
02-01 16:13:45.954  3229  3313 V WindowManager:         {WCT{RemoteToken{94a4e9d Task{5bbe998 #1328 type=standard A=10458:com.myshop.cafe}}} m=OPEN f=NONE leash=Surface(name=Task=1328#248942)/@0xde1577b sb=Rect(0, 0 - 1280, 2772) eb=Rect(0, 0 - 1280, 2772) epz=Point(1280, 2772) d=0 taskParent=-1 v=trueMiuiChangeImpl {miuiEmbedding:false, scale:1.0}},
02-01 16:13:45.954  3229  3313 V WindowManager:         {WCT{RemoteToken{e7c4eb9 Task{e2d8077 #1322 type=standard A=1000:com.android.settings.root}}} m=TO_BACK f=NONE leash=Surface(name=Task=1322#248317)/@0x1579276 sb=Rect(0, 0 - 1280, 2772) eb=Rect(0, 0 - 1280, 2772) epz=Point(1280, 2772) d=0 taskParent=-1 v=falseMiuiChangeImpl {miuiEmbedding:false, scale:1.0}}] mk=[false] noAni=[false] df=[false] rsa=[false] oa=[false] nc=[0] ho=[false] hla=[true] iSync=[-1
02-01 16:13:45.954  3229  3313 V WindowManager:     ]}
02-01 16:13:45.954 29310 20529 D MiuiFaceManager: inernational:false supportR:[CN] nowR:CN
02-01 16:13:45.954  3229  3385 D WindowManager: wms.Focus not requested for window=Window{63df4ff u0 com.android.settings/com.android.settings.MainSettings} because it has no surface or is not focusable.
02-01 16:13:45.954 29310 20529 D MiuiFaceManager: inernational:false supportR:[CN] nowR:CN
02-01 16:13:45.955  5169  5566 D MiuiCameraCoveredManager: java.lang.NullPointerException: Attempt to invoke virtual method 'java.lang.String android.provider.MiuiSettings$SettingsCloudData$CloudData.getString(java.lang.String, java.lang.String)' on a null object reference
02-01 16:13:45.955  3229  3922 D PreStartingManager: notifyStartingAdded success, preSurfaceControl: null  colorSurfaceControl: Surface(name=PreColorStarting#248946)/@0xc8d3af3
02-01 16:13:45.955  3229  3922 V WindowManager: addWindow: ActivityRecord{59773706 u0 com.myshop.cafe/.MainActivity t1328} startingWindow=Window{ab5b455 u0 Splash Screen com.myshop.cafe} win.mSurfaceControl=Surface(name=ab5b455 Splash Screen com.myshop.cafe#248952)/@0xea82f5b layerId=248952
02-01 16:13:45.955  3229  3922 I MiuiSplitInputMethodImpl: Skpi check shouldUpdateImeTargetForBackScreen.
02-01 16:13:45.956  3229  3922 I MiuiSplitInputMethodImpl: Skpi check shouldUpdateImeTargetForBackScreen.
02-01 16:13:45.956  3229  3922 I MiuiSplitInputMethodImpl: Skpi check shouldUpdateImeTargetForBackScreen.
02-01 16:13:45.956  3229  3922 I MiuiSplitInputMethodImpl: Skpi check shouldUpdateImeTargetForBackScreen.
02-01 16:13:45.956  3229  3922 I MiuiSplitInputMethodImpl: Skpi check shouldUpdateImeTargetForBackScreen.
02-01 16:13:45.956  3229  3922 I MiuiSplitInputMethodImpl: Skpi check shouldUpdateImeTargetForBackScreen.
02-01 16:13:45.956  3229  3922 I MiuiSplitInputMethodImpl: Skpi check shouldUpdateImeTargetForBackScreen.
02-01 16:13:45.956  3229  3922 I MiuiSplitInputMethodImpl: Skpi check shouldUpdateImeTargetForBackScreen.
02-01 16:13:45.956  3229  3922 I MiuiSplitInputMethodImpl: Skpi check shouldUpdateImeTargetForBackScreen.
02-01 16:13:45.956  3229  3922 I MiuiSplitInputMethodImpl: Skpi check shouldUpdateImeTargetForBackScreen.
02-01 16:13:45.956  3229  3922 I MiuiSplitInputMethodImpl: Skpi check shouldUpdateImeTargetForBackScreen.
02-01 16:13:45.956  3229  3922 I MiuiSplitInputMethodImpl: Skpi check shouldUpdateImeTargetForBackScreen.
02-01 16:13:45.956  3229  3922 I MiuiSplitInputMethodImpl: Skpi check shouldUpdateImeTargetForBackScreen.
02-01 16:13:45.956  3229  3922 I WindowManager: Allow fixed rotation for not collecting:ActivityRecord{59773706 u0 com.myshop.cafe/.MainActivity t1328}
02-01 16:13:45.957  5169  5443 I ndroid.systemui: AssetManager2(0xb4000071dfaa7df8) locale list changing from [] to [en-US]
02-01 16:13:45.957  3229  1333 E AppOps  : attributionTag VCN not declared in manifest of android
02-01 16:13:45.958  3229  3385 D WindowManager: wms.Focus not requested for window=Window{63df4ff u0 com.android.settings/com.android.settings.MainSettings} because it has no surface or is not focusable.
02-01 16:13:45.959  5169  5443 D TransitionAnimationHelper:  load default animation  type = 1 enter = true animAttr = 8 isTask = true translucent = false
02-01 16:13:45.959  5169  5443 V WindowManagerShell: loadAnimation: anim=android.view.animation.AnimationSet@b611846 animAttr=0x8 type=OPEN isEntrance=true
02-01 16:13:45.959  2045  2045 D MI-SF   : isTpIdleScene ,mAverageFrameRate is 0, 0 
02-01 16:13:45.959  2045  2045 D MI-SF   : modeGroup0 mIsSupportAutomodeForMaxFpsSetting is 0(0), getCurrentBrightness() = 1628(1080), mIsKeepAutoMode 0 isAutoModeAllowed() 1
02-01 16:13:45.959  2045  2045 D RefreshRateSelector: fixedMode_group: 0, isFindModeGroup 0
02-01 16:13:45.959  2045  2045 D RefreshRateSelector: find max refresh rate:120, mode Group:0
02-01 16:13:45.959  5169  5543 D ShellTransitions: speed ui!!!!!!!!!!!
02-01 16:13:45.959  5169  5443 V WindowManagerShell:  animated by com.android.wm.shell.transition.DefaultTransitionHandler@5cec2ee
02-01 16:13:45.960  5169  5443 I MultiTaskingTaskRepository: onTaskAppeared::taskId = 1328 mTasks: 1322, 1306, 1296, 1274, 882, 8, 7, 6, 5, 4, 3, 
02-01 16:13:45.960  5169  5443 D MultiTaskingTaskRepository: addOrMoveFullscreenTaskToTop::taskId = 1328
02-01 16:13:45.960  5169  5443 D MiuiMultiWindowUtils: supportMultiWindow: isSupportDevice = -1
02-01 16:13:45.960  5169  5443 D MiuiMultiWindowUtils: supportMultiWindow: isSupportDevice = -1
02-01 16:13:45.960  5169  5443 D MiuiMultiWindowRecommendHelper: device not support split screen recommend
02-01 16:13:45.960  3229  3921 I ATMSImpl: cacheTasksForDefaultDisplay size=6 topId=1328
02-01 16:13:45.960  5169  5443 I MultiTaskingTaskInfo: MultiTaskingBaseTaskInfo::update::mTaskBounds = Rect(0, 0 - 1280, 2772), mTaskId = 1328
02-01 16:13:45.960  5169  5443 D MultiTaskingTransitionsHelper: skip updateBaseAnimParam taskId: 1328 pendingTransitions: [] readyDuringSync: [] tracks: [Track #0 activeTransition: {id=9357 t=OPEN f=0x0 trk=0 r=[0@Point(0, 0)] c=[{m=OPEN f=NONE leash=Surface(name=Task=1328#248942)/@0xa20df79 sb=Rect(0, 0 - 1280, 2772) eb=Rect(0, 0 - 1280, 2772) epz=Point(1280, 2772) d=0 taskParent=-1 v=trueMiuiChangeImpl {miuiEmbedding:false, scale:1.0}},{m=TO_BACK f=NONE leash=Surface(name=Task=1322#248317)/@0x274046c sb=Rect(0, 0 - 1280, 2772) eb=Rect(0, 0 - 1280, 2772) epz=Point(1280, 2772) d=0 taskParent=-1 v=falseMiuiChangeImpl {miuiEmbedding:false, scale:1.0}}] mk=[false] noAni=[false] df=[false] rsa=[false] oa=[false] nc=[0] ho=[false] hla=[true] iSync=[-1]}android.os.BinderProxy@6511552 readyTransitions: []Track #1 readyTransitions: []Track #2 readyTransitions: []]
02-01 16:13:45.960  3229  3316 I ATMSImpl: cacheTasksForDefaultDisplay size=6 topId=1328
02-01 16:13:45.960  1817 30472 I MiClstc : DropLayers erase layer 88436
02-01 16:13:45.961  1817  2005 I SDM     : HWDeviceDRM::SetupConcurrentWriteback: Tear down the Concurrent Writeback topology
02-01 16:13:45.961 26782 15447 D EventBus: No subscribers registered for event class com.miui.home.recents.messages.RecentTasksChangedEvent
02-01 16:13:45.961 26782 15447 D EventBus: No subscribers registered for event class org.greenrobot.eventbus.NoSubscriberEvent
02-01 16:13:45.961  5169  5765 D HWUI    : [HWUI] Flag vulkan_enhance_pipeline_cache enabled
02-01 16:13:45.961  5169  5765 D HWUI    : [HWUI] EnhanceVkPipelineCache is enabled
02-01 16:13:45.961  5169  5765 D HWUI    : [HWUI] Flag ddre enabled
02-01 16:13:45.962  3229  4283 D ExternalInterface: setUidState, uid = 10350 allow = false
02-01 16:13:45.962 26782 27007 I MiBridge: requestThreadLevelPro ret: 184449
02-01 16:13:45.962  2479 23680 W MiuiBooster: "MiuiBoosterService requestThreadPriority: 10140, 2, 500, 184449"
02-01 16:13:45.962 26782 27007 D Launcher.Boost: setDynamicVIPTaskIfNeeded::tid = 49350 duration = 500
02-01 16:13:45.962  2479 23680 E MiuiBooster: "MSG_CANCEL_PRIORITY: getpriority failed, 49350, No such process"
02-01 16:13:45.962  5169  5443 I MultiTaskingTaskRepository: try to update multiTaskingTaskInfo taskInfo taskId = 1328
02-01 16:13:45.962  2479  2503 E MiuiBooster: "requestThreadPriority fail:rel=-38,tid=49350,No such process"
02-01 16:13:45.962  5169  5443 I MultiTaskingTaskInfo: MultiTaskingBaseTaskInfo::update::mTaskBounds = Rect(0, 0 - 1280, 2772), mTaskId = 1328
02-01 16:13:45.963 26782 27007 E ActivityManagerWrapper: get all recent tasks force including -1 userId =0
02-01 16:13:45.963  5169  5443 D MultiTaskingAnimTarget: setAnimParam bounds: Rect(0, 0 - 1280, 2772) scaleX: 1.0 scaleY: 1.0
02-01 16:13:45.963  5169  5443 D MultiTaskingAnimTarget: java.lang.Throwable
02-01 16:13:45.963  5169  5443 D MultiTaskingAnimTarget: 	at com.android.wm.shell.multitasking.common.animation.MultiTaskingAnimTarget.setAnimParam(go/retraceme a76872c0cca63111507a066b717e45e36bf3721782c020a9ee74ad218a8186ed:35)
02-01 16:13:45.963  5169  5443 D MultiTaskingAnimTarget: 	at com.android.wm.shell.multitasking.common.animation.MultiTaskingFolmeControl.updateBaseAnimParam(go/retraceme a76872c0cca63111507a066b717e45e36bf3721782c020a9ee74ad218a8186ed:15)
02-01 16:13:45.963  5169  5443 D MultiTaskingAnimTarget: 	at com.android.wm.shell.multitasking.common.taskmanager.MultiTaskingTaskInfo.update(go/retraceme a76872c0cca63111507a066b717e45e36bf3721782c020a9ee74ad218a8186ed:23)
02-01 16:13:45.963  5169  5443 D MultiTaskingAnimTarget: 	at com.android.wm.shell.multitasking.common.taskmanager.MultiTaskingTaskRepository.updateAllPendingBaseAnimParam(go/retraceme a76872c0cca63111507a066b717e45e36bf3721782c020a9ee74ad218a8186ed:60)
02-01 16:13:45.963  5169  5443 D MultiTaskingAnimTarget: 	at com.android.wm.shell.multitasking.common.taskmanager.MultiTaskingTransitionObserver.onTransitionFinished(go/retraceme a76872c0cca63111507a066b717e45e36bf3721782c020a9ee74ad218a8186ed:32)
02-01 16:13:45.963  5169  5443 D MultiTaskingAnimTarget: 	at com.android.wm.shell.transition.Transitions.onFinish(go/retraceme a76872c0cca63111507a066b717e45e36bf3721782c020a9ee74ad218a8186ed:151)
02-01 16:13:45.963  5169  5443 D MultiTaskingAnimTarget: 	at com.android.wm.shell.transition.Transitions.lambda$playTransition$3(go/retraceme a76872c0cca63111507a066b717e45e36bf3721782c020a9ee74ad218a8186ed:1)
02-01 16:13:45.963  5169  5443 D MultiTaskingAnimTarget: 	at com.android.wm.shell.transition.Transitions.$r8$lambda$96XCaSAhJXxB3nlVJy1TNPeH46k(go/retraceme a76872c0cca63111507a066b717e45e36bf3721782c020a9ee74ad218a8186ed:1)
02-01 16:13:45.963  5169  5443 D MultiTaskingAnimTarget: 	at com.android.wm.shell.transition.Transitions$$ExternalSyntheticLambda4.onTransitionFinished(go/retraceme a76872c0cca63111507a066b717e45e36bf3721782c020a9ee74ad218a8186ed:10)
02-01 16:13:45.963  5169  5443 D MultiTaskingAnimTarget: 	at com.android.wm.shell.transition.DefaultTransitionHandler$$ExternalSyntheticLambda0.run(go/retraceme a76872c0cca63111507a066b717e45e36bf3721782c020a9ee74ad218a8186ed:51)
02-01 16:13:45.963  5169  5443 D MultiTaskingAnimTarget: 	at com.android.wm.shell.transition.DefaultSurfaceAnimator$$ExternalSyntheticLambda1.run(go/retraceme a76872c0cca63111507a066b717e45e36bf3721782c020a9ee74ad218a8186ed:15)
02-01 16:13:45.963  5169  5443 D MultiTaskingAnimTarget: 	at android.os.Handler.handleCallback(Handler.java:995)
02-01 16:13:45.963  5169  5443 D MultiTaskingAnimTarget: 	at android.os.Handler.dispatchMessage(Handler.java:103)
02-01 16:13:45.963  5169  5443 D MultiTaskingAnimTarget: 	at android.os.Looper.loopOnce(Looper.java:265)
02-01 16:13:45.963  5169  5443 D MultiTaskingAnimTarget: 	at android.os.Looper.loop(Looper.java:358)
